../Hardware/Src/lcd7735.c:9:6:LCD_WR_REG	16	static
../Hardware/Src/lcd7735.c:18:6:LCD_WR_DATA	16	static
../Hardware/Src/lcd7735.c:28:6:LCD_WriteReg	16	static
../Hardware/Src/lcd7735.c:35:6:LCD_WriteRAM_Prepare	8	static
../Hardware/Src/lcd7735.c:41:6:Lcd_WriteData_16Bit	16	static
../Hardware/Src/lcd7735.c:50:6:LCD_DrawPoint	16	static
../Hardware/Src/lcd7735.c:58:6:LCD_Clear	24	static
../Hardware/Src/lcd7735.c:75:6:LCD_RESET	8	static
../Hardware/Src/lcd7735.c:83:6:LCD_Init	8	static
../Hardware/Src/lcd7735.c:185:6:LCD_SetWindows	24	static
../Hardware/Src/lcd7735.c:204:6:LCD_SetCursor	16	static
../Hardware/Src/lcd7735.c:212:6:LCD_direction	16	static
