../Hardware/Src/ssd1309.c:36:6:ssd1309_Reset	8	static
../Hardware/Src/ssd1309.c:48:6:ssd1309_WriteCommand	16	static
../Hardware/Src/ssd1309.c:56:6:ssd1309_WriteData	16	static
../Hardware/Src/ssd1309.c:75:17:ssd1309_FillBuffer	24	static
../Hardware/Src/ssd1309.c:86:6:ssd1309_Init	8	static
../Hardware/Src/ssd1309.c:188:6:ssd1309_Fill	24	static
../Hardware/Src/ssd1309.c:198:6:ssd1309_UpdateScreen	16	static
../Hardware/Src/ssd1309.c:218:6:ssd1309_DrawPixel	16	static
../Hardware/Src/ssd1309.c:237:6:ssd1309_WriteChar	48	static
../Hardware/Src/ssd1309.c:273:6:ssd1309_WriteString	24	static
../Hardware/Src/ssd1309.c:290:6:ssd1309_SetCursor	16	static
../Hardware/Src/ssd1309.c:297:6:ssd1309_Line	48	static
../Hardware/Src/ssd1309.c:334:6:ssd1309_Polyline	40	static
../Hardware/Src/ssd1309.c:349:14:ssd1309_DegToRad	16	static
../Hardware/Src/ssd1309.c:355:17:ssd1309_NormalizeTo0_360	24	static
../Hardware/Src/ssd1309.c:374:6:ssd1309_DrawArc	56	static
../Hardware/Src/ssd1309.c:412:6:ssd1309_DrawCircle	40	static
../Hardware/Src/ssd1309.c:458:6:ssd1309_DrawRectangle	32	static
../Hardware/Src/ssd1309.c:470:6:ssd1309_DrawBitmap	24	static
../Hardware/Src/ssd1309.c:493:6:ssd1309_SetContrast	24	static
../Hardware/Src/ssd1309.c:499:6:ssd1309_SetDisplayOn	24	static
../Hardware/Src/ssd1309.c:511:9:ssd1309_GetDisplayOn	4	static
../Hardware/Src/ssd1309.c:516:6:ssd1309_TestFPS	112	static
../Hardware/Src/ssd1309.c:554:6:ssd1309_TestFonts	16	static
../Hardware/Src/ssd1309.c:584:6:ssd1309_TestBorder	24	static
../Hardware/Src/ssd1309.c:614:6:ssd1309_TestLine	16	static
../Hardware/Src/ssd1309.c:622:6:ssd1309_TestRectangle	32	static
../Hardware/Src/ssd1309.c:632:6:ssd1309_TestCircle	16	static
../Hardware/Src/ssd1309.c:642:6:ssd1309_TestArc	16	static
../Hardware/Src/ssd1309.c:649:6:ssd1309_TestPolyline	32	static
../Hardware/Src/ssd1309.c:667:6:ssd1309_TestAll	8	static
