Archive member included to satisfy reference by file (symbol)

c:/st/stm32cubeide_1.10.1/stm32cubeide/plugins/com.st.stm32cube.ide.mcu.externaltools.gnu-tools-for-stm32.10.3-2021.10.win32_1.0.0.202111181127/tools/bin/../lib/gcc/arm-none-eabi/10.3.1/../../../../arm-none-eabi/lib/thumb/v7e-m+fp/hard\libc_nano.a(lib_a-errno.o)
                              ./Core/Src/syscalls.o (__errno)
c:/st/stm32cubeide_1.10.1/stm32cubeide/plugins/com.st.stm32cube.ide.mcu.externaltools.gnu-tools-for-stm32.10.3-2021.10.win32_1.0.0.202111181127/tools/bin/../lib/gcc/arm-none-eabi/10.3.1/../../../../arm-none-eabi/lib/thumb/v7e-m+fp/hard\libc_nano.a(lib_a-exit.o)
                              c:/st/stm32cubeide_1.10.1/stm32cubeide/plugins/com.st.stm32cube.ide.mcu.externaltools.gnu-tools-for-stm32.10.3-2021.10.win32_1.0.0.202111181127/tools/bin/../lib/gcc/arm-none-eabi/10.3.1/../../../../arm-none-eabi/lib/thumb/v7e-m+fp/hard/crt0.o (exit)
c:/st/stm32cubeide_1.10.1/stm32cubeide/plugins/com.st.stm32cube.ide.mcu.externaltools.gnu-tools-for-stm32.10.3-2021.10.win32_1.0.0.202111181127/tools/bin/../lib/gcc/arm-none-eabi/10.3.1/../../../../arm-none-eabi/lib/thumb/v7e-m+fp/hard\libc_nano.a(lib_a-impure.o)
                              c:/st/stm32cubeide_1.10.1/stm32cubeide/plugins/com.st.stm32cube.ide.mcu.externaltools.gnu-tools-for-stm32.10.3-2021.10.win32_1.0.0.202111181127/tools/bin/../lib/gcc/arm-none-eabi/10.3.1/../../../../arm-none-eabi/lib/thumb/v7e-m+fp/hard\libc_nano.a(lib_a-exit.o) (_global_impure_ptr)
c:/st/stm32cubeide_1.10.1/stm32cubeide/plugins/com.st.stm32cube.ide.mcu.externaltools.gnu-tools-for-stm32.10.3-2021.10.win32_1.0.0.202111181127/tools/bin/../lib/gcc/arm-none-eabi/10.3.1/../../../../arm-none-eabi/lib/thumb/v7e-m+fp/hard\libc_nano.a(lib_a-init.o)
                              c:/st/stm32cubeide_1.10.1/stm32cubeide/plugins/com.st.stm32cube.ide.mcu.externaltools.gnu-tools-for-stm32.10.3-2021.10.win32_1.0.0.202111181127/tools/bin/../lib/gcc/arm-none-eabi/10.3.1/../../../../arm-none-eabi/lib/thumb/v7e-m+fp/hard/crt0.o (__libc_init_array)
c:/st/stm32cubeide_1.10.1/stm32cubeide/plugins/com.st.stm32cube.ide.mcu.externaltools.gnu-tools-for-stm32.10.3-2021.10.win32_1.0.0.202111181127/tools/bin/../lib/gcc/arm-none-eabi/10.3.1/../../../../arm-none-eabi/lib/thumb/v7e-m+fp/hard\libc_nano.a(lib_a-memcpy-stub.o)
                              ./Hardware/Src/ssd1309.o (memcpy)
c:/st/stm32cubeide_1.10.1/stm32cubeide/plugins/com.st.stm32cube.ide.mcu.externaltools.gnu-tools-for-stm32.10.3-2021.10.win32_1.0.0.202111181127/tools/bin/../lib/gcc/arm-none-eabi/10.3.1/../../../../arm-none-eabi/lib/thumb/v7e-m+fp/hard\libc_nano.a(lib_a-memmove.o)
                              ./Hardware/Src/ssd1309.o (memmove)
c:/st/stm32cubeide_1.10.1/stm32cubeide/plugins/com.st.stm32cube.ide.mcu.externaltools.gnu-tools-for-stm32.10.3-2021.10.win32_1.0.0.202111181127/tools/bin/../lib/gcc/arm-none-eabi/10.3.1/../../../../arm-none-eabi/lib/thumb/v7e-m+fp/hard\libc_nano.a(lib_a-memset.o)
                              c:/st/stm32cubeide_1.10.1/stm32cubeide/plugins/com.st.stm32cube.ide.mcu.externaltools.gnu-tools-for-stm32.10.3-2021.10.win32_1.0.0.202111181127/tools/bin/../lib/gcc/arm-none-eabi/10.3.1/../../../../arm-none-eabi/lib/thumb/v7e-m+fp/hard/crt0.o (memset)
c:/st/stm32cubeide_1.10.1/stm32cubeide/plugins/com.st.stm32cube.ide.mcu.externaltools.gnu-tools-for-stm32.10.3-2021.10.win32_1.0.0.202111181127/tools/bin/../lib/gcc/arm-none-eabi/10.3.1/../../../../arm-none-eabi/lib/thumb/v7e-m+fp/hard\libc_nano.a(lib_a-snprintf.o)
                              ./Hardware/Src/ssd1309.o (snprintf)
c:/st/stm32cubeide_1.10.1/stm32cubeide/plugins/com.st.stm32cube.ide.mcu.externaltools.gnu-tools-for-stm32.10.3-2021.10.win32_1.0.0.202111181127/tools/bin/../lib/gcc/arm-none-eabi/10.3.1/../../../../arm-none-eabi/lib/thumb/v7e-m+fp/hard\libc_nano.a(lib_a-strlen.o)
                              ./Midware/Src/GUI.o (strlen)
c:/st/stm32cubeide_1.10.1/stm32cubeide/plugins/com.st.stm32cube.ide.mcu.externaltools.gnu-tools-for-stm32.10.3-2021.10.win32_1.0.0.202111181127/tools/bin/../lib/gcc/arm-none-eabi/10.3.1/../../../../arm-none-eabi/lib/thumb/v7e-m+fp/hard\libc_nano.a(lib_a-nano-svfprintf.o)
                              c:/st/stm32cubeide_1.10.1/stm32cubeide/plugins/com.st.stm32cube.ide.mcu.externaltools.gnu-tools-for-stm32.10.3-2021.10.win32_1.0.0.202111181127/tools/bin/../lib/gcc/arm-none-eabi/10.3.1/../../../../arm-none-eabi/lib/thumb/v7e-m+fp/hard\libc_nano.a(lib_a-snprintf.o) (_svfprintf_r)
c:/st/stm32cubeide_1.10.1/stm32cubeide/plugins/com.st.stm32cube.ide.mcu.externaltools.gnu-tools-for-stm32.10.3-2021.10.win32_1.0.0.202111181127/tools/bin/../lib/gcc/arm-none-eabi/10.3.1/../../../../arm-none-eabi/lib/thumb/v7e-m+fp/hard\libc_nano.a(lib_a-nano-vfprintf_i.o)
[...]
Memory Configuration

Name             Origin             Length             Attributes
CCMRAM           0x0000000010000000 0x0000000000001000 xrw
RAM              0x0000000020000000 0x0000000000003000 xrw
FLASH            0x0000000008000000 0x0000000000010000 xr
*default*        0x0000000000000000 0xffffffffffffffff

Linker script and memory map

LOAD c:/st/stm32cubeide_1.10.1/stm32cubeide/plugins/com.st.stm32cube.ide.mcu.externaltools.gnu-tools-for-stm32.10.3-2021.10.win32_1.0.0.202111181127/tools/bin/../lib/gcc/arm-none-eabi/10.3.1/thumb/v7e-m+fp/hard/crti.o
LOAD c:/st/stm32cubeide_1.10.1/stm32cubeide/plugins/com.st.stm32cube.ide.mcu.externaltools.gnu-tools-for-stm32.10.3-2021.10.win32_1.0.0.202111181127/tools/bin/../lib/gcc/arm-none-eabi/10.3.1/thumb/v7e-m+fp/hard/crtbegin.o
LOAD c:/st/stm32cubeide_1.10.1/stm32cubeide/plugins/com.st.stm32cube.ide.mcu.externaltools.gnu-tools-for-stm32.10.3-2021.10.win32_1.0.0.202111181127/tools/bin/../lib/gcc/arm-none-eabi/10.3.1/../../../../arm-none-eabi/lib/thumb/v7e-m+fp/hard/crt0.o
LOAD ./Basic/Src/i2c.o
LOAD ./Basic/Src/spi.o
LOAD ./Basic/Src/sys.o
LOAD ./Core/Src/main.o
LOAD ./Core/Src/stm32f3xx_hal_msp.o
LOAD ./Core/Src/stm32f3xx_it.o
LOAD ./Core/Src/syscalls.o
LOAD ./Core/Src/sysmem.o
LOAD ./Core/Src/system_stm32f3xx.o
LOAD ./Core/Startup/startup_stm32f334r8tx.o
LOAD ./Drivers/STM32F3xx_HAL_Driver/Src/stm32f3xx_hal.o
LOAD ./Drivers/STM32F3xx_HAL_Driver/Src/stm32f3xx_hal_cortex.o
LOAD ./Drivers/STM32F3xx_HAL_Driver/Src/stm32f3xx_hal_dma.o
LOAD ./Drivers/STM32F3xx_HAL_Driver/Src/stm32f3xx_hal_exti.o
LOAD ./Drivers/STM32F3xx_HAL_Driver/Src/stm32f3xx_hal_flash.o
LOAD ./Drivers/STM32F3xx_HAL_Driver/Src/stm32f3xx_hal_flash_ex.o
LOAD ./Drivers/STM32F3xx_HAL_Driver/Src/stm32f3xx_hal_gpio.o
LOAD ./Drivers/STM32F3xx_HAL_Driver/Src/stm32f3xx_hal_i2c.o
LOAD ./Drivers/STM32F3xx_HAL_Driver/Src/stm32f3xx_hal_i2c_ex.o
LOAD ./Drivers/STM32F3xx_HAL_Driver/Src/stm32f3xx_hal_pwr.o
LOAD ./Drivers/STM32F3xx_HAL_Driver/Src/stm32f3xx_hal_pwr_ex.o
LOAD ./Drivers/STM32F3xx_HAL_Driver/Src/stm32f3xx_hal_rcc.o
LOAD ./Drivers/STM32F3xx_HAL_Driver/Src/stm32f3xx_hal_rcc_ex.o
LOAD ./Drivers/STM32F3xx_HAL_Driver/Src/stm32f3xx_hal_spi.o
LOAD ./Drivers/STM32F3xx_HAL_Driver/Src/stm32f3xx_hal_spi_ex.o
LOAD ./Drivers/STM32F3xx_HAL_Driver/Src/stm32f3xx_hal_tim.o
LOAD ./Drivers/STM32F3xx_HAL_Driver/Src/stm32f3xx_hal_tim_ex.o
LOAD ./Drivers/STM32F3xx_HAL_Driver/Src/stm32f3xx_hal_uart.o
LOAD ./Drivers/STM32F3xx_HAL_Driver/Src/stm32f3xx_hal_uart_ex.o
LOAD ./Hardware/Src/lcd7735.o
LOAD ./Hardware/Src/ssd1309.o
LOAD ./Hardware/Src/ssd1309_fonts.o
LOAD ./Midware/Src/GUI.o
START GROUP
LOAD c:/st/stm32cubeide_1.10.1/stm32cubeide/plugins/com.st.stm32cube.ide.mcu.externaltools.gnu-tools-for-stm32.10.3-2021.10.win32_1.0.0.202111181127/tools/bin/../lib/gcc/arm-none-eabi/10.3.1/../../../../arm-none-eabi/lib/thumb/v7e-m+fp/hard\libc_nano.a
LOAD c:/st/stm32cubeide_1.10.1/stm32cubeide/plugins/com.st.stm32cube.ide.mcu.externaltools.gnu-tools-for-stm32.10.3-2021.10.win32_1.0.0.202111181127/tools/bin/../lib/gcc/arm-none-eabi/10.3.1/../../../../arm-none-eabi/lib/thumb/v7e-m+fp/hard\libm.a
END GROUP
START GROUP
LOAD c:/st/stm32cubeide_1.10.1/stm32cubeide/plugins/com.st.stm32cube.ide.mcu.externaltools.gnu-tools-for-stm32.10.3-2021.10.win32_1.0.0.202111181127/tools/bin/../lib/gcc/arm-none-eabi/10.3.1/thumb/v7e-m+fp/hard\libgcc.a
LOAD c:/st/stm32cubeide_1.10.1/stm32cubeide/plugins/com.st.stm32cube.ide.mcu.externaltools.gnu-tools-for-stm32.10.3-2021.10.win32_1.0.0.202111181127/tools/bin/../lib/gcc/arm-none-eabi/10.3.1/../../../../arm-none-eabi/lib/thumb/v7e-m+fp/hard\libc_nano.a
END GROUP
START GROUP
LOAD c:/st/stm32cubeide_1.10.1/stm32cubeide/plugins/com.st.stm32cube.ide.mcu.externaltools.gnu-tools-for-stm32.10.3-2021.10.win32_1.0.0.202111181127/tools/bin/../lib/gcc/arm-none-eabi/10.3.1/thumb/v7e-m+fp/hard\libgcc.a
LOAD c:/st/stm32cubeide_1.10.1/stm32cubeide/plugins/com.st.stm32cube.ide.mcu.externaltools.gnu-tools-for-stm32.10.3-2021.10.win32_1.0.0.202111181127/tools/bin/../lib/gcc/arm-none-eabi/10.3.1/../../../../arm-none-eabi/lib/thumb/v7e-m+fp/hard\libc_nano.a
LOAD c:/st/stm32cubeide_1.10.1/stm32cubeide/plugins/com.st.stm32cube.ide.mcu.externaltools.gnu-tools-for-stm32.10.3-2021.10.win32_1.0.0.202111181127/tools/bin/../lib/gcc/arm-none-eabi/10.3.1/../../../../arm-none-eabi/lib/thumb/v7e-m+fp/hard\libnosys.a
END GROUP
START GROUP
LOAD c:/st/stm32cubeide_1.10.1/stm32cubeide/plugins/com.st.stm32cube.ide.mcu.externaltools.gnu-tools-for-stm32.10.3-2021.10.win32_1.0.0.202111181127/tools/bin/../lib/gcc/arm-none-eabi/10.3.1/thumb/v7e-m+fp/hard\libgcc.a
LOAD c:/st/stm32cubeide_1.10.1/stm32cubeide/plugins/com.st.stm32cube.ide.mcu.externaltools.gnu-tools-for-stm32.10.3-2021.10.win32_1.0.0.202111181127/tools/bin/../lib/gcc/arm-none-eabi/10.3.1/../../../../arm-none-eabi/lib/thumb/v7e-m+fp/hard\libc_nano.a
LOAD c:/st/stm32cubeide_1.10.1/stm32cubeide/plugins/com.st.stm32cube.ide.mcu.externaltools.gnu-tools-for-stm32.10.3-2021.10.win32_1.0.0.202111181127/tools/bin/../lib/gcc/arm-none-eabi/10.3.1/../../../../arm-none-eabi/lib/thumb/v7e-m+fp/hard\libnosys.a
END GROUP
LOAD c:/st/stm32cubeide_1.10.1/stm32cubeide/plugins/com.st.stm32cube.ide.mcu.externaltools.gnu-tools-for-stm32.10.3-2021.10.win32_1.0.0.202111181127/tools/bin/../lib/gcc/arm-none-eabi/10.3.1/thumb/v7e-m+fp/hard/crtend.o
LOAD c:/st/stm32cubeide_1.10.1/stm32cubeide/plugins/com.st.stm32cube.ide.mcu.externaltools.gnu-tools-for-stm32.10.3-2021.10.win32_1.0.0.202111181127/tools/bin/../lib/gcc/arm-none-eabi/10.3.1/thumb/v7e-m+fp/hard/crtn.o
                0x0000000020003000                _estack = (ORIGIN (RAM) + LENGTH (RAM))
                0x0000000000000200                _Min_Heap_Size = 0x200
                0x0000000000000400                _Min_Stack_Size = 0x400

.isr_vector     0x0000000008000000      0x188
                0x0000000008000000                . = ALIGN (0x4)
 *(.isr_vector)
 .isr_vector    0x0000000008000000      0x188 ./Core/Startup/startup_stm32f334r8tx.o
                0x0000000008000000                g_pfnVectors
                0x0000000008000188                . = ALIGN (0x4)

.text           0x0000000008000188     0x41f8
                0x0000000008000188                . = ALIGN (0x4)
 *(.text)
 .text          0x0000000008000188       0x40 c:/st/stm32cubeide_1.10.1/stm32cubeide/plugins/com.st.stm32cube.ide.mcu.externaltools.gnu-tools-for-stm32.10.3-2021.10.win32_1.0.0.202111181127/tools/bin/../lib/gcc/arm-none-eabi/10.3.1/thumb/v7e-m+fp/hard/crtbegin.o
 *(.text*)
 .text.MX_I2C1_Init
                0x00000000080001c8       0x80 ./Basic/Src/i2c.o
                0x00000000080001c8                MX_I2C1_Init
 .text.MX_SPI1_Init
                0x0000000008000248       0x80 ./Basic/Src/spi.o
                0x0000000008000248                MX_SPI1_Init
 .text.main     0x00000000080002c8       0x3c ./Core/Src/main.o
                0x00000000080002c8                main
 .text.SystemClock_Config
                0x0000000008000304       0xb8 ./Core/Src/main.o
                0x0000000008000304                SystemClock_Config
 .text.MX_TIM1_Init
                0x00000000080003bc      0x120 ./Core/Src/main.o
 .text.MX_TIM2_Init
                0x00000000080004dc       0x98 ./Core/Src/main.o
 .text.MX_USART2_UART_Init
                0x0000000008000574       0x60 ./Core/Src/main.o
 .text.MX_GPIO_Init
                0x00000000080005d4       0xfc ./Core/Src/main.o
 .text.Error_Handler
                0x00000000080006d0        0xa ./Core/Src/main.o
                0x00000000080006d0                Error_Handler
 *fill*         0x00000000080006da        0x2 
 .text.HAL_MspInit
                0x00000000080006dc       0x48 ./Core/Src/stm32f3xx_hal_msp.o
                0x00000000080006dc                HAL_MspInit
 .text.HAL_I2C_MspInit
                0x0000000008000724       0xc4 ./Core/Src/stm32f3xx_hal_msp.o
                0x0000000008000724                HAL_I2C_MspInit
 .text.HAL_SPI_MspInit
                0x00000000080007e8       0x84 ./Core/Src/stm32f3xx_hal_msp.o
                0x00000000080007e8                HAL_SPI_MspInit
 .text.HAL_TIM_PWM_MspInit
                0x000000000800086c       0x40 ./Core/Src/stm32f3xx_hal_msp.o
                0x000000000800086c                HAL_TIM_PWM_MspInit
 .text.HAL_TIM_Base_MspInit
                0x00000000080008ac       0x3c ./Core/Src/stm32f3xx_hal_msp.o
                0x00000000080008ac                HAL_TIM_Base_MspInit
 .text.HAL_TIM_MspPostInit
                0x00000000080008e8       0xac ./Core/Src/stm32f3xx_hal_msp.o
                0x00000000080008e8                HAL_TIM_MspPostInit
 .text.HAL_UART_MspInit
                0x0000000008000994       0x84 ./Core/Src/stm32f3xx_hal_msp.o
                0x0000000008000994                HAL_UART_MspInit
 .text.NMI_Handler
                0x0000000008000a18        0x6 ./Core/Src/stm32f3xx_it.o
                0x0000000008000a18                NMI_Handler
 .text.HardFault_Handler
                0x0000000008000a1e        0x6 ./Core/Src/stm32f3xx_it.o
                0x0000000008000a1e                HardFault_Handler
 .text.MemManage_Handler
                0x0000000008000a24        0x6 ./Core/Src/stm32f3xx_it.o
                0x0000000008000a24                MemManage_Handler
 .text.BusFault_Handler
                0x0000000008000a2a        0x6 ./Core/Src/stm32f3xx_it.o
                0x0000000008000a2a                BusFault_Handler
 .text.UsageFault_Handler
                0x0000000008000a30        0x6 ./Core/Src/stm32f3xx_it.o
                0x0000000008000a30                UsageFault_Handler
 .text.SVC_Handler
                0x0000000008000a36        0xe ./Core/Src/stm32f3xx_it.o
                0x0000000008000a36                SVC_Handler
 .text.DebugMon_Handler
                0x0000000008000a44        0xe ./Core/Src/stm32f3xx_it.o
                0x0000000008000a44                DebugMon_Handler
 .text.PendSV_Handler
                0x0000000008000a52        0xe ./Core/Src/stm32f3xx_it.o
                0x0000000008000a52                PendSV_Handler
 .text.SysTick_Handler
                0x0000000008000a60        0xc ./Core/Src/stm32f3xx_it.o
                0x0000000008000a60                SysTick_Handler
 .text.SystemInit
                0x0000000008000a6c       0x24 ./Core/Src/system_stm32f3xx.o
                0x0000000008000a6c                SystemInit
 .text.Reset_Handler
                0x0000000008000a90       0x50 ./Core/Startup/startup_stm32f334r8tx.o
                0x0000000008000a90                Reset_Handler
 .text.Default_Handler
                0x0000000008000ae0        0x2 ./Core/Startup/startup_stm32f334r8tx.o
                0x0000000008000ae0                RTC_Alarm_IRQHandler
                0x0000000008000ae0                HRTIM1_Master_IRQHandler
                0x0000000008000ae0                TIM1_CC_IRQHandler
                0x0000000008000ae0                HRTIM1_FLT_IRQHandler
                0x0000000008000ae0                PVD_IRQHandler
                0x0000000008000ae0                HRTIM1_TIMD_IRQHandler
                0x0000000008000ae0                TAMP_STAMP_IRQHandler
                0x0000000008000ae0                EXTI3_IRQHandler
                0x0000000008000ae0                EXTI0_IRQHandler
                0x0000000008000ae0                FPU_IRQHandler
                0x0000000008000ae0                CAN_TX_IRQHandler
                0x0000000008000ae0                TIM1_UP_TIM16_IRQHandler
                0x0000000008000ae0                ADC1_2_IRQHandler
                0x0000000008000ae0                HRTIM1_TIME_IRQHandler
                0x0000000008000ae0                SPI1_IRQHandler
                0x0000000008000ae0                CAN_SCE_IRQHandler
                0x0000000008000ae0                HRTIM1_TIMC_IRQHandler
                0x0000000008000ae0                DMA1_Channel4_IRQHandler
                0x0000000008000ae0                USART3_IRQHandler
                0x0000000008000ae0                DMA1_Channel7_IRQHandler
                0x0000000008000ae0                TIM7_DAC2_IRQHandler
                0x0000000008000ae0                CAN_RX1_IRQHandler
                0x0000000008000ae0                I2C1_EV_IRQHandler
                0x0000000008000ae0                DMA1_Channel6_IRQHandler
                0x0000000008000ae0                TIM3_IRQHandler
                0x0000000008000ae0                RCC_IRQHandler
                0x0000000008000ae0                DMA1_Channel1_IRQHandler
                0x0000000008000ae0                Default_Handler
                0x0000000008000ae0                EXTI15_10_IRQHandler
                0x0000000008000ae0                COMP2_IRQHandler
                0x0000000008000ae0                HRTIM1_TIMA_IRQHandler
                0x0000000008000ae0                TIM6_DAC1_IRQHandler
                0x0000000008000ae0                EXTI9_5_IRQHandler
                0x0000000008000ae0                RTC_WKUP_IRQHandler
                0x0000000008000ae0                DMA1_Channel5_IRQHandler
                0x0000000008000ae0                EXTI4_IRQHandler
                0x0000000008000ae0                HRTIM1_TIMB_IRQHandler
                0x0000000008000ae0                TIM1_TRG_COM_TIM17_IRQHandler
                0x0000000008000ae0                DMA1_Channel3_IRQHandler
                0x0000000008000ae0                WWDG_IRQHandler
                0x0000000008000ae0                TIM2_IRQHandler
                0x0000000008000ae0                EXTI1_IRQHandler
                0x0000000008000ae0                COMP4_6_IRQHandler
                0x0000000008000ae0                USART2_IRQHandler
                0x0000000008000ae0                DMA1_Channel2_IRQHandler
                0x0000000008000ae0                FLASH_IRQHandler
                0x0000000008000ae0                USART1_IRQHandler
                0x0000000008000ae0                CAN_RX0_IRQHandler
                0x0000000008000ae0                I2C1_ER_IRQHandler
                0x0000000008000ae0                EXTI2_TSC_IRQHandler
                0x0000000008000ae0                TIM1_BRK_TIM15_IRQHandler
 *fill*         0x0000000008000ae2        0x2 
 .text.HAL_Init
                0x0000000008000ae4       0x2c ./Drivers/STM32F3xx_HAL_Driver/Src/stm32f3xx_hal.o
                0x0000000008000ae4                HAL_Init
 .text.HAL_InitTick
                0x0000000008000b10       0x60 ./Drivers/STM32F3xx_HAL_Driver/Src/stm32f3xx_hal.o
                0x0000000008000b10                HAL_InitTick
 .text.HAL_IncTick
                0x0000000008000b70       0x28 ./Drivers/STM32F3xx_HAL_Driver/Src/stm32f3xx_hal.o
                0x0000000008000b70                HAL_IncTick
 .text.HAL_GetTick
                0x0000000008000b98       0x18 ./Drivers/STM32F3xx_HAL_Driver/Src/stm32f3xx_hal.o
                0x0000000008000b98                HAL_GetTick
 .text.__NVIC_SetPriorityGrouping
                0x0000000008000bb0       0x48 ./Drivers/STM32F3xx_HAL_Driver/Src/stm32f3xx_hal_cortex.o
 .text.__NVIC_GetPriorityGrouping
                0x0000000008000bf8       0x1c ./Drivers/STM32F3xx_HAL_Driver/Src/stm32f3xx_hal_cortex.o
 .text.__NVIC_SetPriority
                0x0000000008000c14       0x54 ./Drivers/STM32F3xx_HAL_Driver/Src/stm32f3xx_hal_cortex.o
 .text.NVIC_EncodePriority
                0x0000000008000c68       0x66 ./Drivers/STM32F3xx_HAL_Driver/Src/stm32f3xx_hal_cortex.o
 *fill*         0x0000000008000cce        0x2 
 .text.SysTick_Config
                0x0000000008000cd0       0x44 ./Drivers/STM32F3xx_HAL_Driver/Src/stm32f3xx_hal_cortex.o
 .text.HAL_NVIC_SetPriorityGrouping
                0x0000000008000d14       0x16 ./Drivers/STM32F3xx_HAL_Driver/Src/stm32f3xx_hal_cortex.o
                0x0000000008000d14                HAL_NVIC_SetPriorityGrouping
 .text.HAL_NVIC_SetPriority
                0x0000000008000d2a       0x38 ./Drivers/STM32F3xx_HAL_Driver/Src/stm32f3xx_hal_cortex.o
                0x0000000008000d2a                HAL_NVIC_SetPriority
 .text.HAL_SYSTICK_Config
                0x0000000008000d62       0x18 ./Drivers/STM32F3xx_HAL_Driver/Src/stm32f3xx_hal_cortex.o
                0x0000000008000d62                HAL_SYSTICK_Config
 *fill*         0x0000000008000d7a        0x2 
 .text.HAL_GPIO_Init
                0x0000000008000d7c      0x2e4 ./Drivers/STM32F3xx_HAL_Driver/Src/stm32f3xx_hal_gpio.o
                0x0000000008000d7c                HAL_GPIO_Init
 .text.HAL_GPIO_WritePin
                0x0000000008001060       0x30 ./Drivers/STM32F3xx_HAL_Driver/Src/stm32f3xx_hal_gpio.o
                0x0000000008001060                HAL_GPIO_WritePin
 .text.HAL_I2C_Init
                0x0000000008001090      0x11e ./Drivers/STM32F3xx_HAL_Driver/Src/stm32f3xx_hal_i2c.o
                0x0000000008001090                HAL_I2C_Init
 .text.HAL_I2CEx_ConfigAnalogFilter
                0x00000000080011ae       0x96 ./Drivers/STM32F3xx_HAL_Driver/Src/stm32f3xx_hal_i2c_ex.o
                0x00000000080011ae                HAL_I2CEx_ConfigAnalogFilter
 .text.HAL_I2CEx_ConfigDigitalFilter
                0x0000000008001244       0x98 ./Drivers/STM32F3xx_HAL_Driver/Src/stm32f3xx_hal_i2c_ex.o
                0x0000000008001244                HAL_I2CEx_ConfigDigitalFilter
 .text.HAL_RCC_OscConfig
                0x00000000080012dc     0x107c ./Drivers/STM32F3xx_HAL_Driver/Src/stm32f3xx_hal_rcc.o
                0x00000000080012dc                HAL_RCC_OscConfig
 .text.HAL_RCC_ClockConfig
                0x0000000008002358      0x2f8 ./Drivers/STM32F3xx_HAL_Driver/Src/stm32f3xx_hal_rcc.o
                0x0000000008002358                HAL_RCC_ClockConfig
 .text.HAL_RCC_GetSysClockFreq
                0x0000000008002650       0xd4 ./Drivers/STM32F3xx_HAL_Driver/Src/stm32f3xx_hal_rcc.o
                0x0000000008002650                HAL_RCC_GetSysClockFreq
 .text.HAL_RCC_GetHCLKFreq
                0x0000000008002724       0x18 ./Drivers/STM32F3xx_HAL_Driver/Src/stm32f3xx_hal_rcc.o
                0x0000000008002724                HAL_RCC_GetHCLKFreq
 .text.HAL_RCC_GetPCLK1Freq
                0x000000000800273c       0x44 ./Drivers/STM32F3xx_HAL_Driver/Src/stm32f3xx_hal_rcc.o
                0x000000000800273c                HAL_RCC_GetPCLK1Freq
 .text.HAL_RCC_GetPCLK2Freq
                0x0000000008002780       0x44 ./Drivers/STM32F3xx_HAL_Driver/Src/stm32f3xx_hal_rcc.o
                0x0000000008002780                HAL_RCC_GetPCLK2Freq
 .text.HAL_RCCEx_PeriphCLKConfig
                0x00000000080027c4      0x26c ./Drivers/STM32F3xx_HAL_Driver/Src/stm32f3xx_hal_rcc_ex.o
                0x00000000080027c4                HAL_RCCEx_PeriphCLKConfig
 .text.HAL_SPI_Init
                0x0000000008002a30      0x146 ./Drivers/STM32F3xx_HAL_Driver/Src/stm32f3xx_hal_spi.o
                0x0000000008002a30                HAL_SPI_Init
 .text.HAL_TIM_Base_Init
                0x0000000008002b76       0xae ./Drivers/STM32F3xx_HAL_Driver/Src/stm32f3xx_hal_tim.o
                0x0000000008002b76                HAL_TIM_Base_Init
 .text.HAL_TIM_Base_Start_IT
                0x0000000008002c24       0xb8 ./Drivers/STM32F3xx_HAL_Driver/Src/stm32f3xx_hal_tim.o
                0x0000000008002c24                HAL_TIM_Base_Start_IT
 .text.HAL_TIM_PWM_Init
                0x0000000008002cdc       0xae ./Drivers/STM32F3xx_HAL_Driver/Src/stm32f3xx_hal_tim.o
                0x0000000008002cdc                HAL_TIM_PWM_Init
 *fill*         0x0000000008002d8a        0x2 
 .text.HAL_TIM_PWM_Start
                0x0000000008002d8c      0x1d8 ./Drivers/STM32F3xx_HAL_Driver/Src/stm32f3xx_hal_tim.o
                0x0000000008002d8c                HAL_TIM_PWM_Start
 .text.HAL_TIM_PWM_ConfigChannel
                0x0000000008002f64      0x228 ./Drivers/STM32F3xx_HAL_Driver/Src/stm32f3xx_hal_tim.o
                0x0000000008002f64                HAL_TIM_PWM_ConfigChannel
 .text.HAL_TIM_ConfigClockSource
                0x000000000800318c      0x192 ./Drivers/STM32F3xx_HAL_Driver/Src/stm32f3xx_hal_tim.o
                0x000000000800318c                HAL_TIM_ConfigClockSource
 *fill*         0x000000000800331e        0x2 
 .text.TIM_Base_SetConfig
                0x0000000008003320       0xf0 ./Drivers/STM32F3xx_HAL_Driver/Src/stm32f3xx_hal_tim.o
                0x0000000008003320                TIM_Base_SetConfig
 .text.TIM_OC1_SetConfig
                0x0000000008003410      0x10c ./Drivers/STM32F3xx_HAL_Driver/Src/stm32f3xx_hal_tim.o
 .text.TIM_OC2_SetConfig
                0x000000000800351c      0x100 ./Drivers/STM32F3xx_HAL_Driver/Src/stm32f3xx_hal_tim.o
                0x000000000800351c                TIM_OC2_SetConfig
 .text.TIM_OC3_SetConfig
                0x000000000800361c       0xfc ./Drivers/STM32F3xx_HAL_Driver/Src/stm32f3xx_hal_tim.o
 .text.TIM_OC4_SetConfig
                0x0000000008003718       0xc8 ./Drivers/STM32F3xx_HAL_Driver/Src/stm32f3xx_hal_tim.o
 .text.TIM_OC5_SetConfig
                0x00000000080037e0       0xbc ./Drivers/STM32F3xx_HAL_Driver/Src/stm32f3xx_hal_tim.o
 .text.TIM_OC6_SetConfig
                0x000000000800389c       0xc0 ./Drivers/STM32F3xx_HAL_Driver/Src/stm32f3xx_hal_tim.o
 .text.TIM_TI1_ConfigInputStage
                0x000000000800395c       0x5e ./Drivers/STM32F3xx_HAL_Driver/Src/stm32f3xx_hal_tim.o
 .text.TIM_TI2_ConfigInputStage
                0x00000000080039ba       0x60 ./Drivers/STM32F3xx_HAL_Driver/Src/stm32f3xx_hal_tim.o
 .text.TIM_ITRx_SetConfig
                0x0000000008003a1a       0x36 ./Drivers/STM32F3xx_HAL_Driver/Src/stm32f3xx_hal_tim.o
 .text.TIM_ETR_SetConfig
                0x0000000008003a50       0x40 ./Drivers/STM32F3xx_HAL_Driver/Src/stm32f3xx_hal_tim.o
                0x0000000008003a50                TIM_ETR_SetConfig
 .text.TIM_CCxChannelCmd
                0x0000000008003a90       0x4a ./Drivers/STM32F3xx_HAL_Driver/Src/stm32f3xx_hal_tim.o
                0x0000000008003a90                TIM_CCxChannelCmd
 *fill*         0x0000000008003ada        0x2 
 .text.HAL_TIMEx_MasterConfigSynchronization
                0x0000000008003adc       0xdc ./Drivers/STM32F3xx_HAL_Driver/Src/stm32f3xx_hal_tim_ex.o
                0x0000000008003adc                HAL_TIMEx_MasterConfigSynchronization
 .text.HAL_TIMEx_ConfigBreakDeadTime
                0x0000000008003bb8       0xf0 ./Drivers/STM32F3xx_HAL_Driver/Src/stm32f3xx_hal_tim_ex.o
                0x0000000008003bb8                HAL_TIMEx_ConfigBreakDeadTime
 .text.HAL_UART_Init
                0x0000000008003ca8       0x9c ./Drivers/STM32F3xx_HAL_Driver/Src/stm32f3xx_hal_uart.o
                0x0000000008003ca8                HAL_UART_Init
 .text.UART_SetConfig
                0x0000000008003d44      0x26c ./Drivers/STM32F3xx_HAL_Driver/Src/stm32f3xx_hal_uart.o
                0x0000000008003d44                UART_SetConfig
 .text.UART_AdvFeatureConfig
                0x0000000008003fb0      0x144 ./Drivers/STM32F3xx_HAL_Driver/Src/stm32f3xx_hal_uart.o
                0x0000000008003fb0                UART_AdvFeatureConfig
 .text.UART_CheckIdleState
                0x00000000080040f4       0x92 ./Drivers/STM32F3xx_HAL_Driver/Src/stm32f3xx_hal_uart.o
                0x00000000080040f4                UART_CheckIdleState
 .text.UART_WaitOnFlagUntilTimeout
                0x0000000008004186      0x188 ./Drivers/STM32F3xx_HAL_Driver/Src/stm32f3xx_hal_uart.o
                0x0000000008004186                UART_WaitOnFlagUntilTimeout
 *fill*         0x000000000800430e        0x2 
 .text.__libc_init_array
                0x0000000008004310       0x48 c:/st/stm32cubeide_1.10.1/stm32cubeide/plugins/com.st.stm32cube.ide.mcu.externaltools.gnu-tools-for-stm32.10.3-2021.10.win32_1.0.0.202111181127/tools/bin/../lib/gcc/arm-none-eabi/10.3.1/../../../../arm-none-eabi/lib/thumb/v7e-m+fp/hard\libc_nano.a(lib_a-init.o)
                0x0000000008004310                __libc_init_array
 .text.memset   0x0000000008004358       0x10 c:/st/stm32cubeide_1.10.1/stm32cubeide/plugins/com.st.stm32cube.ide.mcu.externaltools.gnu-tools-for-stm32.10.3-2021.10.win32_1.0.0.202111181127/tools/bin/../lib/gcc/arm-none-eabi/10.3.1/../../../../arm-none-eabi/lib/thumb/v7e-m+fp/hard\libc_nano.a(lib_a-memset.o)
                0x0000000008004358                memset
 *(.glue_7)
 .glue_7        0x0000000008004368        0x0 linker stubs
 *(.glue_7t)
 .glue_7t       0x0000000008004368        0x0 linker stubs
 *(.eh_frame)
 .eh_frame      0x0000000008004368        0x0 c:/st/stm32cubeide_1.10.1/stm32cubeide/plugins/com.st.stm32cube.ide.mcu.externaltools.gnu-tools-for-stm32.10.3-2021.10.win32_1.0.0.202111181127/tools/bin/../lib/gcc/arm-none-eabi/10.3.1/thumb/v7e-m+fp/hard/crtbegin.o
 *(.init)
 .init          0x0000000008004368        0x4 c:/st/stm32cubeide_1.10.1/stm32cubeide/plugins/com.st.stm32cube.ide.mcu.externaltools.gnu-tools-for-stm32.10.3-2021.10.win32_1.0.0.202111181127/tools/bin/../lib/gcc/arm-none-eabi/10.3.1/thumb/v7e-m+fp/hard/crti.o
                0x0000000008004368                _init
 .init          0x000000000800436c        0x8 c:/st/stm32cubeide_1.10.1/stm32cubeide/plugins/com.st.stm32cube.ide.mcu.externaltools.gnu-tools-for-stm32.10.3-2021.10.win32_1.0.0.202111181127/tools/bin/../lib/gcc/arm-none-eabi/10.3.1/thumb/v7e-m+fp/hard/crtn.o
 *(.fini)
 .fini          0x0000000008004374        0x4 c:/st/stm32cubeide_1.10.1/stm32cubeide/plugins/com.st.stm32cube.ide.mcu.externaltools.gnu-tools-for-stm32.10.3-2021.10.win32_1.0.0.202111181127/tools/bin/../lib/gcc/arm-none-eabi/10.3.1/thumb/v7e-m+fp/hard/crti.o
                0x0000000008004374                _fini
 .fini          0x0000000008004378        0x8 c:/st/stm32cubeide_1.10.1/stm32cubeide/plugins/com.st.stm32cube.ide.mcu.externaltools.gnu-tools-for-stm32.10.3-2021.10.win32_1.0.0.202111181127/tools/bin/../lib/gcc/arm-none-eabi/10.3.1/thumb/v7e-m+fp/hard/crtn.o
                0x0000000008004380                . = ALIGN (0x4)
                0x0000000008004380                _etext = .

.vfp11_veneer   0x0000000008004380        0x0
 .vfp11_veneer  0x0000000008004380        0x0 linker stubs

.v4_bx          0x0000000008004380        0x0
 .v4_bx         0x0000000008004380        0x0 linker stubs

.iplt           0x0000000008004380        0x0
 .iplt          0x0000000008004380        0x0 c:/st/stm32cubeide_1.10.1/stm32cubeide/plugins/com.st.stm32cube.ide.mcu.externaltools.gnu-tools-for-stm32.10.3-2021.10.win32_1.0.0.202111181127/tools/bin/../lib/gcc/arm-none-eabi/10.3.1/thumb/v7e-m+fp/hard/crtbegin.o

.rodata         0x0000000008004380       0x38
                0x0000000008004380                . = ALIGN (0x4)
 *(.rodata)
 *(.rodata*)
 .rodata.AHBPrescTable
                0x0000000008004380       0x10 ./Core/Src/system_stm32f3xx.o
                0x0000000008004380                AHBPrescTable
 .rodata.APBPrescTable
                0x0000000008004390        0x8 ./Core/Src/system_stm32f3xx.o
                0x0000000008004390                APBPrescTable
 .rodata.aPLLMULFactorTable
                0x0000000008004398       0x10 ./Drivers/STM32F3xx_HAL_Driver/Src/stm32f3xx_hal_rcc.o
                0x0000000008004398                aPLLMULFactorTable
 .rodata.aPredivFactorTable
                0x00000000080043a8       0x10 ./Drivers/STM32F3xx_HAL_Driver/Src/stm32f3xx_hal_rcc.o
                0x00000000080043a8                aPredivFactorTable
                0x00000000080043b8                . = ALIGN (0x4)

.rel.dyn        0x00000000080043b8        0x0
 .rel.iplt      0x00000000080043b8        0x0 c:/st/stm32cubeide_1.10.1/stm32cubeide/plugins/com.st.stm32cube.ide.mcu.externaltools.gnu-tools-for-stm32.10.3-2021.10.win32_1.0.0.202111181127/tools/bin/../lib/gcc/arm-none-eabi/10.3.1/thumb/v7e-m+fp/hard/crtbegin.o

.ARM.extab      0x00000000080043b8        0x0
                0x00000000080043b8                . = ALIGN (0x4)
 *(.ARM.extab* .gnu.linkonce.armextab.*)
                0x00000000080043b8                . = ALIGN (0x4)

.ARM            0x00000000080043b8        0x0
                0x00000000080043b8                . = ALIGN (0x4)
                0x00000000080043b8                __exidx_start = .
 *(.ARM.exidx*)
                0x00000000080043b8                __exidx_end = .
                0x00000000080043b8                . = ALIGN (0x4)

.preinit_array  0x00000000080043b8        0x0
                0x00000000080043b8                . = ALIGN (0x4)
                0x00000000080043b8                PROVIDE (__preinit_array_start = .)
 *(.preinit_array*)
                0x00000000080043b8                PROVIDE (__preinit_array_end = .)
                0x00000000080043b8                . = ALIGN (0x4)

.init_array     0x00000000080043b8        0x4
                0x00000000080043b8                . = ALIGN (0x4)
                0x00000000080043b8                PROVIDE (__init_array_start = .)
 *(SORT_BY_NAME(.init_array.*))
 *(.init_array*)
 .init_array    0x00000000080043b8        0x4 c:/st/stm32cubeide_1.10.1/stm32cubeide/plugins/com.st.stm32cube.ide.mcu.externaltools.gnu-tools-for-stm32.10.3-2021.10.win32_1.0.0.202111181127/tools/bin/../lib/gcc/arm-none-eabi/10.3.1/thumb/v7e-m+fp/hard/crtbegin.o
                0x00000000080043bc                PROVIDE (__init_array_end = .)
                0x00000000080043bc                . = ALIGN (0x4)

.fini_array     0x00000000080043bc        0x4
                0x00000000080043bc                . = ALIGN (0x4)
                [!provide]                        PROVIDE (__fini_array_start = .)
 *(SORT_BY_NAME(.fini_array.*))
 *(.fini_array*)
 .fini_array    0x00000000080043bc        0x4 c:/st/stm32cubeide_1.10.1/stm32cubeide/plugins/com.st.stm32cube.ide.mcu.externaltools.gnu-tools-for-stm32.10.3-2021.10.win32_1.0.0.202111181127/tools/bin/../lib/gcc/arm-none-eabi/10.3.1/thumb/v7e-m+fp/hard/crtbegin.o
                [!provide]                        PROVIDE (__fini_array_end = .)
                0x00000000080043c0                . = ALIGN (0x4)
                0x00000000080043c0                _sidata = LOADADDR (.data)

.data           0x0000000020000000        0xc load address 0x00000000080043c0
                0x0000000020000000                . = ALIGN (0x4)
                0x0000000020000000                _sdata = .
 *(.data)
 *(.data*)
 .data.SystemCoreClock
                0x0000000020000000        0x4 ./Core/Src/system_stm32f3xx.o
                0x0000000020000000                SystemCoreClock
 .data.uwTickPrio
                0x0000000020000004        0x4 ./Drivers/STM32F3xx_HAL_Driver/Src/stm32f3xx_hal.o
                0x0000000020000004                uwTickPrio
 .data.uwTickFreq
                0x0000000020000008        0x1 ./Drivers/STM32F3xx_HAL_Driver/Src/stm32f3xx_hal.o
                0x0000000020000008                uwTickFreq
 *(.RamFunc)
 *(.RamFunc*)
                0x000000002000000c                . = ALIGN (0x4)
 *fill*         0x0000000020000009        0x3 
                0x000000002000000c                _edata = .
                0x00000000080043cc                _siccmram = LOADADDR (.ccmram)

.igot.plt       0x000000002000000c        0x0 load address 0x00000000080043cc
 .igot.plt      0x000000002000000c        0x0 c:/st/stm32cubeide_1.10.1/stm32cubeide/plugins/com.st.stm32cube.ide.mcu.externaltools.gnu-tools-for-stm32.10.3-2021.10.win32_1.0.0.202111181127/tools/bin/../lib/gcc/arm-none-eabi/10.3.1/thumb/v7e-m+fp/hard/crtbegin.o

.ccmram         0x0000000010000000        0x0 load address 0x00000000080043cc
                0x0000000010000000                . = ALIGN (0x4)
                0x0000000010000000                _sccmram = .
 *(.ccmram)
 *(.ccmram*)
                0x0000000010000000                . = ALIGN (0x4)
                0x0000000010000000                _eccmram = .
                0x0000000010000000                . = ALIGN (0x4)

.bss            0x000000002000000c      0x1ec
                0x000000002000000c                _sbss = .
                0x000000002000000c                __bss_start__ = _sbss
 *(.bss)
 .bss           0x000000002000000c       0x1c c:/st/stm32cubeide_1.10.1/stm32cubeide/plugins/com.st.stm32cube.ide.mcu.externaltools.gnu-tools-for-stm32.10.3-2021.10.win32_1.0.0.202111181127/tools/bin/../lib/gcc/arm-none-eabi/10.3.1/thumb/v7e-m+fp/hard/crtbegin.o
 *(.bss*)
 .bss.hi2c1     0x0000000020000028       0x4c ./Basic/Src/i2c.o
                0x0000000020000028                hi2c1
 .bss.hspi1     0x0000000020000074       0x64 ./Basic/Src/spi.o
                0x0000000020000074                hspi1
 .bss.htim1     0x00000000200000d8       0x4c ./Core/Src/main.o
                0x00000000200000d8                htim1
 .bss.htim2     0x0000000020000124       0x4c ./Core/Src/main.o
                0x0000000020000124                htim2
 .bss.huart2    0x0000000020000170       0x84 ./Core/Src/main.o
                0x0000000020000170                huart2
 .bss.uwTick    0x00000000200001f4        0x4 ./Drivers/STM32F3xx_HAL_Driver/Src/stm32f3xx_hal.o
                0x00000000200001f4                uwTick
 *(COMMON)
                0x00000000200001f8                . = ALIGN (0x4)
                0x00000000200001f8                _ebss = .
                0x00000000200001f8                __bss_end__ = _ebss

._user_heap_stack
                0x00000000200001f8      0x600
                0x00000000200001f8                . = ALIGN (0x8)
                [!provide]                        PROVIDE (end = .)
                0x00000000200001f8                PROVIDE (_end = .)
                0x00000000200003f8                . = (. + _Min_Heap_Size)
 *fill*         0x00000000200001f8      0x200 
                0x00000000200007f8                . = (. + _Min_Stack_Size)
 *fill*         0x00000000200003f8      0x400 
                0x00000000200007f8                . = ALIGN (0x8)

/DISCARD/
 libc.a(*)
 libm.a(*)
 libgcc.a(*)

.ARM.attributes
                0x0000000000000000       0x30
 *(.ARM.attributes)
 .ARM.attributes
                0x0000000000000000       0x1e c:/st/stm32cubeide_1.10.1/stm32cubeide/plugins/com.st.stm32cube.ide.mcu.externaltools.gnu-tools-for-stm32.10.3-2021.10.win32_1.0.0.202111181127/tools/bin/../lib/gcc/arm-none-eabi/10.3.1/thumb/v7e-m+fp/hard/crti.o
 .ARM.attributes
                0x000000000000001e       0x34 c:/st/stm32cubeide_1.10.1/stm32cubeide/plugins/com.st.stm32cube.ide.mcu.externaltools.gnu-tools-for-stm32.10.3-2021.10.win32_1.0.0.202111181127/tools/bin/../lib/gcc/arm-none-eabi/10.3.1/thumb/v7e-m+fp/hard/crtbegin.o
 .ARM.attributes
                0x0000000000000052       0x34 ./Basic/Src/i2c.o
 .ARM.attributes
                0x0000000000000086       0x34 ./Basic/Src/spi.o
 .ARM.attributes
                0x00000000000000ba       0x34 ./Core/Src/main.o
 .ARM.attributes
                0x00000000000000ee       0x34 ./Core/Src/stm32f3xx_hal_msp.o
 .ARM.attributes
                0x0000000000000122       0x34 ./Core/Src/stm32f3xx_it.o
 .ARM.attributes
                0x0000000000000156       0x34 ./Core/Src/system_stm32f3xx.o
 .ARM.attributes
                0x000000000000018a       0x21 ./Core/Startup/startup_stm32f334r8tx.o
 .ARM.attributes
                0x00000000000001ab       0x34 ./Drivers/STM32F3xx_HAL_Driver/Src/stm32f3xx_hal.o
 .ARM.attributes
                0x00000000000001df       0x34 ./Drivers/STM32F3xx_HAL_Driver/Src/stm32f3xx_hal_cortex.o
 .ARM.attributes
                0x0000000000000213       0x34 ./Drivers/STM32F3xx_HAL_Driver/Src/stm32f3xx_hal_gpio.o
 .ARM.attributes
                0x0000000000000247       0x34 ./Drivers/STM32F3xx_HAL_Driver/Src/stm32f3xx_hal_i2c.o
 .ARM.attributes
                0x000000000000027b       0x34 ./Drivers/STM32F3xx_HAL_Driver/Src/stm32f3xx_hal_i2c_ex.o
 .ARM.attributes
                0x00000000000002af       0x34 ./Drivers/STM32F3xx_HAL_Driver/Src/stm32f3xx_hal_rcc.o
 .ARM.attributes
                0x00000000000002e3       0x34 ./Drivers/STM32F3xx_HAL_Driver/Src/stm32f3xx_hal_rcc_ex.o
 .ARM.attributes
                0x0000000000000317       0x34 ./Drivers/STM32F3xx_HAL_Driver/Src/stm32f3xx_hal_spi.o
 .ARM.attributes
                0x000000000000034b       0x34 ./Drivers/STM32F3xx_HAL_Driver/Src/stm32f3xx_hal_tim.o
 .ARM.attributes
                0x000000000000037f       0x34 ./Drivers/STM32F3xx_HAL_Driver/Src/stm32f3xx_hal_tim_ex.o
 .ARM.attributes
                0x00000000000003b3       0x34 ./Drivers/STM32F3xx_HAL_Driver/Src/stm32f3xx_hal_uart.o
 .ARM.attributes
                0x00000000000003e7       0x34 c:/st/stm32cubeide_1.10.1/stm32cubeide/plugins/com.st.stm32cube.ide.mcu.externaltools.gnu-tools-for-stm32.10.3-2021.10.win32_1.0.0.202111181127/tools/bin/../lib/gcc/arm-none-eabi/10.3.1/../../../../arm-none-eabi/lib/thumb/v7e-m+fp/hard\libc_nano.a(lib_a-init.o)
 .ARM.attributes
                0x000000000000041b       0x34 c:/st/stm32cubeide_1.10.1/stm32cubeide/plugins/com.st.stm32cube.ide.mcu.externaltools.gnu-tools-for-stm32.10.3-2021.10.win32_1.0.0.202111181127/tools/bin/../lib/gcc/arm-none-eabi/10.3.1/../../../../arm-none-eabi/lib/thumb/v7e-m+fp/hard\libc_nano.a(lib_a-memset.o)
 .ARM.attributes
                0x000000000000044f       0x1e c:/st/stm32cubeide_1.10.1/stm32cubeide/plugins/com.st.stm32cube.ide.mcu.externaltools.gnu-tools-for-stm32.10.3-2021.10.win32_1.0.0.202111181127/tools/bin/../lib/gcc/arm-none-eabi/10.3.1/thumb/v7e-m+fp/hard/crtn.o
OUTPUT(F334Control_nucleo.elf elf32-littlearm)
LOAD linker stubs
LOAD c:/st/stm32cubeide_1.10.1/stm32cubeide/plugins/com.st.stm32cube.ide.mcu.externaltools.gnu-tools-for-stm32.10.3-2021.10.win32_1.0.0.202111181127/tools/bin/../lib/gcc/arm-none-eabi/10.3.1/../../../../arm-none-eabi/lib/thumb/v7e-m+fp/hard\libc.a
LOAD c:/st/stm32cubeide_1.10.1/stm32cubeide/plugins/com.st.stm32cube.ide.mcu.externaltools.gnu-tools-for-stm32.10.3-2021.10.win32_1.0.0.202111181127/tools/bin/../lib/gcc/arm-none-eabi/10.3.1/../../../../arm-none-eabi/lib/thumb/v7e-m+fp/hard\libm.a
LOAD c:/st/stm32cubeide_1.10.1/stm32cubeide/plugins/com.st.stm32cube.ide.mcu.externaltools.gnu-tools-for-stm32.10.3-2021.10.win32_1.0.0.202111181127/tools/bin/../lib/gcc/arm-none-eabi/10.3.1/thumb/v7e-m+fp/hard\libgcc.a

.debug_info     0x0000000000000000    0x132c2
 .debug_info    0x0000000000000000      0x765 ./Basic/Src/i2c.o
 .debug_info    0x0000000000000765      0x819 ./Basic/Src/spi.o
 .debug_info    0x0000000000000f7e     0x13b1 ./Core/Src/main.o
 .debug_info    0x000000000000232f     0x14f9 ./Core/Src/stm32f3xx_hal_msp.o
 .debug_info    0x0000000000003828      0x122 ./Core/Src/stm32f3xx_it.o
 .debug_info    0x000000000000394a      0x416 ./Core/Src/system_stm32f3xx.o
 .debug_info    0x0000000000003d60       0x22 ./Core/Startup/startup_stm32f334r8tx.o
 .debug_info    0x0000000000003d82      0x7a7 ./Drivers/STM32F3xx_HAL_Driver/Src/stm32f3xx_hal.o
 .debug_info    0x0000000000004529      0xb4a ./Drivers/STM32F3xx_HAL_Driver/Src/stm32f3xx_hal_cortex.o
 .debug_info    0x0000000000005073      0x74e ./Drivers/STM32F3xx_HAL_Driver/Src/stm32f3xx_hal_gpio.o
 .debug_info    0x00000000000057c1     0x214e ./Drivers/STM32F3xx_HAL_Driver/Src/stm32f3xx_hal_i2c.o
 .debug_info    0x000000000000790f      0x955 ./Drivers/STM32F3xx_HAL_Driver/Src/stm32f3xx_hal_i2c_ex.o
 .debug_info    0x0000000000008264     0x1586 ./Drivers/STM32F3xx_HAL_Driver/Src/stm32f3xx_hal_rcc.o
 .debug_info    0x00000000000097ea      0x579 ./Drivers/STM32F3xx_HAL_Driver/Src/stm32f3xx_hal_rcc_ex.o
 .debug_info    0x0000000000009d63     0x1770 ./Drivers/STM32F3xx_HAL_Driver/Src/stm32f3xx_hal_spi.o
 .debug_info    0x000000000000b4d3     0x2ca3 ./Drivers/STM32F3xx_HAL_Driver/Src/stm32f3xx_hal_tim.o
 .debug_info    0x000000000000e176     0x1679 ./Drivers/STM32F3xx_HAL_Driver/Src/stm32f3xx_hal_tim_ex.o
 .debug_info    0x000000000000f7ef     0x3ad3 ./Drivers/STM32F3xx_HAL_Driver/Src/stm32f3xx_hal_uart.o

.debug_abbrev   0x0000000000000000     0x23f7
 .debug_abbrev  0x0000000000000000      0x1c5 ./Basic/Src/i2c.o
 .debug_abbrev  0x00000000000001c5      0x1a9 ./Basic/Src/spi.o
 .debug_abbrev  0x000000000000036e      0x318 ./Core/Src/main.o
 .debug_abbrev  0x0000000000000686      0x228 ./Core/Src/stm32f3xx_hal_msp.o
 .debug_abbrev  0x00000000000008ae       0x74 ./Core/Src/stm32f3xx_it.o
 .debug_abbrev  0x0000000000000922      0x116 ./Core/Src/system_stm32f3xx.o
 .debug_abbrev  0x0000000000000a38       0x12 ./Core/Startup/startup_stm32f334r8tx.o
 .debug_abbrev  0x0000000000000a4a      0x20e ./Drivers/STM32F3xx_HAL_Driver/Src/stm32f3xx_hal.o
 .debug_abbrev  0x0000000000000c58      0x2ed ./Drivers/STM32F3xx_HAL_Driver/Src/stm32f3xx_hal_cortex.o
 .debug_abbrev  0x0000000000000f45      0x1bb ./Drivers/STM32F3xx_HAL_Driver/Src/stm32f3xx_hal_gpio.o
 .debug_abbrev  0x0000000000001100      0x243 ./Drivers/STM32F3xx_HAL_Driver/Src/stm32f3xx_hal_i2c.o
 .debug_abbrev  0x0000000000001343      0x1b0 ./Drivers/STM32F3xx_HAL_Driver/Src/stm32f3xx_hal_i2c_ex.o
 .debug_abbrev  0x00000000000014f3      0x30c ./Drivers/STM32F3xx_HAL_Driver/Src/stm32f3xx_hal_rcc.o
 .debug_abbrev  0x00000000000017ff      0x226 ./Drivers/STM32F3xx_HAL_Driver/Src/stm32f3xx_hal_rcc_ex.o
 .debug_abbrev  0x0000000000001a25      0x254 ./Drivers/STM32F3xx_HAL_Driver/Src/stm32f3xx_hal_spi.o
 .debug_abbrev  0x0000000000001c79      0x25d ./Drivers/STM32F3xx_HAL_Driver/Src/stm32f3xx_hal_tim.o
 .debug_abbrev  0x0000000000001ed6      0x265 ./Drivers/STM32F3xx_HAL_Driver/Src/stm32f3xx_hal_tim_ex.o
 .debug_abbrev  0x000000000000213b      0x2bc ./Drivers/STM32F3xx_HAL_Driver/Src/stm32f3xx_hal_uart.o

.debug_aranges  0x0000000000000000     0x1130
 .debug_aranges
                0x0000000000000000       0x30 ./Basic/Src/i2c.o
 .debug_aranges
                0x0000000000000030       0x58 ./Basic/Src/spi.o
 .debug_aranges
                0x0000000000000088       0x58 ./Core/Src/main.o
 .debug_aranges
                0x00000000000000e0       0x78 ./Core/Src/stm32f3xx_hal_msp.o
 .debug_aranges
                0x0000000000000158       0x60 ./Core/Src/stm32f3xx_it.o
 .debug_aranges
                0x00000000000001b8       0x28 ./Core/Src/system_stm32f3xx.o
 .debug_aranges
                0x00000000000001e0       0x28 ./Core/Startup/startup_stm32f334r8tx.o
 .debug_aranges
                0x0000000000000208       0xe0 ./Drivers/STM32F3xx_HAL_Driver/Src/stm32f3xx_hal.o
 .debug_aranges
                0x00000000000002e8      0x100 ./Drivers/STM32F3xx_HAL_Driver/Src/stm32f3xx_hal_cortex.o
 .debug_aranges
                0x00000000000003e8       0x58 ./Drivers/STM32F3xx_HAL_Driver/Src/stm32f3xx_hal_gpio.o
 .debug_aranges
                0x0000000000000440      0x290 ./Drivers/STM32F3xx_HAL_Driver/Src/stm32f3xx_hal_i2c.o
 .debug_aranges
                0x00000000000006d0       0x48 ./Drivers/STM32F3xx_HAL_Driver/Src/stm32f3xx_hal_i2c_ex.o
 .debug_aranges
                0x0000000000000718       0x88 ./Drivers/STM32F3xx_HAL_Driver/Src/stm32f3xx_hal_rcc.o
 .debug_aranges
                0x00000000000007a0       0x38 ./Drivers/STM32F3xx_HAL_Driver/Src/stm32f3xx_hal_rcc_ex.o
 .debug_aranges
                0x00000000000007d8      0x1d8 ./Drivers/STM32F3xx_HAL_Driver/Src/stm32f3xx_hal_spi.o
 .debug_aranges
                0x00000000000009b0      0x3e0 ./Drivers/STM32F3xx_HAL_Driver/Src/stm32f3xx_hal_tim.o
 .debug_aranges
                0x0000000000000d90      0x178 ./Drivers/STM32F3xx_HAL_Driver/Src/stm32f3xx_hal_tim_ex.o
 .debug_aranges
                0x0000000000000f08      0x228 ./Drivers/STM32F3xx_HAL_Driver/Src/stm32f3xx_hal_uart.o

.debug_ranges   0x0000000000000000     0x1048
 .debug_ranges  0x0000000000000000       0x20 ./Basic/Src/i2c.o
 .debug_ranges  0x0000000000000020       0x48 ./Basic/Src/spi.o
 .debug_ranges  0x0000000000000068       0x48 ./Core/Src/main.o
 .debug_ranges  0x00000000000000b0       0x68 ./Core/Src/stm32f3xx_hal_msp.o
 .debug_ranges  0x0000000000000118       0x50 ./Core/Src/stm32f3xx_it.o
 .debug_ranges  0x0000000000000168       0x18 ./Core/Src/system_stm32f3xx.o
 .debug_ranges  0x0000000000000180       0x20 ./Core/Startup/startup_stm32f334r8tx.o
 .debug_ranges  0x00000000000001a0       0xd0 ./Drivers/STM32F3xx_HAL_Driver/Src/stm32f3xx_hal.o
 .debug_ranges  0x0000000000000270       0xf0 ./Drivers/STM32F3xx_HAL_Driver/Src/stm32f3xx_hal_cortex.o
 .debug_ranges  0x0000000000000360       0x48 ./Drivers/STM32F3xx_HAL_Driver/Src/stm32f3xx_hal_gpio.o
 .debug_ranges  0x00000000000003a8      0x280 ./Drivers/STM32F3xx_HAL_Driver/Src/stm32f3xx_hal_i2c.o
 .debug_ranges  0x0000000000000628       0x38 ./Drivers/STM32F3xx_HAL_Driver/Src/stm32f3xx_hal_i2c_ex.o
 .debug_ranges  0x0000000000000660       0x78 ./Drivers/STM32F3xx_HAL_Driver/Src/stm32f3xx_hal_rcc.o
 .debug_ranges  0x00000000000006d8       0x28 ./Drivers/STM32F3xx_HAL_Driver/Src/stm32f3xx_hal_rcc_ex.o
 .debug_ranges  0x0000000000000700      0x1c8 ./Drivers/STM32F3xx_HAL_Driver/Src/stm32f3xx_hal_spi.o
 .debug_ranges  0x00000000000008c8      0x3d0 ./Drivers/STM32F3xx_HAL_Driver/Src/stm32f3xx_hal_tim.o
 .debug_ranges  0x0000000000000c98      0x168 ./Drivers/STM32F3xx_HAL_Driver/Src/stm32f3xx_hal_tim_ex.o
 .debug_ranges  0x0000000000000e00      0x248 ./Drivers/STM32F3xx_HAL_Driver/Src/stm32f3xx_hal_uart.o

.debug_macro    0x0000000000000000    0x2123b
 .debug_macro   0x0000000000000000      0x1ee ./Basic/Src/i2c.o
 .debug_macro   0x00000000000001ee      0xa78 ./Basic/Src/i2c.o
 .debug_macro   0x0000000000000c66      0x15d ./Basic/Src/i2c.o
 .debug_macro   0x0000000000000dc3       0x2e ./Basic/Src/i2c.o
 .debug_macro   0x0000000000000df1       0x28 ./Basic/Src/i2c.o
 .debug_macro   0x0000000000000e19       0x22 ./Basic/Src/i2c.o
 .debug_macro   0x0000000000000e3b       0x8e ./Basic/Src/i2c.o
 .debug_macro   0x0000000000000ec9       0x51 ./Basic/Src/i2c.o
 .debug_macro   0x0000000000000f1a      0x103 ./Basic/Src/i2c.o
 .debug_macro   0x000000000000101d       0x6a ./Basic/Src/i2c.o
 .debug_macro   0x0000000000001087      0x1df ./Basic/Src/i2c.o
 .debug_macro   0x0000000000001266       0x1c ./Basic/Src/i2c.o
 .debug_macro   0x0000000000001282       0x22 ./Basic/Src/i2c.o
 .debug_macro   0x00000000000012a4       0xd9 ./Basic/Src/i2c.o
 .debug_macro   0x000000000000137d      0xf07 ./Basic/Src/i2c.o
 .debug_macro   0x0000000000002284    0x1585b ./Basic/Src/i2c.o
 .debug_macro   0x0000000000017adf       0x6d ./Basic/Src/i2c.o
 .debug_macro   0x0000000000017b4c     0x3540 ./Basic/Src/i2c.o
 .debug_macro   0x000000000001b08c      0x174 ./Basic/Src/i2c.o
 .debug_macro   0x000000000001b200       0x55 ./Basic/Src/i2c.o
 .debug_macro   0x000000000001b255      0x8f9 ./Basic/Src/i2c.o
 .debug_macro   0x000000000001bb4e      0x358 ./Basic/Src/i2c.o
 .debug_macro   0x000000000001bea6      0x1b6 ./Basic/Src/i2c.o
 .debug_macro   0x000000000001c05c      0x130 ./Basic/Src/i2c.o
 .debug_macro   0x000000000001c18c      0x1d5 ./Basic/Src/i2c.o
 .debug_macro   0x000000000001c361      0x1bc ./Basic/Src/i2c.o
 .debug_macro   0x000000000001c51d       0x34 ./Basic/Src/i2c.o
 .debug_macro   0x000000000001c551       0x3c ./Basic/Src/i2c.o
 .debug_macro   0x000000000001c58d       0x57 ./Basic/Src/i2c.o
 .debug_macro   0x000000000001c5e4       0xc5 ./Basic/Src/i2c.o
 .debug_macro   0x000000000001c6a9      0x19f ./Basic/Src/i2c.o
 .debug_macro   0x000000000001c848      0x22c ./Basic/Src/i2c.o
 .debug_macro   0x000000000001ca74       0x5b ./Basic/Src/i2c.o
 .debug_macro   0x000000000001cacf       0xa5 ./Basic/Src/i2c.o
 .debug_macro   0x000000000001cb74       0x81 ./Basic/Src/i2c.o
 .debug_macro   0x000000000001cbf5       0xd3 ./Basic/Src/i2c.o
 .debug_macro   0x000000000001ccc8      0x2fe ./Basic/Src/i2c.o
 .debug_macro   0x000000000001cfc6      0xa3d ./Basic/Src/i2c.o
 .debug_macro   0x000000000001da03       0x59 ./Basic/Src/i2c.o
 .debug_macro   0x000000000001da5c      0x5a5 ./Basic/Src/i2c.o
 .debug_macro   0x000000000001e001       0x44 ./Basic/Src/i2c.o
 .debug_macro   0x000000000001e045      0x2a1 ./Basic/Src/i2c.o
 .debug_macro   0x000000000001e2e6       0x8e ./Basic/Src/i2c.o
 .debug_macro   0x000000000001e374      0x1e5 ./Basic/Src/spi.o
 .debug_macro   0x000000000001e559      0x3fc ./Core/Src/main.o
 .debug_macro   0x000000000001e955       0x88 ./Core/Src/main.o
 .debug_macro   0x000000000001e9dd       0x52 ./Core/Src/main.o
 .debug_macro   0x000000000001ea2f       0x1e ./Core/Src/main.o
 .debug_macro   0x000000000001ea4d       0x3c ./Core/Src/main.o
 .debug_macro   0x000000000001ea89       0x34 ./Core/Src/main.o
 .debug_macro   0x000000000001eabd       0x16 ./Core/Src/main.o
 .debug_macro   0x000000000001ead3       0x35 ./Core/Src/main.o
 .debug_macro   0x000000000001eb08      0x341 ./Core/Src/main.o
 .debug_macro   0x000000000001ee49       0x10 ./Core/Src/main.o
 .debug_macro   0x000000000001ee59       0x16 ./Core/Src/main.o
 .debug_macro   0x000000000001ee6f       0x43 ./Core/Src/main.o
 .debug_macro   0x000000000001eeb2       0x34 ./Core/Src/main.o
 .debug_macro   0x000000000001eee6       0x10 ./Core/Src/main.o
 .debug_macro   0x000000000001eef6       0x58 ./Core/Src/main.o
 .debug_macro   0x000000000001ef4e       0x71 ./Core/Src/main.o
 .debug_macro   0x000000000001efbf       0x1c ./Core/Src/main.o
 .debug_macro   0x000000000001efdb      0x12a ./Core/Src/main.o
 .debug_macro   0x000000000001f105       0x10 ./Core/Src/main.o
 .debug_macro   0x000000000001f115       0x1c ./Core/Src/main.o
 .debug_macro   0x000000000001f131       0x52 ./Core/Src/main.o
 .debug_macro   0x000000000001f183       0x22 ./Core/Src/main.o
 .debug_macro   0x000000000001f1a5       0x10 ./Core/Src/main.o
 .debug_macro   0x000000000001f1b5       0x52 ./Core/Src/main.o
 .debug_macro   0x000000000001f207       0xd5 ./Core/Src/main.o
 .debug_macro   0x000000000001f2dc       0x1c ./Core/Src/main.o
 .debug_macro   0x000000000001f2f8       0x3d ./Core/Src/main.o
 .debug_macro   0x000000000001f335       0x16 ./Core/Src/main.o
 .debug_macro   0x000000000001f34b      0x145 ./Core/Src/main.o
 .debug_macro   0x000000000001f490       0x94 ./Core/Src/main.o
 .debug_macro   0x000000000001f524       0x16 ./Core/Src/main.o
 .debug_macro   0x000000000001f53a       0x16 ./Core/Src/main.o
 .debug_macro   0x000000000001f550       0x29 ./Core/Src/main.o
 .debug_macro   0x000000000001f579       0xf4 ./Core/Src/main.o
 .debug_macro   0x000000000001f66d       0x28 ./Core/Src/main.o
 .debug_macro   0x000000000001f695       0x10 ./Core/Src/main.o
 .debug_macro   0x000000000001f6a5       0x3a ./Core/Src/main.o
 .debug_macro   0x000000000001f6df      0x1ea ./Core/Src/stm32f3xx_hal_msp.o
 .debug_macro   0x000000000001f8c9      0x1f4 ./Core/Src/stm32f3xx_it.o
 .debug_macro   0x000000000001fabd      0x1db ./Core/Src/system_stm32f3xx.o
 .debug_macro   0x000000000001fc98      0x1ff ./Drivers/STM32F3xx_HAL_Driver/Src/stm32f3xx_hal.o
 .debug_macro   0x000000000001fe97      0x1db ./Drivers/STM32F3xx_HAL_Driver/Src/stm32f3xx_hal_cortex.o
 .debug_macro   0x0000000000020072      0x1e2 ./Drivers/STM32F3xx_HAL_Driver/Src/stm32f3xx_hal_gpio.o
 .debug_macro   0x0000000000020254      0x2a0 ./Drivers/STM32F3xx_HAL_Driver/Src/stm32f3xx_hal_i2c.o
 .debug_macro   0x00000000000204f4      0x1db ./Drivers/STM32F3xx_HAL_Driver/Src/stm32f3xx_hal_i2c_ex.o
 .debug_macro   0x00000000000206cf      0x1ff ./Drivers/STM32F3xx_HAL_Driver/Src/stm32f3xx_hal_rcc.o
 .debug_macro   0x00000000000208ce      0x1db ./Drivers/STM32F3xx_HAL_Driver/Src/stm32f3xx_hal_rcc_ex.o
 .debug_macro   0x0000000000020aa9      0x1e3 ./Drivers/STM32F3xx_HAL_Driver/Src/stm32f3xx_hal_spi.o
 .debug_macro   0x0000000000020c8c      0x1dc ./Drivers/STM32F3xx_HAL_Driver/Src/stm32f3xx_hal_tim.o
 .debug_macro   0x0000000000020e68      0x1db ./Drivers/STM32F3xx_HAL_Driver/Src/stm32f3xx_hal_tim_ex.o
 .debug_macro   0x0000000000021043      0x1f8 ./Drivers/STM32F3xx_HAL_Driver/Src/stm32f3xx_hal_uart.o

.debug_line     0x0000000000000000    0x15541
 .debug_line    0x0000000000000000      0x7ab ./Basic/Src/i2c.o
 .debug_line    0x00000000000007ab      0x841 ./Basic/Src/spi.o
 .debug_line    0x0000000000000fec      0xc60 ./Core/Src/main.o
 .debug_line    0x0000000000001c4c      0x8b3 ./Core/Src/stm32f3xx_hal_msp.o
 .debug_line    0x00000000000024ff      0x7cb ./Core/Src/stm32f3xx_it.o
 .debug_line    0x0000000000002cca      0x77f ./Core/Src/system_stm32f3xx.o
 .debug_line    0x0000000000003449       0x88 ./Core/Startup/startup_stm32f334r8tx.o
 .debug_line    0x00000000000034d1      0x9b4 ./Drivers/STM32F3xx_HAL_Driver/Src/stm32f3xx_hal.o
 .debug_line    0x0000000000003e85      0xb9c ./Drivers/STM32F3xx_HAL_Driver/Src/stm32f3xx_hal_cortex.o
 .debug_line    0x0000000000004a21      0xb01 ./Drivers/STM32F3xx_HAL_Driver/Src/stm32f3xx_hal_gpio.o
 .debug_line    0x0000000000005522     0x32c3 ./Drivers/STM32F3xx_HAL_Driver/Src/stm32f3xx_hal_i2c.o
 .debug_line    0x00000000000087e5      0x926 ./Drivers/STM32F3xx_HAL_Driver/Src/stm32f3xx_hal_i2c_ex.o
 .debug_line    0x000000000000910b     0x1391 ./Drivers/STM32F3xx_HAL_Driver/Src/stm32f3xx_hal_rcc.o
 .debug_line    0x000000000000a49c      0xaa0 ./Drivers/STM32F3xx_HAL_Driver/Src/stm32f3xx_hal_rcc_ex.o
 .debug_line    0x000000000000af3c     0x1f2e ./Drivers/STM32F3xx_HAL_Driver/Src/stm32f3xx_hal_spi.o
 .debug_line    0x000000000000ce6a     0x3be8 ./Drivers/STM32F3xx_HAL_Driver/Src/stm32f3xx_hal_tim.o
 .debug_line    0x0000000000010a52     0x1a27 ./Drivers/STM32F3xx_HAL_Driver/Src/stm32f3xx_hal_tim_ex.o
 .debug_line    0x0000000000012479     0x30c8 ./Drivers/STM32F3xx_HAL_Driver/Src/stm32f3xx_hal_uart.o

.debug_str      0x0000000000000000    0xc6c92
 .debug_str     0x0000000000000000    0xbd9e6 ./Basic/Src/i2c.o
                                      0xbdd74 (size before relaxing)
 .debug_str     0x00000000000bd9e6      0x2b1 ./Basic/Src/spi.o
                                      0xbdb01 (size before relaxing)
 .debug_str     0x00000000000bdc97     0x520f ./Core/Src/main.o
                                      0xc2d72 (size before relaxing)
 .debug_str     0x00000000000c2ea6      0x13a ./Core/Src/stm32f3xx_hal_msp.o
                                      0xbe556 (size before relaxing)
 .debug_str     0x00000000000c2fe0       0xc9 ./Core/Src/stm32f3xx_it.o
                                      0xbd867 (size before relaxing)
 .debug_str     0x00000000000c30a9       0xe9 ./Core/Src/system_stm32f3xx.o
                                      0xbd71a (size before relaxing)
 .debug_str     0x00000000000c3192       0x36 ./Core/Startup/startup_stm32f334r8tx.o
                                         0x74 (size before relaxing)
 .debug_str     0x00000000000c31c8      0x62d ./Drivers/STM32F3xx_HAL_Driver/Src/stm32f3xx_hal.o
                                      0xbde82 (size before relaxing)
 .debug_str     0x00000000000c37f5      0x25d ./Drivers/STM32F3xx_HAL_Driver/Src/stm32f3xx_hal_cortex.o
                                      0xbdda7 (size before relaxing)
 .debug_str     0x00000000000c3a52      0x17f ./Drivers/STM32F3xx_HAL_Driver/Src/stm32f3xx_hal_gpio.o
                                      0xbd8f9 (size before relaxing)
 .debug_str     0x00000000000c3bd1      0xdae ./Drivers/STM32F3xx_HAL_Driver/Src/stm32f3xx_hal_i2c.o
                                      0xbe983 (size before relaxing)
 .debug_str     0x00000000000c497f       0xb8 ./Drivers/STM32F3xx_HAL_Driver/Src/stm32f3xx_hal_i2c_ex.o
                                      0xbdcab (size before relaxing)
 .debug_str     0x00000000000c4a37      0x2c6 ./Drivers/STM32F3xx_HAL_Driver/Src/stm32f3xx_hal_rcc.o
                                      0xbdbba (size before relaxing)
 .debug_str     0x00000000000c4cfd       0xbe ./Drivers/STM32F3xx_HAL_Driver/Src/stm32f3xx_hal_rcc_ex.o
                                      0xbd8ce (size before relaxing)
 .debug_str     0x00000000000c4dbb      0x542 ./Drivers/STM32F3xx_HAL_Driver/Src/stm32f3xx_hal_spi.o
                                      0xbe032 (size before relaxing)
 .debug_str     0x00000000000c52fd      0xd36 ./Drivers/STM32F3xx_HAL_Driver/Src/stm32f3xx_hal_tim.o
                                      0xbeb41 (size before relaxing)
 .debug_str     0x00000000000c6033      0x402 ./Drivers/STM32F3xx_HAL_Driver/Src/stm32f3xx_hal_tim_ex.o
                                      0xbe397 (size before relaxing)
 .debug_str     0x00000000000c6435      0x85d ./Drivers/STM32F3xx_HAL_Driver/Src/stm32f3xx_hal_uart.o
                                      0xbe415 (size before relaxing)

.comment        0x0000000000000000       0x50
 .comment       0x0000000000000000       0x50 ./Basic/Src/i2c.o
                                         0x51 (size before relaxing)
 .comment       0x0000000000000050       0x51 ./Basic/Src/spi.o
 .comment       0x0000000000000050       0x51 ./Core/Src/main.o
 .comment       0x0000000000000050       0x51 ./Core/Src/stm32f3xx_hal_msp.o
 .comment       0x0000000000000050       0x51 ./Core/Src/stm32f3xx_it.o
 .comment       0x0000000000000050       0x51 ./Core/Src/system_stm32f3xx.o
 .comment       0x0000000000000050       0x51 ./Drivers/STM32F3xx_HAL_Driver/Src/stm32f3xx_hal.o
 .comment       0x0000000000000050       0x51 ./Drivers/STM32F3xx_HAL_Driver/Src/stm32f3xx_hal_cortex.o
 .comment       0x0000000000000050       0x51 ./Drivers/STM32F3xx_HAL_Driver/Src/stm32f3xx_hal_gpio.o
 .comment       0x0000000000000050       0x51 ./Drivers/STM32F3xx_HAL_Driver/Src/stm32f3xx_hal_i2c.o
 .comment       0x0000000000000050       0x51 ./Drivers/STM32F3xx_HAL_Driver/Src/stm32f3xx_hal_i2c_ex.o
 .comment       0x0000000000000050       0x51 ./Drivers/STM32F3xx_HAL_Driver/Src/stm32f3xx_hal_rcc.o
 .comment       0x0000000000000050       0x51 ./Drivers/STM32F3xx_HAL_Driver/Src/stm32f3xx_hal_rcc_ex.o
 .comment       0x0000000000000050       0x51 ./Drivers/STM32F3xx_HAL_Driver/Src/stm32f3xx_hal_spi.o
 .comment       0x0000000000000050       0x51 ./Drivers/STM32F3xx_HAL_Driver/Src/stm32f3xx_hal_tim.o
 .comment       0x0000000000000050       0x51 ./Drivers/STM32F3xx_HAL_Driver/Src/stm32f3xx_hal_tim_ex.o
 .comment       0x0000000000000050       0x51 ./Drivers/STM32F3xx_HAL_Driver/Src/stm32f3xx_hal_uart.o

.debug_frame    0x0000000000000000     0x496c
 .debug_frame   0x0000000000000000       0x74 ./Basic/Src/i2c.o
 .debug_frame   0x0000000000000074      0x128 ./Basic/Src/spi.o
 .debug_frame   0x000000000000019c      0x114 ./Core/Src/main.o
 .debug_frame   0x00000000000002b0      0x1d0 ./Core/Src/stm32f3xx_hal_msp.o
 .debug_frame   0x0000000000000480      0x104 ./Core/Src/stm32f3xx_it.o
 .debug_frame   0x0000000000000584       0x58 ./Core/Src/system_stm32f3xx.o
 .debug_frame   0x00000000000005dc      0x334 ./Drivers/STM32F3xx_HAL_Driver/Src/stm32f3xx_hal.o
 .debug_frame   0x0000000000000910      0x428 ./Drivers/STM32F3xx_HAL_Driver/Src/stm32f3xx_hal_cortex.o
 .debug_frame   0x0000000000000d38      0x14c ./Drivers/STM32F3xx_HAL_Driver/Src/stm32f3xx_hal_gpio.o
 .debug_frame   0x0000000000000e84      0xbe8 ./Drivers/STM32F3xx_HAL_Driver/Src/stm32f3xx_hal_i2c.o
 .debug_frame   0x0000000000001a6c      0x100 ./Drivers/STM32F3xx_HAL_Driver/Src/stm32f3xx_hal_i2c_ex.o
 .debug_frame   0x0000000000001b6c      0x214 ./Drivers/STM32F3xx_HAL_Driver/Src/stm32f3xx_hal_rcc.o
 .debug_frame   0x0000000000001d80       0xb4 ./Drivers/STM32F3xx_HAL_Driver/Src/stm32f3xx_hal_rcc_ex.o
 .debug_frame   0x0000000000001e34      0x860 ./Drivers/STM32F3xx_HAL_Driver/Src/stm32f3xx_hal_spi.o
 .debug_frame   0x0000000000002694     0x121c ./Drivers/STM32F3xx_HAL_Driver/Src/stm32f3xx_hal_tim.o
 .debug_frame   0x00000000000038b0      0x688 ./Drivers/STM32F3xx_HAL_Driver/Src/stm32f3xx_hal_tim_ex.o
 .debug_frame   0x0000000000003f38      0x9e8 ./Drivers/STM32F3xx_HAL_Driver/Src/stm32f3xx_hal_uart.o
 .debug_frame   0x0000000000004920       0x2c c:/st/stm32cubeide_1.10.1/stm32cubeide/plugins/com.st.stm32cube.ide.mcu.externaltools.gnu-tools-for-stm32.10.3-2021.10.win32_1.0.0.202111181127/tools/bin/../lib/gcc/arm-none-eabi/10.3.1/../../../../arm-none-eabi/lib/thumb/v7e-m+fp/hard\libc_nano.a(lib_a-init.o)
 .debug_frame   0x000000000000494c       0x20 c:/st/stm32cubeide_1.10.1/stm32cubeide/plugins/com.st.stm32cube.ide.mcu.externaltools.gnu-tools-for-stm32.10.3-2021.10.win32_1.0.0.202111181127/tools/bin/../lib/gcc/arm-none-eabi/10.3.1/../../../../arm-none-eabi/lib/thumb/v7e-m+fp/hard\libc_nano.a(lib_a-memset.o)
