01:12:07 **** Incremental Build of configuration Debug for project F334Control_nucleo ****
make -j4 all 
arm-none-eabi-gcc "../Core/Src/main.c" -mcpu=cortex-m4 -std=gnu11 -g3 -DDEBUG -DUSE_HAL_DRIVER -DSTM32F334x8 -c -I../Core/Inc -I../Drivers/STM32F3xx_HAL_Driver/Inc -I../Drivers/STM32F3xx_HAL_Driver/Inc/Legacy -I../Drivers/CMSIS/Device/ST/STM32F3xx/Include -I../Drivers/CMSIS/Include -I"C:/git_project/stm32F334_HAL_Control/F334Control_nucleo/Basic/Inc" -I"C:/git_project/stm32F334_HAL_Control/F334Control_nucleo/Midware/Inc" -I"C:/git_project/stm32F334_HAL_Control/F334Control_nucleo/Hardware/Inc" -O0 -ffunction-sections -fdata-sections -Wall -fstack-usage -MMD -MP -MF"Core/Src/main.d" -MT"Core/Src/main.o" --specs=nano.specs -mfpu=fpv4-sp-d16 -mfloat-abi=hard -mthumb -o "Core/Src/main.o"
arm-none-eabi-gcc "../Core/Src/syscalls.c" -mcpu=cortex-m4 -std=gnu11 -g3 -DDEBUG -DUSE_HAL_DRIVER -DSTM32F334x8 -c -I../Core/Inc -I../Drivers/STM32F3xx_HAL_Driver/Inc -I../Drivers/STM32F3xx_HAL_Driver/Inc/Legacy -I../Drivers/CMSIS/Device/ST/STM32F3xx/Include -I../Drivers/CMSIS/Include -I"C:/git_project/stm32F334_HAL_Control/F334Control_nucleo/Basic/Inc" -I"C:/git_project/stm32F334_HAL_Control/F334Control_nucleo/Midware/Inc" -I"C:/git_project/stm32F334_HAL_Control/F334Control_nucleo/Hardware/Inc" -O0 -ffunction-sections -fdata-sections -Wall -fstack-usage -MMD -MP -MF"Core/Src/syscalls.d" -MT"Core/Src/syscalls.o" --specs=nano.specs -mfpu=fpv4-sp-d16 -mfloat-abi=hard -mthumb -o "Core/Src/syscalls.o"
arm-none-eabi-gcc "../Core/Src/sysmem.c" -mcpu=cortex-m4 -std=gnu11 -g3 -DDEBUG -DUSE_HAL_DRIVER -DSTM32F334x8 -c -I../Core/Inc -I../Drivers/STM32F3xx_HAL_Driver/Inc -I../Drivers/STM32F3xx_HAL_Driver/Inc/Legacy -I../Drivers/CMSIS/Device/ST/STM32F3xx/Include -I../Drivers/CMSIS/Include -I"C:/git_project/stm32F334_HAL_Control/F334Control_nucleo/Basic/Inc" -I"C:/git_project/stm32F334_HAL_Control/F334Control_nucleo/Midware/Inc" -I"C:/git_project/stm32F334_HAL_Control/F334Control_nucleo/Hardware/Inc" -O0 -ffunction-sections -fdata-sections -Wall -fstack-usage -MMD -MP -MF"Core/Src/sysmem.d" -MT"Core/Src/sysmem.o" --specs=nano.specs -mfpu=fpv4-sp-d16 -mfloat-abi=hard -mthumb -o "Core/Src/sysmem.o"
arm-none-eabi-gcc "../Core/Src/system_stm32f3xx.c" -mcpu=cortex-m4 -std=gnu11 -g3 -DDEBUG -DUSE_HAL_DRIVER -DSTM32F334x8 -c -I../Core/Inc -I../Drivers/STM32F3xx_HAL_Driver/Inc -I../Drivers/STM32F3xx_HAL_Driver/Inc/Legacy -I../Drivers/CMSIS/Device/ST/STM32F3xx/Include -I../Drivers/CMSIS/Include -I"C:/git_project/stm32F334_HAL_Control/F334Control_nucleo/Basic/Inc" -I"C:/git_project/stm32F334_HAL_Control/F334Control_nucleo/Midware/Inc" -I"C:/git_project/stm32F334_HAL_Control/F334Control_nucleo/Hardware/Inc" -O0 -ffunction-sections -fdata-sections -Wall -fstack-usage -MMD -MP -MF"Core/Src/system_stm32f3xx.d" -MT"Core/Src/system_stm32f3xx.o" --specs=nano.specs -mfpu=fpv4-sp-d16 -mfloat-abi=hard -mthumb -o "Core/Src/system_stm32f3xx.o"
arm-none-eabi-gcc "../Basic/Src/spi.c" -mcpu=cortex-m4 -std=gnu11 -g3 -DDEBUG -DUSE_HAL_DRIVER -DSTM32F334x8 -c -I../Core/Inc -I../Drivers/STM32F3xx_HAL_Driver/Inc -I../Drivers/STM32F3xx_HAL_Driver/Inc/Legacy -I../Drivers/CMSIS/Device/ST/STM32F3xx/Include -I../Drivers/CMSIS/Include -I"C:/git_project/stm32F334_HAL_Control/F334Control_nucleo/Basic/Inc" -I"C:/git_project/stm32F334_HAL_Control/F334Control_nucleo/Midware/Inc" -I"C:/git_project/stm32F334_HAL_Control/F334Control_nucleo/Hardware/Inc" -O0 -ffunction-sections -fdata-sections -Wall -fstack-usage -MMD -MP -MF"Basic/Src/spi.d" -MT"Basic/Src/spi.o" --specs=nano.specs -mfpu=fpv4-sp-d16 -mfloat-abi=hard -mthumb -o "Basic/Src/spi.o"
arm-none-eabi-gcc "../Basic/Src/sys.c" -mcpu=cortex-m4 -std=gnu11 -g3 -DDEBUG -DUSE_HAL_DRIVER -DSTM32F334x8 -c -I../Core/Inc -I../Drivers/STM32F3xx_HAL_Driver/Inc -I../Drivers/STM32F3xx_HAL_Driver/Inc/Legacy -I../Drivers/CMSIS/Device/ST/STM32F3xx/Include -I../Drivers/CMSIS/Include -I"C:/git_project/stm32F334_HAL_Control/F334Control_nucleo/Basic/Inc" -I"C:/git_project/stm32F334_HAL_Control/F334Control_nucleo/Midware/Inc" -I"C:/git_project/stm32F334_HAL_Control/F334Control_nucleo/Hardware/Inc" -O0 -ffunction-sections -fdata-sections -Wall -fstack-usage -MMD -MP -MF"Basic/Src/sys.d" -MT"Basic/Src/sys.o" --specs=nano.specs -mfpu=fpv4-sp-d16 -mfloat-abi=hard -mthumb -o "Basic/Src/sys.o"
arm-none-eabi-gcc -o "F334Control_nucleo.elf" @"objects.list"   -mcpu=cortex-m4 -T"C:\git_project\stm32F334_HAL_Control\F334Control_nucleo\STM32F334R8TX_FLASH.ld" --specs=nosys.specs -Wl,-Map="F334Control_nucleo.map" -Wl,--gc-sections -static --specs=nano.specs -mfpu=fpv4-sp-d16 -mfloat-abi=hard -mthumb -Wl,--start-group -lc -lm -Wl,--end-group
Finished building target: F334Control_nucleo.elf
 
arm-none-eabi-size   F334Control_nucleo.elf 
arm-none-eabi-objdump -h -S  F334Control_nucleo.elf  > "F334Control_nucleo.list"
   text	   data	    bss	    dec	    hex	filename
  39388	    152	   2928	  42468	   a5e4	F334Control_nucleo.elf
Finished building: default.size.stdout
 
Finished building: F334Control_nucleo.list
 

01:12:08 Build Finished. 0 errors, 0 warnings. (took 1s.645ms)

