01:11:47 **** Clean-only build of configuration Debug for project F334Control_nucleo ****
make -j4 clean 
rm -rf ./Midware/Src/GUI.d ./Midware/Src/GUI.o ./Midware/Src/GUI.su
rm -rf ./Hardware/Src/lcd7735.d ./Hardware/Src/lcd7735.o ./Hardware/Src/lcd7735.su ./Hardware/Src/ssd1309.d ./Hardware/Src/ssd1309.o ./Hardware/Src/ssd1309.su ./Hardware/Src/ssd1309_fonts.d ./Hardware/Src/ssd1309_fonts.o ./Hardware/Src/ssd1309_fonts.su
rm -rf ./Drivers/STM32F3xx_HAL_Driver/Src/stm32f3xx_hal.d ./Drivers/STM32F3xx_HAL_Driver/Src/stm32f3xx_hal.o ./Drivers/STM32F3xx_HAL_Driver/Src/stm32f3xx_hal.su ./Drivers/STM32F3xx_HAL_Driver/Src/stm32f3xx_hal_cortex.d ./Drivers/STM32F3xx_HAL_Driver/Src/stm32f3xx_hal_cortex.o ./Drivers/STM32F3xx_HAL_Driver/Src/stm32f3xx_hal_cortex.su ./Drivers/STM32F3xx_HAL_Driver/Src/stm32f3xx_hal_dma.d ./Drivers/STM32F3xx_HAL_Driver/Src/stm32f3xx_hal_dma.o ./Drivers/STM32F3xx_HAL_Driver/Src/stm32f3xx_hal_dma.su ./Drivers/STM32F3xx_HAL_Driver/Src/stm32f3xx_hal_exti.d ./Drivers/STM32F3xx_HAL_Driver/Src/stm32f3xx_hal_exti.o ./Drivers/STM32F3xx_HAL_Driver/Src/stm32f3xx_hal_exti.su ./Drivers/STM32F3xx_HAL_Driver/Src/stm32f3xx_hal_flash.d ./Drivers/STM32F3xx_HAL_Driver/Src/stm32f3xx_hal_flash.o ./Drivers/STM32F3xx_HAL_Driver/Src/stm32f3xx_hal_flash.su ./Drivers/STM32F3xx_HAL_Driver/Src/stm32f3xx_hal_flash_ex.d ./Drivers/STM32F3xx_HAL_Driver/Src/stm32f3xx_hal_flash_ex.o ./Drivers/STM32F3xx_HAL_Driver/Src/stm32f3xx_hal_flash_ex.su ./Drivers/STM32F3xx_HAL_Driver/Src/stm32f3xx_hal_gpio.d ./Drivers/STM32F3xx_HAL_Driver/Src/stm32f3xx_hal_gpio.o ./Drivers/STM32F3xx_HAL_Driver/Src/stm32f3xx_hal_gpio.su ./Drivers/STM32F3xx_HAL_Driver/Src/stm32f3xx_hal_i2c.d ./Drivers/STM32F3xx_HAL_Driver/Src/stm32f3xx_hal_i2c.o ./Drivers/STM32F3xx_HAL_Driver/Src/stm32f3xx_hal_i2c.su ./Drivers/STM32F3xx_HAL_Driver/Src/stm32f3xx_hal_i2c_ex.d ./Drivers/STM32F3xx_HAL_Driver/Src/stm32f3xx_hal_i2c_ex.o ./Drivers/STM32F3xx_HAL_Driver/Src/stm32f3xx_hal_i2c_ex.su ./Drivers/STM32F3xx_HAL_Driver/Src/stm32f3xx_hal_pwr.d ./Drivers/STM32F3xx_HAL_Driver/Src/stm32f3xx_hal_pwr.o ./Drivers/STM32F3xx_HAL_Driver/Src/stm32f3xx_hal_pwr.su ./Drivers/STM32F3xx_HAL_Driver/Src/stm32f3xx_hal_pwr_ex.d ./Drivers/STM32F3xx_HAL_Driver/Src/stm32f3xx_hal_pwr_ex.o ./Drivers/STM32F3xx_HAL_Driver/Src/stm32f3xx_hal_pwr_ex.su ./Drivers/STM32F3xx_HAL_Driver/Src/stm32f3xx_hal_rcc.d ./Drivers/STM32F3xx_HAL_Driver/Src/stm32f3xx_hal_rcc.o ./Drivers/STM32F3xx_HAL_Driver/Src/stm32f3xx_hal_rcc.su ./Drivers/STM32F3xx_HAL_Driver/Src/stm32f3xx_hal_rcc_ex.d ./Drivers/STM32F3xx_HAL_Driver/Src/stm32f3xx_hal_rcc_ex.o ./Drivers/STM32F3xx_HAL_Driver/Src/stm32f3xx_hal_rcc_ex.su ./Drivers/STM32F3xx_HAL_Driver/Src/stm32f3xx_hal_spi.d ./Drivers/STM32F3xx_HAL_Driver/Src/stm32f3xx_hal_spi.o ./Drivers/STM32F3xx_HAL_Driver/Src/stm32f3xx_hal_spi.su ./Drivers/STM32F3xx_HAL_Driver/Src/stm32f3xx_hal_spi_ex.d ./Drivers/STM32F3xx_HAL_Driver/Src/stm32f3xx_hal_spi_ex.o ./Drivers/STM32F3xx_HAL_Driver/Src/stm32f3xx_hal_spi_ex.su ./Drivers/STM32F3xx_HAL_Driver/Src/stm32f3xx_hal_tim.d ./Drivers/STM32F3xx_HAL_Driver/Src/stm32f3xx_hal_tim.o ./Drivers/STM32F3xx_HAL_Driver/Src/stm32f3xx_hal_tim.su ./Drivers/STM32F3xx_HAL_Driver/Src/stm32f3xx_hal_tim_ex.d ./Drivers/STM32F3xx_HAL_Driver/Src/stm32f3xx_hal_tim_ex.o ./Drivers/STM32F3xx_HAL_Driver/Src/stm32f3xx_hal_tim_ex.su ./Drivers/STM32F3xx_HAL_Driver/Src/stm32f3xx_hal_uart.d ./Drivers/STM32F3xx_HAL_Driver/Src/stm32f3xx_hal_uart.o ./Drivers/STM32F3xx_HAL_Driver/Src/stm32f3xx_hal_uart.su ./Drivers/STM32F3xx_HAL_Driver/Src/stm32f3xx_hal_uart_ex.d ./Drivers/STM32F3xx_HAL_Driver/Src/stm32f3xx_hal_uart_ex.o ./Drivers/STM32F3xx_HAL_Driver/Src/stm32f3xx_hal_uart_ex.su
rm -rf ./Core/Startup/startup_stm32f334r8tx.d ./Core/Startup/startup_stm32f334r8tx.o
rm -rf ./Core/Src/main.d ./Core/Src/main.o ./Core/Src/main.su ./Core/Src/stm32f3xx_hal_msp.d ./Core/Src/stm32f3xx_hal_msp.o ./Core/Src/stm32f3xx_hal_msp.su ./Core/Src/stm32f3xx_it.d ./Core/Src/stm32f3xx_it.o ./Core/Src/stm32f3xx_it.su ./Core/Src/syscalls.d ./Core/Src/syscalls.o ./Core/Src/syscalls.su ./Core/Src/sysmem.d ./Core/Src/sysmem.o ./Core/Src/sysmem.su ./Core/Src/system_stm32f3xx.d ./Core/Src/system_stm32f3xx.o ./Core/Src/system_stm32f3xx.su
rm -rf ./Basic/Src/spi.d ./Basic/Src/spi.o ./Basic/Src/spi.su ./Basic/Src/sys.d ./Basic/Src/sys.o ./Basic/Src/sys.su
rm -rf F334Control_nucleo.elf F334Control_nucleo.list F334Control_nucleo.map default.size.stdout
 
01:11:48 **** Build of configuration Debug for project F334Control_nucleo ****
make -j4 all 
arm-none-eabi-gcc "../Midware/Src/GUI.c" -mcpu=cortex-m4 -std=gnu11 -g3 -DDEBUG -DUSE_HAL_DRIVER -DSTM32F334x8 -c -I../Core/Inc -I../Drivers/STM32F3xx_HAL_Driver/Inc -I../Drivers/STM32F3xx_HAL_Driver/Inc/Legacy -I../Drivers/CMSIS/Device/ST/STM32F3xx/Include -I../Drivers/CMSIS/Include -I"C:/git_project/stm32F334_HAL_Control/F334Control_nucleo/Basic/Inc" -I"C:/git_project/stm32F334_HAL_Control/F334Control_nucleo/Midware/Inc" -I"C:/git_project/stm32F334_HAL_Control/F334Control_nucleo/Hardware/Inc" -O0 -ffunction-sections -fdata-sections -Wall -fstack-usage -MMD -MP -MF"Midware/Src/GUI.d" -MT"Midware/Src/GUI.o" --specs=nano.specs -mfpu=fpv4-sp-d16 -mfloat-abi=hard -mthumb -o "Midware/Src/GUI.o"
arm-none-eabi-gcc "../Hardware/Src/lcd7735.c" -mcpu=cortex-m4 -std=gnu11 -g3 -DDEBUG -DUSE_HAL_DRIVER -DSTM32F334x8 -c -I../Core/Inc -I../Drivers/STM32F3xx_HAL_Driver/Inc -I../Drivers/STM32F3xx_HAL_Driver/Inc/Legacy -I../Drivers/CMSIS/Device/ST/STM32F3xx/Include -I../Drivers/CMSIS/Include -I"C:/git_project/stm32F334_HAL_Control/F334Control_nucleo/Basic/Inc" -I"C:/git_project/stm32F334_HAL_Control/F334Control_nucleo/Midware/Inc" -I"C:/git_project/stm32F334_HAL_Control/F334Control_nucleo/Hardware/Inc" -O0 -ffunction-sections -fdata-sections -Wall -fstack-usage -MMD -MP -MF"Hardware/Src/lcd7735.d" -MT"Hardware/Src/lcd7735.o" --specs=nano.specs -mfpu=fpv4-sp-d16 -mfloat-abi=hard -mthumb -o "Hardware/Src/lcd7735.o"
arm-none-eabi-gcc "../Hardware/Src/ssd1309.c" -mcpu=cortex-m4 -std=gnu11 -g3 -DDEBUG -DUSE_HAL_DRIVER -DSTM32F334x8 -c -I../Core/Inc -I../Drivers/STM32F3xx_HAL_Driver/Inc -I../Drivers/STM32F3xx_HAL_Driver/Inc/Legacy -I../Drivers/CMSIS/Device/ST/STM32F3xx/Include -I../Drivers/CMSIS/Include -I"C:/git_project/stm32F334_HAL_Control/F334Control_nucleo/Basic/Inc" -I"C:/git_project/stm32F334_HAL_Control/F334Control_nucleo/Midware/Inc" -I"C:/git_project/stm32F334_HAL_Control/F334Control_nucleo/Hardware/Inc" -O0 -ffunction-sections -fdata-sections -Wall -fstack-usage -MMD -MP -MF"Hardware/Src/ssd1309.d" -MT"Hardware/Src/ssd1309.o" --specs=nano.specs -mfpu=fpv4-sp-d16 -mfloat-abi=hard -mthumb -o "Hardware/Src/ssd1309.o"
arm-none-eabi-gcc "../Hardware/Src/ssd1309_fonts.c" -mcpu=cortex-m4 -std=gnu11 -g3 -DDEBUG -DUSE_HAL_DRIVER -DSTM32F334x8 -c -I../Core/Inc -I../Drivers/STM32F3xx_HAL_Driver/Inc -I../Drivers/STM32F3xx_HAL_Driver/Inc/Legacy -I../Drivers/CMSIS/Device/ST/STM32F3xx/Include -I../Drivers/CMSIS/Include -I"C:/git_project/stm32F334_HAL_Control/F334Control_nucleo/Basic/Inc" -I"C:/git_project/stm32F334_HAL_Control/F334Control_nucleo/Midware/Inc" -I"C:/git_project/stm32F334_HAL_Control/F334Control_nucleo/Hardware/Inc" -O0 -ffunction-sections -fdata-sections -Wall -fstack-usage -MMD -MP -MF"Hardware/Src/ssd1309_fonts.d" -MT"Hardware/Src/ssd1309_fonts.o" --specs=nano.specs -mfpu=fpv4-sp-d16 -mfloat-abi=hard -mthumb -o "Hardware/Src/ssd1309_fonts.o"
../Midware/Src/GUI.c: In function 'English_Font_test':
../Midware/Src/GUI.c:560:15: warning: pointer targets in passing argument 1 of 'DrawTestPage' differ in signedness [-Wpointer-sign]
  560 |  DrawTestPage("English Test");
      |               ^~~~~~~~~~~~~~
      |               |
      |               char *
In file included from ../Midware/Src/GUI.c:1:
C:/git_project/stm32F334_HAL_Control/F334Control_nucleo/Midware/Inc/gui.h:31:23: note: expected 'u8 *' {aka 'unsigned char *'} but argument is of type 'char *'
   31 | void DrawTestPage(u8 *str);
      |                   ~~~~^~~
../Midware/Src/GUI.c:561:29: warning: pointer targets in passing argument 5 of 'Show_Str' differ in signedness [-Wpointer-sign]
  561 |  Show_Str(10,22,BLUE,YELLOW,"6X12:abcdefgh01234567",12,0);
      |                             ^~~~~~~~~~~~~~~~~~~~~~~
      |                             |
      |                             char *
../Midware/Src/GUI.c:467:49: note: expected 'u8 *' {aka 'unsigned char *'} but argument is of type 'char *'
  467 | void Show_Str(u16 x, u16 y, u16 fc, u16 bc, u8 *str,u8 size,u8 mode)
      |                                             ~~~~^~~
../Midware/Src/GUI.c:562:29: warning: pointer targets in passing argument 5 of 'Show_Str' differ in signedness [-Wpointer-sign]
  562 |  Show_Str(10,34,BLUE,YELLOW,"6X12:ABCDEFGH01234567",12,1);
      |                             ^~~~~~~~~~~~~~~~~~~~~~~
      |                             |
      |                             char *
../Midware/Src/GUI.c:467:49: note: expected 'u8 *' {aka 'unsigned char *'} but argument is of type 'char *'
  467 | void Show_Str(u16 x, u16 y, u16 fc, u16 bc, u8 *str,u8 size,u8 mode)
      |                                             ~~~~^~~
../Midware/Src/GUI.c:563:29: warning: pointer targets in passing argument 5 of 'Show_Str' differ in signedness [-Wpointer-sign]
  563 |  Show_Str(10,47,BLUE,YELLOW,"6X12:~!@#$%^&*()_+{}:",12,0);
      |                             ^~~~~~~~~~~~~~~~~~~~~~~
      |                             |
      |                             char *
../Midware/Src/GUI.c:467:49: note: expected 'u8 *' {aka 'unsigned char *'} but argument is of type 'char *'
  467 | void Show_Str(u16 x, u16 y, u16 fc, u16 bc, u8 *str,u8 size,u8 mode)
      |                                             ~~~~^~~
../Midware/Src/GUI.c:564:29: warning: pointer targets in passing argument 5 of 'Show_Str' differ in signedness [-Wpointer-sign]
  564 |  Show_Str(10,60,BLUE,YELLOW,"8X16:abcde01234",16,0);
      |                             ^~~~~~~~~~~~~~~~~
      |                             |
      |                             char *
../Midware/Src/GUI.c:467:49: note: expected 'u8 *' {aka 'unsigned char *'} but argument is of type 'char *'
  467 | void Show_Str(u16 x, u16 y, u16 fc, u16 bc, u8 *str,u8 size,u8 mode)
      |                                             ~~~~^~~
../Midware/Src/GUI.c:565:29: warning: pointer targets in passing argument 5 of 'Show_Str' differ in signedness [-Wpointer-sign]
  565 |  Show_Str(10,76,BLUE,YELLOW,"8X16:ABCDE01234",16,1);
      |                             ^~~~~~~~~~~~~~~~~
      |                             |
      |                             char *
../Midware/Src/GUI.c:467:49: note: expected 'u8 *' {aka 'unsigned char *'} but argument is of type 'char *'
  467 | void Show_Str(u16 x, u16 y, u16 fc, u16 bc, u8 *str,u8 size,u8 mode)
      |                                             ~~~~^~~
../Midware/Src/GUI.c:566:29: warning: pointer targets in passing argument 5 of 'Show_Str' differ in signedness [-Wpointer-sign]
  566 |  Show_Str(10,92,BLUE,YELLOW,"8X16:~!@#$%^&*()",16,0);
      |                             ^~~~~~~~~~~~~~~~~~
      |                             |
      |                             char *
../Midware/Src/GUI.c:467:49: note: expected 'u8 *' {aka 'unsigned char *'} but argument is of type 'char *'
  467 | void Show_Str(u16 x, u16 y, u16 fc, u16 bc, u8 *str,u8 size,u8 mode)
      |                                             ~~~~^~~
../Midware/Src/GUI.c: In function 'DrawTestPage':
../Midware/Src/GUI.c:577:45: warning: pointer targets in passing argument 5 of 'Gui_StrCenter' differ in signedness [-Wpointer-sign]
  577 | Gui_StrCenter(0,lcddev.height-18,WHITE,BLUE,"thank you!!!",16,1);
      |                                             ^~~~~~~~~~~~~~
      |                                             |
      |                                             char *
../Midware/Src/GUI.c:521:54: note: expected 'u8 *' {aka 'unsigned char *'} but argument is of type 'char *'
  521 | void Gui_StrCenter(u16 x, u16 y, u16 fc, u16 bc, u8 *str,u8 size,u8 mode)
      |                                                  ~~~~^~~
arm-none-eabi-gcc "../Drivers/STM32F3xx_HAL_Driver/Src/stm32f3xx_hal.c" -mcpu=cortex-m4 -std=gnu11 -g3 -DDEBUG -DUSE_HAL_DRIVER -DSTM32F334x8 -c -I../Core/Inc -I../Drivers/STM32F3xx_HAL_Driver/Inc -I../Drivers/STM32F3xx_HAL_Driver/Inc/Legacy -I../Drivers/CMSIS/Device/ST/STM32F3xx/Include -I../Drivers/CMSIS/Include -I"C:/git_project/stm32F334_HAL_Control/F334Control_nucleo/Basic/Inc" -I"C:/git_project/stm32F334_HAL_Control/F334Control_nucleo/Midware/Inc" -I"C:/git_project/stm32F334_HAL_Control/F334Control_nucleo/Hardware/Inc" -O0 -ffunction-sections -fdata-sections -Wall -fstack-usage -MMD -MP -MF"Drivers/STM32F3xx_HAL_Driver/Src/stm32f3xx_hal.d" -MT"Drivers/STM32F3xx_HAL_Driver/Src/stm32f3xx_hal.o" --specs=nano.specs -mfpu=fpv4-sp-d16 -mfloat-abi=hard -mthumb -o "Drivers/STM32F3xx_HAL_Driver/Src/stm32f3xx_hal.o"
arm-none-eabi-gcc "../Drivers/STM32F3xx_HAL_Driver/Src/stm32f3xx_hal_cortex.c" -mcpu=cortex-m4 -std=gnu11 -g3 -DDEBUG -DUSE_HAL_DRIVER -DSTM32F334x8 -c -I../Core/Inc -I../Drivers/STM32F3xx_HAL_Driver/Inc -I../Drivers/STM32F3xx_HAL_Driver/Inc/Legacy -I../Drivers/CMSIS/Device/ST/STM32F3xx/Include -I../Drivers/CMSIS/Include -I"C:/git_project/stm32F334_HAL_Control/F334Control_nucleo/Basic/Inc" -I"C:/git_project/stm32F334_HAL_Control/F334Control_nucleo/Midware/Inc" -I"C:/git_project/stm32F334_HAL_Control/F334Control_nucleo/Hardware/Inc" -O0 -ffunction-sections -fdata-sections -Wall -fstack-usage -MMD -MP -MF"Drivers/STM32F3xx_HAL_Driver/Src/stm32f3xx_hal_cortex.d" -MT"Drivers/STM32F3xx_HAL_Driver/Src/stm32f3xx_hal_cortex.o" --specs=nano.specs -mfpu=fpv4-sp-d16 -mfloat-abi=hard -mthumb -o "Drivers/STM32F3xx_HAL_Driver/Src/stm32f3xx_hal_cortex.o"
arm-none-eabi-gcc "../Drivers/STM32F3xx_HAL_Driver/Src/stm32f3xx_hal_dma.c" -mcpu=cortex-m4 -std=gnu11 -g3 -DDEBUG -DUSE_HAL_DRIVER -DSTM32F334x8 -c -I../Core/Inc -I../Drivers/STM32F3xx_HAL_Driver/Inc -I../Drivers/STM32F3xx_HAL_Driver/Inc/Legacy -I../Drivers/CMSIS/Device/ST/STM32F3xx/Include -I../Drivers/CMSIS/Include -I"C:/git_project/stm32F334_HAL_Control/F334Control_nucleo/Basic/Inc" -I"C:/git_project/stm32F334_HAL_Control/F334Control_nucleo/Midware/Inc" -I"C:/git_project/stm32F334_HAL_Control/F334Control_nucleo/Hardware/Inc" -O0 -ffunction-sections -fdata-sections -Wall -fstack-usage -MMD -MP -MF"Drivers/STM32F3xx_HAL_Driver/Src/stm32f3xx_hal_dma.d" -MT"Drivers/STM32F3xx_HAL_Driver/Src/stm32f3xx_hal_dma.o" --specs=nano.specs -mfpu=fpv4-sp-d16 -mfloat-abi=hard -mthumb -o "Drivers/STM32F3xx_HAL_Driver/Src/stm32f3xx_hal_dma.o"
arm-none-eabi-gcc "../Drivers/STM32F3xx_HAL_Driver/Src/stm32f3xx_hal_exti.c" -mcpu=cortex-m4 -std=gnu11 -g3 -DDEBUG -DUSE_HAL_DRIVER -DSTM32F334x8 -c -I../Core/Inc -I../Drivers/STM32F3xx_HAL_Driver/Inc -I../Drivers/STM32F3xx_HAL_Driver/Inc/Legacy -I../Drivers/CMSIS/Device/ST/STM32F3xx/Include -I../Drivers/CMSIS/Include -I"C:/git_project/stm32F334_HAL_Control/F334Control_nucleo/Basic/Inc" -I"C:/git_project/stm32F334_HAL_Control/F334Control_nucleo/Midware/Inc" -I"C:/git_project/stm32F334_HAL_Control/F334Control_nucleo/Hardware/Inc" -O0 -ffunction-sections -fdata-sections -Wall -fstack-usage -MMD -MP -MF"Drivers/STM32F3xx_HAL_Driver/Src/stm32f3xx_hal_exti.d" -MT"Drivers/STM32F3xx_HAL_Driver/Src/stm32f3xx_hal_exti.o" --specs=nano.specs -mfpu=fpv4-sp-d16 -mfloat-abi=hard -mthumb -o "Drivers/STM32F3xx_HAL_Driver/Src/stm32f3xx_hal_exti.o"
arm-none-eabi-gcc "../Drivers/STM32F3xx_HAL_Driver/Src/stm32f3xx_hal_flash.c" -mcpu=cortex-m4 -std=gnu11 -g3 -DDEBUG -DUSE_HAL_DRIVER -DSTM32F334x8 -c -I../Core/Inc -I../Drivers/STM32F3xx_HAL_Driver/Inc -I../Drivers/STM32F3xx_HAL_Driver/Inc/Legacy -I../Drivers/CMSIS/Device/ST/STM32F3xx/Include -I../Drivers/CMSIS/Include -I"C:/git_project/stm32F334_HAL_Control/F334Control_nucleo/Basic/Inc" -I"C:/git_project/stm32F334_HAL_Control/F334Control_nucleo/Midware/Inc" -I"C:/git_project/stm32F334_HAL_Control/F334Control_nucleo/Hardware/Inc" -O0 -ffunction-sections -fdata-sections -Wall -fstack-usage -MMD -MP -MF"Drivers/STM32F3xx_HAL_Driver/Src/stm32f3xx_hal_flash.d" -MT"Drivers/STM32F3xx_HAL_Driver/Src/stm32f3xx_hal_flash.o" --specs=nano.specs -mfpu=fpv4-sp-d16 -mfloat-abi=hard -mthumb -o "Drivers/STM32F3xx_HAL_Driver/Src/stm32f3xx_hal_flash.o"
arm-none-eabi-gcc "../Drivers/STM32F3xx_HAL_Driver/Src/stm32f3xx_hal_flash_ex.c" -mcpu=cortex-m4 -std=gnu11 -g3 -DDEBUG -DUSE_HAL_DRIVER -DSTM32F334x8 -c -I../Core/Inc -I../Drivers/STM32F3xx_HAL_Driver/Inc -I../Drivers/STM32F3xx_HAL_Driver/Inc/Legacy -I../Drivers/CMSIS/Device/ST/STM32F3xx/Include -I../Drivers/CMSIS/Include -I"C:/git_project/stm32F334_HAL_Control/F334Control_nucleo/Basic/Inc" -I"C:/git_project/stm32F334_HAL_Control/F334Control_nucleo/Midware/Inc" -I"C:/git_project/stm32F334_HAL_Control/F334Control_nucleo/Hardware/Inc" -O0 -ffunction-sections -fdata-sections -Wall -fstack-usage -MMD -MP -MF"Drivers/STM32F3xx_HAL_Driver/Src/stm32f3xx_hal_flash_ex.d" -MT"Drivers/STM32F3xx_HAL_Driver/Src/stm32f3xx_hal_flash_ex.o" --specs=nano.specs -mfpu=fpv4-sp-d16 -mfloat-abi=hard -mthumb -o "Drivers/STM32F3xx_HAL_Driver/Src/stm32f3xx_hal_flash_ex.o"
arm-none-eabi-gcc "../Drivers/STM32F3xx_HAL_Driver/Src/stm32f3xx_hal_gpio.c" -mcpu=cortex-m4 -std=gnu11 -g3 -DDEBUG -DUSE_HAL_DRIVER -DSTM32F334x8 -c -I../Core/Inc -I../Drivers/STM32F3xx_HAL_Driver/Inc -I../Drivers/STM32F3xx_HAL_Driver/Inc/Legacy -I../Drivers/CMSIS/Device/ST/STM32F3xx/Include -I../Drivers/CMSIS/Include -I"C:/git_project/stm32F334_HAL_Control/F334Control_nucleo/Basic/Inc" -I"C:/git_project/stm32F334_HAL_Control/F334Control_nucleo/Midware/Inc" -I"C:/git_project/stm32F334_HAL_Control/F334Control_nucleo/Hardware/Inc" -O0 -ffunction-sections -fdata-sections -Wall -fstack-usage -MMD -MP -MF"Drivers/STM32F3xx_HAL_Driver/Src/stm32f3xx_hal_gpio.d" -MT"Drivers/STM32F3xx_HAL_Driver/Src/stm32f3xx_hal_gpio.o" --specs=nano.specs -mfpu=fpv4-sp-d16 -mfloat-abi=hard -mthumb -o "Drivers/STM32F3xx_HAL_Driver/Src/stm32f3xx_hal_gpio.o"
arm-none-eabi-gcc "../Drivers/STM32F3xx_HAL_Driver/Src/stm32f3xx_hal_i2c.c" -mcpu=cortex-m4 -std=gnu11 -g3 -DDEBUG -DUSE_HAL_DRIVER -DSTM32F334x8 -c -I../Core/Inc -I../Drivers/STM32F3xx_HAL_Driver/Inc -I../Drivers/STM32F3xx_HAL_Driver/Inc/Legacy -I../Drivers/CMSIS/Device/ST/STM32F3xx/Include -I../Drivers/CMSIS/Include -I"C:/git_project/stm32F334_HAL_Control/F334Control_nucleo/Basic/Inc" -I"C:/git_project/stm32F334_HAL_Control/F334Control_nucleo/Midware/Inc" -I"C:/git_project/stm32F334_HAL_Control/F334Control_nucleo/Hardware/Inc" -O0 -ffunction-sections -fdata-sections -Wall -fstack-usage -MMD -MP -MF"Drivers/STM32F3xx_HAL_Driver/Src/stm32f3xx_hal_i2c.d" -MT"Drivers/STM32F3xx_HAL_Driver/Src/stm32f3xx_hal_i2c.o" --specs=nano.specs -mfpu=fpv4-sp-d16 -mfloat-abi=hard -mthumb -o "Drivers/STM32F3xx_HAL_Driver/Src/stm32f3xx_hal_i2c.o"
arm-none-eabi-gcc "../Drivers/STM32F3xx_HAL_Driver/Src/stm32f3xx_hal_i2c_ex.c" -mcpu=cortex-m4 -std=gnu11 -g3 -DDEBUG -DUSE_HAL_DRIVER -DSTM32F334x8 -c -I../Core/Inc -I../Drivers/STM32F3xx_HAL_Driver/Inc -I../Drivers/STM32F3xx_HAL_Driver/Inc/Legacy -I../Drivers/CMSIS/Device/ST/STM32F3xx/Include -I../Drivers/CMSIS/Include -I"C:/git_project/stm32F334_HAL_Control/F334Control_nucleo/Basic/Inc" -I"C:/git_project/stm32F334_HAL_Control/F334Control_nucleo/Midware/Inc" -I"C:/git_project/stm32F334_HAL_Control/F334Control_nucleo/Hardware/Inc" -O0 -ffunction-sections -fdata-sections -Wall -fstack-usage -MMD -MP -MF"Drivers/STM32F3xx_HAL_Driver/Src/stm32f3xx_hal_i2c_ex.d" -MT"Drivers/STM32F3xx_HAL_Driver/Src/stm32f3xx_hal_i2c_ex.o" --specs=nano.specs -mfpu=fpv4-sp-d16 -mfloat-abi=hard -mthumb -o "Drivers/STM32F3xx_HAL_Driver/Src/stm32f3xx_hal_i2c_ex.o"
arm-none-eabi-gcc "../Drivers/STM32F3xx_HAL_Driver/Src/stm32f3xx_hal_pwr.c" -mcpu=cortex-m4 -std=gnu11 -g3 -DDEBUG -DUSE_HAL_DRIVER -DSTM32F334x8 -c -I../Core/Inc -I../Drivers/STM32F3xx_HAL_Driver/Inc -I../Drivers/STM32F3xx_HAL_Driver/Inc/Legacy -I../Drivers/CMSIS/Device/ST/STM32F3xx/Include -I../Drivers/CMSIS/Include -I"C:/git_project/stm32F334_HAL_Control/F334Control_nucleo/Basic/Inc" -I"C:/git_project/stm32F334_HAL_Control/F334Control_nucleo/Midware/Inc" -I"C:/git_project/stm32F334_HAL_Control/F334Control_nucleo/Hardware/Inc" -O0 -ffunction-sections -fdata-sections -Wall -fstack-usage -MMD -MP -MF"Drivers/STM32F3xx_HAL_Driver/Src/stm32f3xx_hal_pwr.d" -MT"Drivers/STM32F3xx_HAL_Driver/Src/stm32f3xx_hal_pwr.o" --specs=nano.specs -mfpu=fpv4-sp-d16 -mfloat-abi=hard -mthumb -o "Drivers/STM32F3xx_HAL_Driver/Src/stm32f3xx_hal_pwr.o"
arm-none-eabi-gcc "../Drivers/STM32F3xx_HAL_Driver/Src/stm32f3xx_hal_pwr_ex.c" -mcpu=cortex-m4 -std=gnu11 -g3 -DDEBUG -DUSE_HAL_DRIVER -DSTM32F334x8 -c -I../Core/Inc -I../Drivers/STM32F3xx_HAL_Driver/Inc -I../Drivers/STM32F3xx_HAL_Driver/Inc/Legacy -I../Drivers/CMSIS/Device/ST/STM32F3xx/Include -I../Drivers/CMSIS/Include -I"C:/git_project/stm32F334_HAL_Control/F334Control_nucleo/Basic/Inc" -I"C:/git_project/stm32F334_HAL_Control/F334Control_nucleo/Midware/Inc" -I"C:/git_project/stm32F334_HAL_Control/F334Control_nucleo/Hardware/Inc" -O0 -ffunction-sections -fdata-sections -Wall -fstack-usage -MMD -MP -MF"Drivers/STM32F3xx_HAL_Driver/Src/stm32f3xx_hal_pwr_ex.d" -MT"Drivers/STM32F3xx_HAL_Driver/Src/stm32f3xx_hal_pwr_ex.o" --specs=nano.specs -mfpu=fpv4-sp-d16 -mfloat-abi=hard -mthumb -o "Drivers/STM32F3xx_HAL_Driver/Src/stm32f3xx_hal_pwr_ex.o"
arm-none-eabi-gcc "../Drivers/STM32F3xx_HAL_Driver/Src/stm32f3xx_hal_rcc.c" -mcpu=cortex-m4 -std=gnu11 -g3 -DDEBUG -DUSE_HAL_DRIVER -DSTM32F334x8 -c -I../Core/Inc -I../Drivers/STM32F3xx_HAL_Driver/Inc -I../Drivers/STM32F3xx_HAL_Driver/Inc/Legacy -I../Drivers/CMSIS/Device/ST/STM32F3xx/Include -I../Drivers/CMSIS/Include -I"C:/git_project/stm32F334_HAL_Control/F334Control_nucleo/Basic/Inc" -I"C:/git_project/stm32F334_HAL_Control/F334Control_nucleo/Midware/Inc" -I"C:/git_project/stm32F334_HAL_Control/F334Control_nucleo/Hardware/Inc" -O0 -ffunction-sections -fdata-sections -Wall -fstack-usage -MMD -MP -MF"Drivers/STM32F3xx_HAL_Driver/Src/stm32f3xx_hal_rcc.d" -MT"Drivers/STM32F3xx_HAL_Driver/Src/stm32f3xx_hal_rcc.o" --specs=nano.specs -mfpu=fpv4-sp-d16 -mfloat-abi=hard -mthumb -o "Drivers/STM32F3xx_HAL_Driver/Src/stm32f3xx_hal_rcc.o"
arm-none-eabi-gcc "../Drivers/STM32F3xx_HAL_Driver/Src/stm32f3xx_hal_rcc_ex.c" -mcpu=cortex-m4 -std=gnu11 -g3 -DDEBUG -DUSE_HAL_DRIVER -DSTM32F334x8 -c -I../Core/Inc -I../Drivers/STM32F3xx_HAL_Driver/Inc -I../Drivers/STM32F3xx_HAL_Driver/Inc/Legacy -I../Drivers/CMSIS/Device/ST/STM32F3xx/Include -I../Drivers/CMSIS/Include -I"C:/git_project/stm32F334_HAL_Control/F334Control_nucleo/Basic/Inc" -I"C:/git_project/stm32F334_HAL_Control/F334Control_nucleo/Midware/Inc" -I"C:/git_project/stm32F334_HAL_Control/F334Control_nucleo/Hardware/Inc" -O0 -ffunction-sections -fdata-sections -Wall -fstack-usage -MMD -MP -MF"Drivers/STM32F3xx_HAL_Driver/Src/stm32f3xx_hal_rcc_ex.d" -MT"Drivers/STM32F3xx_HAL_Driver/Src/stm32f3xx_hal_rcc_ex.o" --specs=nano.specs -mfpu=fpv4-sp-d16 -mfloat-abi=hard -mthumb -o "Drivers/STM32F3xx_HAL_Driver/Src/stm32f3xx_hal_rcc_ex.o"
arm-none-eabi-gcc "../Drivers/STM32F3xx_HAL_Driver/Src/stm32f3xx_hal_spi.c" -mcpu=cortex-m4 -std=gnu11 -g3 -DDEBUG -DUSE_HAL_DRIVER -DSTM32F334x8 -c -I../Core/Inc -I../Drivers/STM32F3xx_HAL_Driver/Inc -I../Drivers/STM32F3xx_HAL_Driver/Inc/Legacy -I../Drivers/CMSIS/Device/ST/STM32F3xx/Include -I../Drivers/CMSIS/Include -I"C:/git_project/stm32F334_HAL_Control/F334Control_nucleo/Basic/Inc" -I"C:/git_project/stm32F334_HAL_Control/F334Control_nucleo/Midware/Inc" -I"C:/git_project/stm32F334_HAL_Control/F334Control_nucleo/Hardware/Inc" -O0 -ffunction-sections -fdata-sections -Wall -fstack-usage -MMD -MP -MF"Drivers/STM32F3xx_HAL_Driver/Src/stm32f3xx_hal_spi.d" -MT"Drivers/STM32F3xx_HAL_Driver/Src/stm32f3xx_hal_spi.o" --specs=nano.specs -mfpu=fpv4-sp-d16 -mfloat-abi=hard -mthumb -o "Drivers/STM32F3xx_HAL_Driver/Src/stm32f3xx_hal_spi.o"
arm-none-eabi-gcc "../Drivers/STM32F3xx_HAL_Driver/Src/stm32f3xx_hal_spi_ex.c" -mcpu=cortex-m4 -std=gnu11 -g3 -DDEBUG -DUSE_HAL_DRIVER -DSTM32F334x8 -c -I../Core/Inc -I../Drivers/STM32F3xx_HAL_Driver/Inc -I../Drivers/STM32F3xx_HAL_Driver/Inc/Legacy -I../Drivers/CMSIS/Device/ST/STM32F3xx/Include -I../Drivers/CMSIS/Include -I"C:/git_project/stm32F334_HAL_Control/F334Control_nucleo/Basic/Inc" -I"C:/git_project/stm32F334_HAL_Control/F334Control_nucleo/Midware/Inc" -I"C:/git_project/stm32F334_HAL_Control/F334Control_nucleo/Hardware/Inc" -O0 -ffunction-sections -fdata-sections -Wall -fstack-usage -MMD -MP -MF"Drivers/STM32F3xx_HAL_Driver/Src/stm32f3xx_hal_spi_ex.d" -MT"Drivers/STM32F3xx_HAL_Driver/Src/stm32f3xx_hal_spi_ex.o" --specs=nano.specs -mfpu=fpv4-sp-d16 -mfloat-abi=hard -mthumb -o "Drivers/STM32F3xx_HAL_Driver/Src/stm32f3xx_hal_spi_ex.o"
arm-none-eabi-gcc "../Drivers/STM32F3xx_HAL_Driver/Src/stm32f3xx_hal_tim.c" -mcpu=cortex-m4 -std=gnu11 -g3 -DDEBUG -DUSE_HAL_DRIVER -DSTM32F334x8 -c -I../Core/Inc -I../Drivers/STM32F3xx_HAL_Driver/Inc -I../Drivers/STM32F3xx_HAL_Driver/Inc/Legacy -I../Drivers/CMSIS/Device/ST/STM32F3xx/Include -I../Drivers/CMSIS/Include -I"C:/git_project/stm32F334_HAL_Control/F334Control_nucleo/Basic/Inc" -I"C:/git_project/stm32F334_HAL_Control/F334Control_nucleo/Midware/Inc" -I"C:/git_project/stm32F334_HAL_Control/F334Control_nucleo/Hardware/Inc" -O0 -ffunction-sections -fdata-sections -Wall -fstack-usage -MMD -MP -MF"Drivers/STM32F3xx_HAL_Driver/Src/stm32f3xx_hal_tim.d" -MT"Drivers/STM32F3xx_HAL_Driver/Src/stm32f3xx_hal_tim.o" --specs=nano.specs -mfpu=fpv4-sp-d16 -mfloat-abi=hard -mthumb -o "Drivers/STM32F3xx_HAL_Driver/Src/stm32f3xx_hal_tim.o"
arm-none-eabi-gcc "../Drivers/STM32F3xx_HAL_Driver/Src/stm32f3xx_hal_tim_ex.c" -mcpu=cortex-m4 -std=gnu11 -g3 -DDEBUG -DUSE_HAL_DRIVER -DSTM32F334x8 -c -I../Core/Inc -I../Drivers/STM32F3xx_HAL_Driver/Inc -I../Drivers/STM32F3xx_HAL_Driver/Inc/Legacy -I../Drivers/CMSIS/Device/ST/STM32F3xx/Include -I../Drivers/CMSIS/Include -I"C:/git_project/stm32F334_HAL_Control/F334Control_nucleo/Basic/Inc" -I"C:/git_project/stm32F334_HAL_Control/F334Control_nucleo/Midware/Inc" -I"C:/git_project/stm32F334_HAL_Control/F334Control_nucleo/Hardware/Inc" -O0 -ffunction-sections -fdata-sections -Wall -fstack-usage -MMD -MP -MF"Drivers/STM32F3xx_HAL_Driver/Src/stm32f3xx_hal_tim_ex.d" -MT"Drivers/STM32F3xx_HAL_Driver/Src/stm32f3xx_hal_tim_ex.o" --specs=nano.specs -mfpu=fpv4-sp-d16 -mfloat-abi=hard -mthumb -o "Drivers/STM32F3xx_HAL_Driver/Src/stm32f3xx_hal_tim_ex.o"
arm-none-eabi-gcc "../Drivers/STM32F3xx_HAL_Driver/Src/stm32f3xx_hal_uart.c" -mcpu=cortex-m4 -std=gnu11 -g3 -DDEBUG -DUSE_HAL_DRIVER -DSTM32F334x8 -c -I../Core/Inc -I../Drivers/STM32F3xx_HAL_Driver/Inc -I../Drivers/STM32F3xx_HAL_Driver/Inc/Legacy -I../Drivers/CMSIS/Device/ST/STM32F3xx/Include -I../Drivers/CMSIS/Include -I"C:/git_project/stm32F334_HAL_Control/F334Control_nucleo/Basic/Inc" -I"C:/git_project/stm32F334_HAL_Control/F334Control_nucleo/Midware/Inc" -I"C:/git_project/stm32F334_HAL_Control/F334Control_nucleo/Hardware/Inc" -O0 -ffunction-sections -fdata-sections -Wall -fstack-usage -MMD -MP -MF"Drivers/STM32F3xx_HAL_Driver/Src/stm32f3xx_hal_uart.d" -MT"Drivers/STM32F3xx_HAL_Driver/Src/stm32f3xx_hal_uart.o" --specs=nano.specs -mfpu=fpv4-sp-d16 -mfloat-abi=hard -mthumb -o "Drivers/STM32F3xx_HAL_Driver/Src/stm32f3xx_hal_uart.o"
arm-none-eabi-gcc "../Drivers/STM32F3xx_HAL_Driver/Src/stm32f3xx_hal_uart_ex.c" -mcpu=cortex-m4 -std=gnu11 -g3 -DDEBUG -DUSE_HAL_DRIVER -DSTM32F334x8 -c -I../Core/Inc -I../Drivers/STM32F3xx_HAL_Driver/Inc -I../Drivers/STM32F3xx_HAL_Driver/Inc/Legacy -I../Drivers/CMSIS/Device/ST/STM32F3xx/Include -I../Drivers/CMSIS/Include -I"C:/git_project/stm32F334_HAL_Control/F334Control_nucleo/Basic/Inc" -I"C:/git_project/stm32F334_HAL_Control/F334Control_nucleo/Midware/Inc" -I"C:/git_project/stm32F334_HAL_Control/F334Control_nucleo/Hardware/Inc" -O0 -ffunction-sections -fdata-sections -Wall -fstack-usage -MMD -MP -MF"Drivers/STM32F3xx_HAL_Driver/Src/stm32f3xx_hal_uart_ex.d" -MT"Drivers/STM32F3xx_HAL_Driver/Src/stm32f3xx_hal_uart_ex.o" --specs=nano.specs -mfpu=fpv4-sp-d16 -mfloat-abi=hard -mthumb -o "Drivers/STM32F3xx_HAL_Driver/Src/stm32f3xx_hal_uart_ex.o"
arm-none-eabi-gcc -mcpu=cortex-m4 -g3 -DDEBUG -c -x assembler-with-cpp -MMD -MP -MF"Core/Startup/startup_stm32f334r8tx.d" -MT"Core/Startup/startup_stm32f334r8tx.o" --specs=nano.specs -mfpu=fpv4-sp-d16 -mfloat-abi=hard -mthumb -o "Core/Startup/startup_stm32f334r8tx.o" "../Core/Startup/startup_stm32f334r8tx.s"
arm-none-eabi-gcc "../Core/Src/main.c" -mcpu=cortex-m4 -std=gnu11 -g3 -DDEBUG -DUSE_HAL_DRIVER -DSTM32F334x8 -c -I../Core/Inc -I../Drivers/STM32F3xx_HAL_Driver/Inc -I../Drivers/STM32F3xx_HAL_Driver/Inc/Legacy -I../Drivers/CMSIS/Device/ST/STM32F3xx/Include -I../Drivers/CMSIS/Include -I"C:/git_project/stm32F334_HAL_Control/F334Control_nucleo/Basic/Inc" -I"C:/git_project/stm32F334_HAL_Control/F334Control_nucleo/Midware/Inc" -I"C:/git_project/stm32F334_HAL_Control/F334Control_nucleo/Hardware/Inc" -O0 -ffunction-sections -fdata-sections -Wall -fstack-usage -MMD -MP -MF"Core/Src/main.d" -MT"Core/Src/main.o" --specs=nano.specs -mfpu=fpv4-sp-d16 -mfloat-abi=hard -mthumb -o "Core/Src/main.o"
arm-none-eabi-gcc "../Core/Src/stm32f3xx_hal_msp.c" -mcpu=cortex-m4 -std=gnu11 -g3 -DDEBUG -DUSE_HAL_DRIVER -DSTM32F334x8 -c -I../Core/Inc -I../Drivers/STM32F3xx_HAL_Driver/Inc -I../Drivers/STM32F3xx_HAL_Driver/Inc/Legacy -I../Drivers/CMSIS/Device/ST/STM32F3xx/Include -I../Drivers/CMSIS/Include -I"C:/git_project/stm32F334_HAL_Control/F334Control_nucleo/Basic/Inc" -I"C:/git_project/stm32F334_HAL_Control/F334Control_nucleo/Midware/Inc" -I"C:/git_project/stm32F334_HAL_Control/F334Control_nucleo/Hardware/Inc" -O0 -ffunction-sections -fdata-sections -Wall -fstack-usage -MMD -MP -MF"Core/Src/stm32f3xx_hal_msp.d" -MT"Core/Src/stm32f3xx_hal_msp.o" --specs=nano.specs -mfpu=fpv4-sp-d16 -mfloat-abi=hard -mthumb -o "Core/Src/stm32f3xx_hal_msp.o"
../Core/Src/main.c:61:13: error: static declaration of 'MX_SPI1_Init' follows non-static declaration
   61 | static void MX_SPI1_Init(void);
      |             ^~~~~~~~~~~~
In file included from ../Core/Src/main.c:26:
C:/git_project/stm32F334_HAL_Control/F334Control_nucleo/Basic/Inc/spi.h:7:6: note: previous declaration of 'MX_SPI1_Init' was here
    7 | void MX_SPI1_Init(void);
      |      ^~~~~~~~~~~~
../Core/Src/main.c:61:13: warning: 'MX_SPI1_Init' used but never defined
   61 | static void MX_SPI1_Init(void);
      |             ^~~~~~~~~~~~
arm-none-eabi-gcc "../Core/Src/stm32f3xx_it.c" -mcpu=cortex-m4 -std=gnu11 -g3 -DDEBUG -DUSE_HAL_DRIVER -DSTM32F334x8 -c -I../Core/Inc -I../Drivers/STM32F3xx_HAL_Driver/Inc -I../Drivers/STM32F3xx_HAL_Driver/Inc/Legacy -I../Drivers/CMSIS/Device/ST/STM32F3xx/Include -I../Drivers/CMSIS/Include -I"C:/git_project/stm32F334_HAL_Control/F334Control_nucleo/Basic/Inc" -I"C:/git_project/stm32F334_HAL_Control/F334Control_nucleo/Midware/Inc" -I"C:/git_project/stm32F334_HAL_Control/F334Control_nucleo/Hardware/Inc" -O0 -ffunction-sections -fdata-sections -Wall -fstack-usage -MMD -MP -MF"Core/Src/stm32f3xx_it.d" -MT"Core/Src/stm32f3xx_it.o" --specs=nano.specs -mfpu=fpv4-sp-d16 -mfloat-abi=hard -mthumb -o "Core/Src/stm32f3xx_it.o"
make: *** [Core/Src/subdir.mk:34: Core/Src/main.o] Error 1
make: *** Waiting for unfinished jobs....
"make -j4 all" terminated with exit code 2. Build might be incomplete.
01:12:07 **** Incremental Build of configuration Debug for project F334Control_nucleo ****
make -j4 all 
arm-none-eabi-gcc "../Core/Src/main.c" -mcpu=cortex-m4 -std=gnu11 -g3 -DDEBUG -DUSE_HAL_DRIVER -DSTM32F334x8 -c -I../Core/Inc -I../Drivers/STM32F3xx_HAL_Driver/Inc -I../Drivers/STM32F3xx_HAL_Driver/Inc/Legacy -I../Drivers/CMSIS/Device/ST/STM32F3xx/Include -I../Drivers/CMSIS/Include -I"C:/git_project/stm32F334_HAL_Control/F334Control_nucleo/Basic/Inc" -I"C:/git_project/stm32F334_HAL_Control/F334Control_nucleo/Midware/Inc" -I"C:/git_project/stm32F334_HAL_Control/F334Control_nucleo/Hardware/Inc" -O0 -ffunction-sections -fdata-sections -Wall -fstack-usage -MMD -MP -MF"Core/Src/main.d" -MT"Core/Src/main.o" --specs=nano.specs -mfpu=fpv4-sp-d16 -mfloat-abi=hard -mthumb -o "Core/Src/main.o"
arm-none-eabi-gcc "../Core/Src/syscalls.c" -mcpu=cortex-m4 -std=gnu11 -g3 -DDEBUG -DUSE_HAL_DRIVER -DSTM32F334x8 -c -I../Core/Inc -I../Drivers/STM32F3xx_HAL_Driver/Inc -I../Drivers/STM32F3xx_HAL_Driver/Inc/Legacy -I../Drivers/CMSIS/Device/ST/STM32F3xx/Include -I../Drivers/CMSIS/Include -I"C:/git_project/stm32F334_HAL_Control/F334Control_nucleo/Basic/Inc" -I"C:/git_project/stm32F334_HAL_Control/F334Control_nucleo/Midware/Inc" -I"C:/git_project/stm32F334_HAL_Control/F334Control_nucleo/Hardware/Inc" -O0 -ffunction-sections -fdata-sections -Wall -fstack-usage -MMD -MP -MF"Core/Src/syscalls.d" -MT"Core/Src/syscalls.o" --specs=nano.specs -mfpu=fpv4-sp-d16 -mfloat-abi=hard -mthumb -o "Core/Src/syscalls.o"
arm-none-eabi-gcc "../Core/Src/sysmem.c" -mcpu=cortex-m4 -std=gnu11 -g3 -DDEBUG -DUSE_HAL_DRIVER -DSTM32F334x8 -c -I../Core/Inc -I../Drivers/STM32F3xx_HAL_Driver/Inc -I../Drivers/STM32F3xx_HAL_Driver/Inc/Legacy -I../Drivers/CMSIS/Device/ST/STM32F3xx/Include -I../Drivers/CMSIS/Include -I"C:/git_project/stm32F334_HAL_Control/F334Control_nucleo/Basic/Inc" -I"C:/git_project/stm32F334_HAL_Control/F334Control_nucleo/Midware/Inc" -I"C:/git_project/stm32F334_HAL_Control/F334Control_nucleo/Hardware/Inc" -O0 -ffunction-sections -fdata-sections -Wall -fstack-usage -MMD -MP -MF"Core/Src/sysmem.d" -MT"Core/Src/sysmem.o" --specs=nano.specs -mfpu=fpv4-sp-d16 -mfloat-abi=hard -mthumb -o "Core/Src/sysmem.o"
arm-none-eabi-gcc "../Core/Src/system_stm32f3xx.c" -mcpu=cortex-m4 -std=gnu11 -g3 -DDEBUG -DUSE_HAL_DRIVER -DSTM32F334x8 -c -I../Core/Inc -I../Drivers/STM32F3xx_HAL_Driver/Inc -I../Drivers/STM32F3xx_HAL_Driver/Inc/Legacy -I../Drivers/CMSIS/Device/ST/STM32F3xx/Include -I../Drivers/CMSIS/Include -I"C:/git_project/stm32F334_HAL_Control/F334Control_nucleo/Basic/Inc" -I"C:/git_project/stm32F334_HAL_Control/F334Control_nucleo/Midware/Inc" -I"C:/git_project/stm32F334_HAL_Control/F334Control_nucleo/Hardware/Inc" -O0 -ffunction-sections -fdata-sections -Wall -fstack-usage -MMD -MP -MF"Core/Src/system_stm32f3xx.d" -MT"Core/Src/system_stm32f3xx.o" --specs=nano.specs -mfpu=fpv4-sp-d16 -mfloat-abi=hard -mthumb -o "Core/Src/system_stm32f3xx.o"
arm-none-eabi-gcc "../Basic/Src/spi.c" -mcpu=cortex-m4 -std=gnu11 -g3 -DDEBUG -DUSE_HAL_DRIVER -DSTM32F334x8 -c -I../Core/Inc -I../Drivers/STM32F3xx_HAL_Driver/Inc -I../Drivers/STM32F3xx_HAL_Driver/Inc/Legacy -I../Drivers/CMSIS/Device/ST/STM32F3xx/Include -I../Drivers/CMSIS/Include -I"C:/git_project/stm32F334_HAL_Control/F334Control_nucleo/Basic/Inc" -I"C:/git_project/stm32F334_HAL_Control/F334Control_nucleo/Midware/Inc" -I"C:/git_project/stm32F334_HAL_Control/F334Control_nucleo/Hardware/Inc" -O0 -ffunction-sections -fdata-sections -Wall -fstack-usage -MMD -MP -MF"Basic/Src/spi.d" -MT"Basic/Src/spi.o" --specs=nano.specs -mfpu=fpv4-sp-d16 -mfloat-abi=hard -mthumb -o "Basic/Src/spi.o"
arm-none-eabi-gcc "../Basic/Src/sys.c" -mcpu=cortex-m4 -std=gnu11 -g3 -DDEBUG -DUSE_HAL_DRIVER -DSTM32F334x8 -c -I../Core/Inc -I../Drivers/STM32F3xx_HAL_Driver/Inc -I../Drivers/STM32F3xx_HAL_Driver/Inc/Legacy -I../Drivers/CMSIS/Device/ST/STM32F3xx/Include -I../Drivers/CMSIS/Include -I"C:/git_project/stm32F334_HAL_Control/F334Control_nucleo/Basic/Inc" -I"C:/git_project/stm32F334_HAL_Control/F334Control_nucleo/Midware/Inc" -I"C:/git_project/stm32F334_HAL_Control/F334Control_nucleo/Hardware/Inc" -O0 -ffunction-sections -fdata-sections -Wall -fstack-usage -MMD -MP -MF"Basic/Src/sys.d" -MT"Basic/Src/sys.o" --specs=nano.specs -mfpu=fpv4-sp-d16 -mfloat-abi=hard -mthumb -o "Basic/Src/sys.o"
arm-none-eabi-gcc -o "F334Control_nucleo.elf" @"objects.list"   -mcpu=cortex-m4 -T"C:\git_project\stm32F334_HAL_Control\F334Control_nucleo\STM32F334R8TX_FLASH.ld" --specs=nosys.specs -Wl,-Map="F334Control_nucleo.map" -Wl,--gc-sections -static --specs=nano.specs -mfpu=fpv4-sp-d16 -mfloat-abi=hard -mthumb -Wl,--start-group -lc -lm -Wl,--end-group
Finished building target: F334Control_nucleo.elf
 
arm-none-eabi-size   F334Control_nucleo.elf 
arm-none-eabi-objdump -h -S  F334Control_nucleo.elf  > "F334Control_nucleo.list"
   text	   data	    bss	    dec	    hex	filename
  39388	    152	   2928	  42468	   a5e4	F334Control_nucleo.elf
Finished building: default.size.stdout
 
Finished building: F334Control_nucleo.list
 
19:20:42 **** Incremental Build of configuration Debug for project F334Control_nucleo ****
make -j4 all 
arm-none-eabi-gcc "../Midware/Src/GUI.c" -mcpu=cortex-m4 -std=gnu11 -g3 -DDEBUG -DUSE_HAL_DRIVER -DSTM32F334x8 -c -I../Core/Inc -I../Drivers/STM32F3xx_HAL_Driver/Inc -I../Drivers/STM32F3xx_HAL_Driver/Inc/Legacy -I../Drivers/CMSIS/Device/ST/STM32F3xx/Include -I../Drivers/CMSIS/Include -I"C:/git_project/stm32F334_HAL_Control/F334Control_nucleo/Basic/Inc" -I"C:/git_project/stm32F334_HAL_Control/F334Control_nucleo/Midware/Inc" -I"C:/git_project/stm32F334_HAL_Control/F334Control_nucleo/Hardware/Inc" -O0 -ffunction-sections -fdata-sections -Wall -fstack-usage -MMD -MP -MF"Midware/Src/GUI.d" -MT"Midware/Src/GUI.o" --specs=nano.specs -mfpu=fpv4-sp-d16 -mfloat-abi=hard -mthumb -o "Midware/Src/GUI.o"
arm-none-eabi-gcc "../Hardware/Src/lcd7735.c" -mcpu=cortex-m4 -std=gnu11 -g3 -DDEBUG -DUSE_HAL_DRIVER -DSTM32F334x8 -c -I../Core/Inc -I../Drivers/STM32F3xx_HAL_Driver/Inc -I../Drivers/STM32F3xx_HAL_Driver/Inc/Legacy -I../Drivers/CMSIS/Device/ST/STM32F3xx/Include -I../Drivers/CMSIS/Include -I"C:/git_project/stm32F334_HAL_Control/F334Control_nucleo/Basic/Inc" -I"C:/git_project/stm32F334_HAL_Control/F334Control_nucleo/Midware/Inc" -I"C:/git_project/stm32F334_HAL_Control/F334Control_nucleo/Hardware/Inc" -O0 -ffunction-sections -fdata-sections -Wall -fstack-usage -MMD -MP -MF"Hardware/Src/lcd7735.d" -MT"Hardware/Src/lcd7735.o" --specs=nano.specs -mfpu=fpv4-sp-d16 -mfloat-abi=hard -mthumb -o "Hardware/Src/lcd7735.o"
arm-none-eabi-gcc "../Hardware/Src/ssd1309.c" -mcpu=cortex-m4 -std=gnu11 -g3 -DDEBUG -DUSE_HAL_DRIVER -DSTM32F334x8 -c -I../Core/Inc -I../Drivers/STM32F3xx_HAL_Driver/Inc -I../Drivers/STM32F3xx_HAL_Driver/Inc/Legacy -I../Drivers/CMSIS/Device/ST/STM32F3xx/Include -I../Drivers/CMSIS/Include -I"C:/git_project/stm32F334_HAL_Control/F334Control_nucleo/Basic/Inc" -I"C:/git_project/stm32F334_HAL_Control/F334Control_nucleo/Midware/Inc" -I"C:/git_project/stm32F334_HAL_Control/F334Control_nucleo/Hardware/Inc" -O0 -ffunction-sections -fdata-sections -Wall -fstack-usage -MMD -MP -MF"Hardware/Src/ssd1309.d" -MT"Hardware/Src/ssd1309.o" --specs=nano.specs -mfpu=fpv4-sp-d16 -mfloat-abi=hard -mthumb -o "Hardware/Src/ssd1309.o"
arm-none-eabi-gcc "../Hardware/Src/ssd1309_fonts.c" -mcpu=cortex-m4 -std=gnu11 -g3 -DDEBUG -DUSE_HAL_DRIVER -DSTM32F334x8 -c -I../Core/Inc -I../Drivers/STM32F3xx_HAL_Driver/Inc -I../Drivers/STM32F3xx_HAL_Driver/Inc/Legacy -I../Drivers/CMSIS/Device/ST/STM32F3xx/Include -I../Drivers/CMSIS/Include -I"C:/git_project/stm32F334_HAL_Control/F334Control_nucleo/Basic/Inc" -I"C:/git_project/stm32F334_HAL_Control/F334Control_nucleo/Midware/Inc" -I"C:/git_project/stm32F334_HAL_Control/F334Control_nucleo/Hardware/Inc" -O0 -ffunction-sections -fdata-sections -Wall -fstack-usage -MMD -MP -MF"Hardware/Src/ssd1309_fonts.d" -MT"Hardware/Src/ssd1309_fonts.o" --specs=nano.specs -mfpu=fpv4-sp-d16 -mfloat-abi=hard -mthumb -o "Hardware/Src/ssd1309_fonts.o"
../Midware/Src/GUI.c: In function 'English_Font_test':
arm-none-eabi-gcc "../Drivers/STM32F3xx_HAL_Driver/Src/stm32f3xx_hal.c" -mcpu=cortex-m4 -std=gnu11 -g3 -DDEBUG -DUSE_HAL_DRIVER -DSTM32F334x8 -c -I../Core/Inc -I../Drivers/STM32F3xx_HAL_Driver/Inc -I../Drivers/STM32F3xx_HAL_Driver/Inc/Legacy -I../Drivers/CMSIS/Device/ST/STM32F3xx/Include -I../Drivers/CMSIS/Include -I"C:/git_project/stm32F334_HAL_Control/F334Control_nucleo/Basic/Inc" -I"C:/git_project/stm32F334_HAL_Control/F334Control_nucleo/Midware/Inc" -I"C:/git_project/stm32F334_HAL_Control/F334Control_nucleo/Hardware/Inc" -O0 -ffunction-sections -fdata-sections -Wall -fstack-usage -MMD -MP -MF"Drivers/STM32F3xx_HAL_Driver/Src/stm32f3xx_hal.d" -MT"Drivers/STM32F3xx_HAL_Driver/Src/stm32f3xx_hal.o" --specs=nano.specs -mfpu=fpv4-sp-d16 -mfloat-abi=hard -mthumb -o "Drivers/STM32F3xx_HAL_Driver/Src/stm32f3xx_hal.o"
../Midware/Src/GUI.c:560:15: warning: pointer targets in passing argument 1 of 'DrawTestPage' differ in signedness [-Wpointer-sign]
  560 |  DrawTestPage("English Test");
      |               ^~~~~~~~~~~~~~
      |               |
      |               char *
In file included from ../Midware/Src/GUI.c:1:
C:/git_project/stm32F334_HAL_Control/F334Control_nucleo/Midware/Inc/gui.h:31:23: note: expected 'u8 *' {aka 'unsigned char *'} but argument is of type 'char *'
   31 | void DrawTestPage(u8 *str);
      |                   ~~~~^~~
../Midware/Src/GUI.c:561:29: warning: pointer targets in passing argument 5 of 'Show_Str' differ in signedness [-Wpointer-sign]
  561 |  Show_Str(10,22,BLUE,YELLOW,"6X12:abcdefgh01234567",12,0);
      |                             ^~~~~~~~~~~~~~~~~~~~~~~
      |                             |
      |                             char *
../Midware/Src/GUI.c:467:49: note: expected 'u8 *' {aka 'unsigned char *'} but argument is of type 'char *'
  467 | void Show_Str(u16 x, u16 y, u16 fc, u16 bc, u8 *str,u8 size,u8 mode)
      |                                             ~~~~^~~
../Midware/Src/GUI.c:562:29: warning: pointer targets in passing argument 5 of 'Show_Str' differ in signedness [-Wpointer-sign]
  562 |  Show_Str(10,34,BLUE,YELLOW,"6X12:ABCDEFGH01234567",12,1);
      |                             ^~~~~~~~~~~~~~~~~~~~~~~
      |                             |
      |                             char *
../Midware/Src/GUI.c:467:49: note: expected 'u8 *' {aka 'unsigned char *'} but argument is of type 'char *'
  467 | void Show_Str(u16 x, u16 y, u16 fc, u16 bc, u8 *str,u8 size,u8 mode)
      |                                             ~~~~^~~
../Midware/Src/GUI.c:563:29: warning: pointer targets in passing argument 5 of 'Show_Str' differ in signedness [-Wpointer-sign]
  563 |  Show_Str(10,47,BLUE,YELLOW,"6X12:~!@#$%^&*()_+{}:",12,0);
      |                             ^~~~~~~~~~~~~~~~~~~~~~~
      |                             |
      |                             char *
../Midware/Src/GUI.c:467:49: note: expected 'u8 *' {aka 'unsigned char *'} but argument is of type 'char *'
  467 | void Show_Str(u16 x, u16 y, u16 fc, u16 bc, u8 *str,u8 size,u8 mode)
      |                                             ~~~~^~~
../Midware/Src/GUI.c:564:29: warning: pointer targets in passing argument 5 of 'Show_Str' differ in signedness [-Wpointer-sign]
  564 |  Show_Str(10,60,BLUE,YELLOW,"8X16:abcde01234",16,0);
      |                             ^~~~~~~~~~~~~~~~~
      |                             |
      |                             char *
../Midware/Src/GUI.c:467:49: note: expected 'u8 *' {aka 'unsigned char *'} but argument is of type 'char *'
  467 | void Show_Str(u16 x, u16 y, u16 fc, u16 bc, u8 *str,u8 size,u8 mode)
      |                                             ~~~~^~~
../Midware/Src/GUI.c:565:29: warning: pointer targets in passing argument 5 of 'Show_Str' differ in signedness [-Wpointer-sign]
  565 |  Show_Str(10,76,BLUE,YELLOW,"8X16:ABCDE01234",16,1);
      |                             ^~~~~~~~~~~~~~~~~
      |                             |
      |                             char *
../Midware/Src/GUI.c:467:49: note: expected 'u8 *' {aka 'unsigned char *'} but argument is of type 'char *'
  467 | void Show_Str(u16 x, u16 y, u16 fc, u16 bc, u8 *str,u8 size,u8 mode)
      |                                             ~~~~^~~
../Midware/Src/GUI.c:566:29: warning: pointer targets in passing argument 5 of 'Show_Str' differ in signedness [-Wpointer-sign]
  566 |  Show_Str(10,92,BLUE,YELLOW,"8X16:~!@#$%^&*()",16,0);
      |                             ^~~~~~~~~~~~~~~~~~
      |                             |
      |                             char *
../Midware/Src/GUI.c:467:49: note: expected 'u8 *' {aka 'unsigned char *'} but argument is of type 'char *'
  467 | void Show_Str(u16 x, u16 y, u16 fc, u16 bc, u8 *str,u8 size,u8 mode)
      |                                             ~~~~^~~
../Midware/Src/GUI.c: In function 'DrawTestPage':
../Midware/Src/GUI.c:577:45: warning: pointer targets in passing argument 5 of 'Gui_StrCenter' differ in signedness [-Wpointer-sign]
  577 | Gui_StrCenter(0,lcddev.height-18,WHITE,BLUE,"thank you!!!",16,1);
      |                                             ^~~~~~~~~~~~~~
      |                                             |
      |                                             char *
../Midware/Src/GUI.c:521:54: note: expected 'u8 *' {aka 'unsigned char *'} but argument is of type 'char *'
  521 | void Gui_StrCenter(u16 x, u16 y, u16 fc, u16 bc, u8 *str,u8 size,u8 mode)
      |                                                  ~~~~^~~
arm-none-eabi-gcc "../Drivers/STM32F3xx_HAL_Driver/Src/stm32f3xx_hal_cortex.c" -mcpu=cortex-m4 -std=gnu11 -g3 -DDEBUG -DUSE_HAL_DRIVER -DSTM32F334x8 -c -I../Core/Inc -I../Drivers/STM32F3xx_HAL_Driver/Inc -I../Drivers/STM32F3xx_HAL_Driver/Inc/Legacy -I../Drivers/CMSIS/Device/ST/STM32F3xx/Include -I../Drivers/CMSIS/Include -I"C:/git_project/stm32F334_HAL_Control/F334Control_nucleo/Basic/Inc" -I"C:/git_project/stm32F334_HAL_Control/F334Control_nucleo/Midware/Inc" -I"C:/git_project/stm32F334_HAL_Control/F334Control_nucleo/Hardware/Inc" -O0 -ffunction-sections -fdata-sections -Wall -fstack-usage -MMD -MP -MF"Drivers/STM32F3xx_HAL_Driver/Src/stm32f3xx_hal_cortex.d" -MT"Drivers/STM32F3xx_HAL_Driver/Src/stm32f3xx_hal_cortex.o" --specs=nano.specs -mfpu=fpv4-sp-d16 -mfloat-abi=hard -mthumb -o "Drivers/STM32F3xx_HAL_Driver/Src/stm32f3xx_hal_cortex.o"
arm-none-eabi-gcc "../Drivers/STM32F3xx_HAL_Driver/Src/stm32f3xx_hal_dma.c" -mcpu=cortex-m4 -std=gnu11 -g3 -DDEBUG -DUSE_HAL_DRIVER -DSTM32F334x8 -c -I../Core/Inc -I../Drivers/STM32F3xx_HAL_Driver/Inc -I../Drivers/STM32F3xx_HAL_Driver/Inc/Legacy -I../Drivers/CMSIS/Device/ST/STM32F3xx/Include -I../Drivers/CMSIS/Include -I"C:/git_project/stm32F334_HAL_Control/F334Control_nucleo/Basic/Inc" -I"C:/git_project/stm32F334_HAL_Control/F334Control_nucleo/Midware/Inc" -I"C:/git_project/stm32F334_HAL_Control/F334Control_nucleo/Hardware/Inc" -O0 -ffunction-sections -fdata-sections -Wall -fstack-usage -MMD -MP -MF"Drivers/STM32F3xx_HAL_Driver/Src/stm32f3xx_hal_dma.d" -MT"Drivers/STM32F3xx_HAL_Driver/Src/stm32f3xx_hal_dma.o" --specs=nano.specs -mfpu=fpv4-sp-d16 -mfloat-abi=hard -mthumb -o "Drivers/STM32F3xx_HAL_Driver/Src/stm32f3xx_hal_dma.o"
arm-none-eabi-gcc "../Drivers/STM32F3xx_HAL_Driver/Src/stm32f3xx_hal_exti.c" -mcpu=cortex-m4 -std=gnu11 -g3 -DDEBUG -DUSE_HAL_DRIVER -DSTM32F334x8 -c -I../Core/Inc -I../Drivers/STM32F3xx_HAL_Driver/Inc -I../Drivers/STM32F3xx_HAL_Driver/Inc/Legacy -I../Drivers/CMSIS/Device/ST/STM32F3xx/Include -I../Drivers/CMSIS/Include -I"C:/git_project/stm32F334_HAL_Control/F334Control_nucleo/Basic/Inc" -I"C:/git_project/stm32F334_HAL_Control/F334Control_nucleo/Midware/Inc" -I"C:/git_project/stm32F334_HAL_Control/F334Control_nucleo/Hardware/Inc" -O0 -ffunction-sections -fdata-sections -Wall -fstack-usage -MMD -MP -MF"Drivers/STM32F3xx_HAL_Driver/Src/stm32f3xx_hal_exti.d" -MT"Drivers/STM32F3xx_HAL_Driver/Src/stm32f3xx_hal_exti.o" --specs=nano.specs -mfpu=fpv4-sp-d16 -mfloat-abi=hard -mthumb -o "Drivers/STM32F3xx_HAL_Driver/Src/stm32f3xx_hal_exti.o"
arm-none-eabi-gcc "../Drivers/STM32F3xx_HAL_Driver/Src/stm32f3xx_hal_flash.c" -mcpu=cortex-m4 -std=gnu11 -g3 -DDEBUG -DUSE_HAL_DRIVER -DSTM32F334x8 -c -I../Core/Inc -I../Drivers/STM32F3xx_HAL_Driver/Inc -I../Drivers/STM32F3xx_HAL_Driver/Inc/Legacy -I../Drivers/CMSIS/Device/ST/STM32F3xx/Include -I../Drivers/CMSIS/Include -I"C:/git_project/stm32F334_HAL_Control/F334Control_nucleo/Basic/Inc" -I"C:/git_project/stm32F334_HAL_Control/F334Control_nucleo/Midware/Inc" -I"C:/git_project/stm32F334_HAL_Control/F334Control_nucleo/Hardware/Inc" -O0 -ffunction-sections -fdata-sections -Wall -fstack-usage -MMD -MP -MF"Drivers/STM32F3xx_HAL_Driver/Src/stm32f3xx_hal_flash.d" -MT"Drivers/STM32F3xx_HAL_Driver/Src/stm32f3xx_hal_flash.o" --specs=nano.specs -mfpu=fpv4-sp-d16 -mfloat-abi=hard -mthumb -o "Drivers/STM32F3xx_HAL_Driver/Src/stm32f3xx_hal_flash.o"
arm-none-eabi-gcc "../Drivers/STM32F3xx_HAL_Driver/Src/stm32f3xx_hal_flash_ex.c" -mcpu=cortex-m4 -std=gnu11 -g3 -DDEBUG -DUSE_HAL_DRIVER -DSTM32F334x8 -c -I../Core/Inc -I../Drivers/STM32F3xx_HAL_Driver/Inc -I../Drivers/STM32F3xx_HAL_Driver/Inc/Legacy -I../Drivers/CMSIS/Device/ST/STM32F3xx/Include -I../Drivers/CMSIS/Include -I"C:/git_project/stm32F334_HAL_Control/F334Control_nucleo/Basic/Inc" -I"C:/git_project/stm32F334_HAL_Control/F334Control_nucleo/Midware/Inc" -I"C:/git_project/stm32F334_HAL_Control/F334Control_nucleo/Hardware/Inc" -O0 -ffunction-sections -fdata-sections -Wall -fstack-usage -MMD -MP -MF"Drivers/STM32F3xx_HAL_Driver/Src/stm32f3xx_hal_flash_ex.d" -MT"Drivers/STM32F3xx_HAL_Driver/Src/stm32f3xx_hal_flash_ex.o" --specs=nano.specs -mfpu=fpv4-sp-d16 -mfloat-abi=hard -mthumb -o "Drivers/STM32F3xx_HAL_Driver/Src/stm32f3xx_hal_flash_ex.o"
arm-none-eabi-gcc "../Drivers/STM32F3xx_HAL_Driver/Src/stm32f3xx_hal_gpio.c" -mcpu=cortex-m4 -std=gnu11 -g3 -DDEBUG -DUSE_HAL_DRIVER -DSTM32F334x8 -c -I../Core/Inc -I../Drivers/STM32F3xx_HAL_Driver/Inc -I../Drivers/STM32F3xx_HAL_Driver/Inc/Legacy -I../Drivers/CMSIS/Device/ST/STM32F3xx/Include -I../Drivers/CMSIS/Include -I"C:/git_project/stm32F334_HAL_Control/F334Control_nucleo/Basic/Inc" -I"C:/git_project/stm32F334_HAL_Control/F334Control_nucleo/Midware/Inc" -I"C:/git_project/stm32F334_HAL_Control/F334Control_nucleo/Hardware/Inc" -O0 -ffunction-sections -fdata-sections -Wall -fstack-usage -MMD -MP -MF"Drivers/STM32F3xx_HAL_Driver/Src/stm32f3xx_hal_gpio.d" -MT"Drivers/STM32F3xx_HAL_Driver/Src/stm32f3xx_hal_gpio.o" --specs=nano.specs -mfpu=fpv4-sp-d16 -mfloat-abi=hard -mthumb -o "Drivers/STM32F3xx_HAL_Driver/Src/stm32f3xx_hal_gpio.o"
arm-none-eabi-gcc "../Drivers/STM32F3xx_HAL_Driver/Src/stm32f3xx_hal_i2c.c" -mcpu=cortex-m4 -std=gnu11 -g3 -DDEBUG -DUSE_HAL_DRIVER -DSTM32F334x8 -c -I../Core/Inc -I../Drivers/STM32F3xx_HAL_Driver/Inc -I../Drivers/STM32F3xx_HAL_Driver/Inc/Legacy -I../Drivers/CMSIS/Device/ST/STM32F3xx/Include -I../Drivers/CMSIS/Include -I"C:/git_project/stm32F334_HAL_Control/F334Control_nucleo/Basic/Inc" -I"C:/git_project/stm32F334_HAL_Control/F334Control_nucleo/Midware/Inc" -I"C:/git_project/stm32F334_HAL_Control/F334Control_nucleo/Hardware/Inc" -O0 -ffunction-sections -fdata-sections -Wall -fstack-usage -MMD -MP -MF"Drivers/STM32F3xx_HAL_Driver/Src/stm32f3xx_hal_i2c.d" -MT"Drivers/STM32F3xx_HAL_Driver/Src/stm32f3xx_hal_i2c.o" --specs=nano.specs -mfpu=fpv4-sp-d16 -mfloat-abi=hard -mthumb -o "Drivers/STM32F3xx_HAL_Driver/Src/stm32f3xx_hal_i2c.o"
arm-none-eabi-gcc "../Drivers/STM32F3xx_HAL_Driver/Src/stm32f3xx_hal_i2c_ex.c" -mcpu=cortex-m4 -std=gnu11 -g3 -DDEBUG -DUSE_HAL_DRIVER -DSTM32F334x8 -c -I../Core/Inc -I../Drivers/STM32F3xx_HAL_Driver/Inc -I../Drivers/STM32F3xx_HAL_Driver/Inc/Legacy -I../Drivers/CMSIS/Device/ST/STM32F3xx/Include -I../Drivers/CMSIS/Include -I"C:/git_project/stm32F334_HAL_Control/F334Control_nucleo/Basic/Inc" -I"C:/git_project/stm32F334_HAL_Control/F334Control_nucleo/Midware/Inc" -I"C:/git_project/stm32F334_HAL_Control/F334Control_nucleo/Hardware/Inc" -O0 -ffunction-sections -fdata-sections -Wall -fstack-usage -MMD -MP -MF"Drivers/STM32F3xx_HAL_Driver/Src/stm32f3xx_hal_i2c_ex.d" -MT"Drivers/STM32F3xx_HAL_Driver/Src/stm32f3xx_hal_i2c_ex.o" --specs=nano.specs -mfpu=fpv4-sp-d16 -mfloat-abi=hard -mthumb -o "Drivers/STM32F3xx_HAL_Driver/Src/stm32f3xx_hal_i2c_ex.o"
arm-none-eabi-gcc "../Drivers/STM32F3xx_HAL_Driver/Src/stm32f3xx_hal_pwr.c" -mcpu=cortex-m4 -std=gnu11 -g3 -DDEBUG -DUSE_HAL_DRIVER -DSTM32F334x8 -c -I../Core/Inc -I../Drivers/STM32F3xx_HAL_Driver/Inc -I../Drivers/STM32F3xx_HAL_Driver/Inc/Legacy -I../Drivers/CMSIS/Device/ST/STM32F3xx/Include -I../Drivers/CMSIS/Include -I"C:/git_project/stm32F334_HAL_Control/F334Control_nucleo/Basic/Inc" -I"C:/git_project/stm32F334_HAL_Control/F334Control_nucleo/Midware/Inc" -I"C:/git_project/stm32F334_HAL_Control/F334Control_nucleo/Hardware/Inc" -O0 -ffunction-sections -fdata-sections -Wall -fstack-usage -MMD -MP -MF"Drivers/STM32F3xx_HAL_Driver/Src/stm32f3xx_hal_pwr.d" -MT"Drivers/STM32F3xx_HAL_Driver/Src/stm32f3xx_hal_pwr.o" --specs=nano.specs -mfpu=fpv4-sp-d16 -mfloat-abi=hard -mthumb -o "Drivers/STM32F3xx_HAL_Driver/Src/stm32f3xx_hal_pwr.o"
arm-none-eabi-gcc "../Drivers/STM32F3xx_HAL_Driver/Src/stm32f3xx_hal_pwr_ex.c" -mcpu=cortex-m4 -std=gnu11 -g3 -DDEBUG -DUSE_HAL_DRIVER -DSTM32F334x8 -c -I../Core/Inc -I../Drivers/STM32F3xx_HAL_Driver/Inc -I../Drivers/STM32F3xx_HAL_Driver/Inc/Legacy -I../Drivers/CMSIS/Device/ST/STM32F3xx/Include -I../Drivers/CMSIS/Include -I"C:/git_project/stm32F334_HAL_Control/F334Control_nucleo/Basic/Inc" -I"C:/git_project/stm32F334_HAL_Control/F334Control_nucleo/Midware/Inc" -I"C:/git_project/stm32F334_HAL_Control/F334Control_nucleo/Hardware/Inc" -O0 -ffunction-sections -fdata-sections -Wall -fstack-usage -MMD -MP -MF"Drivers/STM32F3xx_HAL_Driver/Src/stm32f3xx_hal_pwr_ex.d" -MT"Drivers/STM32F3xx_HAL_Driver/Src/stm32f3xx_hal_pwr_ex.o" --specs=nano.specs -mfpu=fpv4-sp-d16 -mfloat-abi=hard -mthumb -o "Drivers/STM32F3xx_HAL_Driver/Src/stm32f3xx_hal_pwr_ex.o"
arm-none-eabi-gcc "../Drivers/STM32F3xx_HAL_Driver/Src/stm32f3xx_hal_rcc.c" -mcpu=cortex-m4 -std=gnu11 -g3 -DDEBUG -DUSE_HAL_DRIVER -DSTM32F334x8 -c -I../Core/Inc -I../Drivers/STM32F3xx_HAL_Driver/Inc -I../Drivers/STM32F3xx_HAL_Driver/Inc/Legacy -I../Drivers/CMSIS/Device/ST/STM32F3xx/Include -I../Drivers/CMSIS/Include -I"C:/git_project/stm32F334_HAL_Control/F334Control_nucleo/Basic/Inc" -I"C:/git_project/stm32F334_HAL_Control/F334Control_nucleo/Midware/Inc" -I"C:/git_project/stm32F334_HAL_Control/F334Control_nucleo/Hardware/Inc" -O0 -ffunction-sections -fdata-sections -Wall -fstack-usage -MMD -MP -MF"Drivers/STM32F3xx_HAL_Driver/Src/stm32f3xx_hal_rcc.d" -MT"Drivers/STM32F3xx_HAL_Driver/Src/stm32f3xx_hal_rcc.o" --specs=nano.specs -mfpu=fpv4-sp-d16 -mfloat-abi=hard -mthumb -o "Drivers/STM32F3xx_HAL_Driver/Src/stm32f3xx_hal_rcc.o"
arm-none-eabi-gcc "../Drivers/STM32F3xx_HAL_Driver/Src/stm32f3xx_hal_rcc_ex.c" -mcpu=cortex-m4 -std=gnu11 -g3 -DDEBUG -DUSE_HAL_DRIVER -DSTM32F334x8 -c -I../Core/Inc -I../Drivers/STM32F3xx_HAL_Driver/Inc -I../Drivers/STM32F3xx_HAL_Driver/Inc/Legacy -I../Drivers/CMSIS/Device/ST/STM32F3xx/Include -I../Drivers/CMSIS/Include -I"C:/git_project/stm32F334_HAL_Control/F334Control_nucleo/Basic/Inc" -I"C:/git_project/stm32F334_HAL_Control/F334Control_nucleo/Midware/Inc" -I"C:/git_project/stm32F334_HAL_Control/F334Control_nucleo/Hardware/Inc" -O0 -ffunction-sections -fdata-sections -Wall -fstack-usage -MMD -MP -MF"Drivers/STM32F3xx_HAL_Driver/Src/stm32f3xx_hal_rcc_ex.d" -MT"Drivers/STM32F3xx_HAL_Driver/Src/stm32f3xx_hal_rcc_ex.o" --specs=nano.specs -mfpu=fpv4-sp-d16 -mfloat-abi=hard -mthumb -o "Drivers/STM32F3xx_HAL_Driver/Src/stm32f3xx_hal_rcc_ex.o"
arm-none-eabi-gcc "../Drivers/STM32F3xx_HAL_Driver/Src/stm32f3xx_hal_spi.c" -mcpu=cortex-m4 -std=gnu11 -g3 -DDEBUG -DUSE_HAL_DRIVER -DSTM32F334x8 -c -I../Core/Inc -I../Drivers/STM32F3xx_HAL_Driver/Inc -I../Drivers/STM32F3xx_HAL_Driver/Inc/Legacy -I../Drivers/CMSIS/Device/ST/STM32F3xx/Include -I../Drivers/CMSIS/Include -I"C:/git_project/stm32F334_HAL_Control/F334Control_nucleo/Basic/Inc" -I"C:/git_project/stm32F334_HAL_Control/F334Control_nucleo/Midware/Inc" -I"C:/git_project/stm32F334_HAL_Control/F334Control_nucleo/Hardware/Inc" -O0 -ffunction-sections -fdata-sections -Wall -fstack-usage -MMD -MP -MF"Drivers/STM32F3xx_HAL_Driver/Src/stm32f3xx_hal_spi.d" -MT"Drivers/STM32F3xx_HAL_Driver/Src/stm32f3xx_hal_spi.o" --specs=nano.specs -mfpu=fpv4-sp-d16 -mfloat-abi=hard -mthumb -o "Drivers/STM32F3xx_HAL_Driver/Src/stm32f3xx_hal_spi.o"
arm-none-eabi-gcc "../Drivers/STM32F3xx_HAL_Driver/Src/stm32f3xx_hal_spi_ex.c" -mcpu=cortex-m4 -std=gnu11 -g3 -DDEBUG -DUSE_HAL_DRIVER -DSTM32F334x8 -c -I../Core/Inc -I../Drivers/STM32F3xx_HAL_Driver/Inc -I../Drivers/STM32F3xx_HAL_Driver/Inc/Legacy -I../Drivers/CMSIS/Device/ST/STM32F3xx/Include -I../Drivers/CMSIS/Include -I"C:/git_project/stm32F334_HAL_Control/F334Control_nucleo/Basic/Inc" -I"C:/git_project/stm32F334_HAL_Control/F334Control_nucleo/Midware/Inc" -I"C:/git_project/stm32F334_HAL_Control/F334Control_nucleo/Hardware/Inc" -O0 -ffunction-sections -fdata-sections -Wall -fstack-usage -MMD -MP -MF"Drivers/STM32F3xx_HAL_Driver/Src/stm32f3xx_hal_spi_ex.d" -MT"Drivers/STM32F3xx_HAL_Driver/Src/stm32f3xx_hal_spi_ex.o" --specs=nano.specs -mfpu=fpv4-sp-d16 -mfloat-abi=hard -mthumb -o "Drivers/STM32F3xx_HAL_Driver/Src/stm32f3xx_hal_spi_ex.o"
arm-none-eabi-gcc "../Drivers/STM32F3xx_HAL_Driver/Src/stm32f3xx_hal_tim.c" -mcpu=cortex-m4 -std=gnu11 -g3 -DDEBUG -DUSE_HAL_DRIVER -DSTM32F334x8 -c -I../Core/Inc -I../Drivers/STM32F3xx_HAL_Driver/Inc -I../Drivers/STM32F3xx_HAL_Driver/Inc/Legacy -I../Drivers/CMSIS/Device/ST/STM32F3xx/Include -I../Drivers/CMSIS/Include -I"C:/git_project/stm32F334_HAL_Control/F334Control_nucleo/Basic/Inc" -I"C:/git_project/stm32F334_HAL_Control/F334Control_nucleo/Midware/Inc" -I"C:/git_project/stm32F334_HAL_Control/F334Control_nucleo/Hardware/Inc" -O0 -ffunction-sections -fdata-sections -Wall -fstack-usage -MMD -MP -MF"Drivers/STM32F3xx_HAL_Driver/Src/stm32f3xx_hal_tim.d" -MT"Drivers/STM32F3xx_HAL_Driver/Src/stm32f3xx_hal_tim.o" --specs=nano.specs -mfpu=fpv4-sp-d16 -mfloat-abi=hard -mthumb -o "Drivers/STM32F3xx_HAL_Driver/Src/stm32f3xx_hal_tim.o"
arm-none-eabi-gcc "../Drivers/STM32F3xx_HAL_Driver/Src/stm32f3xx_hal_tim_ex.c" -mcpu=cortex-m4 -std=gnu11 -g3 -DDEBUG -DUSE_HAL_DRIVER -DSTM32F334x8 -c -I../Core/Inc -I../Drivers/STM32F3xx_HAL_Driver/Inc -I../Drivers/STM32F3xx_HAL_Driver/Inc/Legacy -I../Drivers/CMSIS/Device/ST/STM32F3xx/Include -I../Drivers/CMSIS/Include -I"C:/git_project/stm32F334_HAL_Control/F334Control_nucleo/Basic/Inc" -I"C:/git_project/stm32F334_HAL_Control/F334Control_nucleo/Midware/Inc" -I"C:/git_project/stm32F334_HAL_Control/F334Control_nucleo/Hardware/Inc" -O0 -ffunction-sections -fdata-sections -Wall -fstack-usage -MMD -MP -MF"Drivers/STM32F3xx_HAL_Driver/Src/stm32f3xx_hal_tim_ex.d" -MT"Drivers/STM32F3xx_HAL_Driver/Src/stm32f3xx_hal_tim_ex.o" --specs=nano.specs -mfpu=fpv4-sp-d16 -mfloat-abi=hard -mthumb -o "Drivers/STM32F3xx_HAL_Driver/Src/stm32f3xx_hal_tim_ex.o"
arm-none-eabi-gcc "../Drivers/STM32F3xx_HAL_Driver/Src/stm32f3xx_hal_uart.c" -mcpu=cortex-m4 -std=gnu11 -g3 -DDEBUG -DUSE_HAL_DRIVER -DSTM32F334x8 -c -I../Core/Inc -I../Drivers/STM32F3xx_HAL_Driver/Inc -I../Drivers/STM32F3xx_HAL_Driver/Inc/Legacy -I../Drivers/CMSIS/Device/ST/STM32F3xx/Include -I../Drivers/CMSIS/Include -I"C:/git_project/stm32F334_HAL_Control/F334Control_nucleo/Basic/Inc" -I"C:/git_project/stm32F334_HAL_Control/F334Control_nucleo/Midware/Inc" -I"C:/git_project/stm32F334_HAL_Control/F334Control_nucleo/Hardware/Inc" -O0 -ffunction-sections -fdata-sections -Wall -fstack-usage -MMD -MP -MF"Drivers/STM32F3xx_HAL_Driver/Src/stm32f3xx_hal_uart.d" -MT"Drivers/STM32F3xx_HAL_Driver/Src/stm32f3xx_hal_uart.o" --specs=nano.specs -mfpu=fpv4-sp-d16 -mfloat-abi=hard -mthumb -o "Drivers/STM32F3xx_HAL_Driver/Src/stm32f3xx_hal_uart.o"
arm-none-eabi-gcc "../Drivers/STM32F3xx_HAL_Driver/Src/stm32f3xx_hal_uart_ex.c" -mcpu=cortex-m4 -std=gnu11 -g3 -DDEBUG -DUSE_HAL_DRIVER -DSTM32F334x8 -c -I../Core/Inc -I../Drivers/STM32F3xx_HAL_Driver/Inc -I../Drivers/STM32F3xx_HAL_Driver/Inc/Legacy -I../Drivers/CMSIS/Device/ST/STM32F3xx/Include -I../Drivers/CMSIS/Include -I"C:/git_project/stm32F334_HAL_Control/F334Control_nucleo/Basic/Inc" -I"C:/git_project/stm32F334_HAL_Control/F334Control_nucleo/Midware/Inc" -I"C:/git_project/stm32F334_HAL_Control/F334Control_nucleo/Hardware/Inc" -O0 -ffunction-sections -fdata-sections -Wall -fstack-usage -MMD -MP -MF"Drivers/STM32F3xx_HAL_Driver/Src/stm32f3xx_hal_uart_ex.d" -MT"Drivers/STM32F3xx_HAL_Driver/Src/stm32f3xx_hal_uart_ex.o" --specs=nano.specs -mfpu=fpv4-sp-d16 -mfloat-abi=hard -mthumb -o "Drivers/STM32F3xx_HAL_Driver/Src/stm32f3xx_hal_uart_ex.o"
arm-none-eabi-gcc -mcpu=cortex-m4 -g3 -DDEBUG -c -x assembler-with-cpp -MMD -MP -MF"Core/Startup/startup_stm32f334r8tx.d" -MT"Core/Startup/startup_stm32f334r8tx.o" --specs=nano.specs -mfpu=fpv4-sp-d16 -mfloat-abi=hard -mthumb -o "Core/Startup/startup_stm32f334r8tx.o" "../Core/Startup/startup_stm32f334r8tx.s"
arm-none-eabi-gcc "../Core/Src/main.c" -mcpu=cortex-m4 -std=gnu11 -g3 -DDEBUG -DUSE_HAL_DRIVER -DSTM32F334x8 -c -I../Core/Inc -I../Drivers/STM32F3xx_HAL_Driver/Inc -I../Drivers/STM32F3xx_HAL_Driver/Inc/Legacy -I../Drivers/CMSIS/Device/ST/STM32F3xx/Include -I../Drivers/CMSIS/Include -I"C:/git_project/stm32F334_HAL_Control/F334Control_nucleo/Basic/Inc" -I"C:/git_project/stm32F334_HAL_Control/F334Control_nucleo/Midware/Inc" -I"C:/git_project/stm32F334_HAL_Control/F334Control_nucleo/Hardware/Inc" -O0 -ffunction-sections -fdata-sections -Wall -fstack-usage -MMD -MP -MF"Core/Src/main.d" -MT"Core/Src/main.o" --specs=nano.specs -mfpu=fpv4-sp-d16 -mfloat-abi=hard -mthumb -o "Core/Src/main.o"
arm-none-eabi-gcc "../Core/Src/stm32f3xx_hal_msp.c" -mcpu=cortex-m4 -std=gnu11 -g3 -DDEBUG -DUSE_HAL_DRIVER -DSTM32F334x8 -c -I../Core/Inc -I../Drivers/STM32F3xx_HAL_Driver/Inc -I../Drivers/STM32F3xx_HAL_Driver/Inc/Legacy -I../Drivers/CMSIS/Device/ST/STM32F3xx/Include -I../Drivers/CMSIS/Include -I"C:/git_project/stm32F334_HAL_Control/F334Control_nucleo/Basic/Inc" -I"C:/git_project/stm32F334_HAL_Control/F334Control_nucleo/Midware/Inc" -I"C:/git_project/stm32F334_HAL_Control/F334Control_nucleo/Hardware/Inc" -O0 -ffunction-sections -fdata-sections -Wall -fstack-usage -MMD -MP -MF"Core/Src/stm32f3xx_hal_msp.d" -MT"Core/Src/stm32f3xx_hal_msp.o" --specs=nano.specs -mfpu=fpv4-sp-d16 -mfloat-abi=hard -mthumb -o "Core/Src/stm32f3xx_hal_msp.o"
arm-none-eabi-gcc "../Core/Src/stm32f3xx_it.c" -mcpu=cortex-m4 -std=gnu11 -g3 -DDEBUG -DUSE_HAL_DRIVER -DSTM32F334x8 -c -I../Core/Inc -I../Drivers/STM32F3xx_HAL_Driver/Inc -I../Drivers/STM32F3xx_HAL_Driver/Inc/Legacy -I../Drivers/CMSIS/Device/ST/STM32F3xx/Include -I../Drivers/CMSIS/Include -I"C:/git_project/stm32F334_HAL_Control/F334Control_nucleo/Basic/Inc" -I"C:/git_project/stm32F334_HAL_Control/F334Control_nucleo/Midware/Inc" -I"C:/git_project/stm32F334_HAL_Control/F334Control_nucleo/Hardware/Inc" -O0 -ffunction-sections -fdata-sections -Wall -fstack-usage -MMD -MP -MF"Core/Src/stm32f3xx_it.d" -MT"Core/Src/stm32f3xx_it.o" --specs=nano.specs -mfpu=fpv4-sp-d16 -mfloat-abi=hard -mthumb -o "Core/Src/stm32f3xx_it.o"
arm-none-eabi-gcc "../Core/Src/syscalls.c" -mcpu=cortex-m4 -std=gnu11 -g3 -DDEBUG -DUSE_HAL_DRIVER -DSTM32F334x8 -c -I../Core/Inc -I../Drivers/STM32F3xx_HAL_Driver/Inc -I../Drivers/STM32F3xx_HAL_Driver/Inc/Legacy -I../Drivers/CMSIS/Device/ST/STM32F3xx/Include -I../Drivers/CMSIS/Include -I"C:/git_project/stm32F334_HAL_Control/F334Control_nucleo/Basic/Inc" -I"C:/git_project/stm32F334_HAL_Control/F334Control_nucleo/Midware/Inc" -I"C:/git_project/stm32F334_HAL_Control/F334Control_nucleo/Hardware/Inc" -O0 -ffunction-sections -fdata-sections -Wall -fstack-usage -MMD -MP -MF"Core/Src/syscalls.d" -MT"Core/Src/syscalls.o" --specs=nano.specs -mfpu=fpv4-sp-d16 -mfloat-abi=hard -mthumb -o "Core/Src/syscalls.o"
arm-none-eabi-gcc "../Core/Src/sysmem.c" -mcpu=cortex-m4 -std=gnu11 -g3 -DDEBUG -DUSE_HAL_DRIVER -DSTM32F334x8 -c -I../Core/Inc -I../Drivers/STM32F3xx_HAL_Driver/Inc -I../Drivers/STM32F3xx_HAL_Driver/Inc/Legacy -I../Drivers/CMSIS/Device/ST/STM32F3xx/Include -I../Drivers/CMSIS/Include -I"C:/git_project/stm32F334_HAL_Control/F334Control_nucleo/Basic/Inc" -I"C:/git_project/stm32F334_HAL_Control/F334Control_nucleo/Midware/Inc" -I"C:/git_project/stm32F334_HAL_Control/F334Control_nucleo/Hardware/Inc" -O0 -ffunction-sections -fdata-sections -Wall -fstack-usage -MMD -MP -MF"Core/Src/sysmem.d" -MT"Core/Src/sysmem.o" --specs=nano.specs -mfpu=fpv4-sp-d16 -mfloat-abi=hard -mthumb -o "Core/Src/sysmem.o"
arm-none-eabi-gcc "../Core/Src/system_stm32f3xx.c" -mcpu=cortex-m4 -std=gnu11 -g3 -DDEBUG -DUSE_HAL_DRIVER -DSTM32F334x8 -c -I../Core/Inc -I../Drivers/STM32F3xx_HAL_Driver/Inc -I../Drivers/STM32F3xx_HAL_Driver/Inc/Legacy -I../Drivers/CMSIS/Device/ST/STM32F3xx/Include -I../Drivers/CMSIS/Include -I"C:/git_project/stm32F334_HAL_Control/F334Control_nucleo/Basic/Inc" -I"C:/git_project/stm32F334_HAL_Control/F334Control_nucleo/Midware/Inc" -I"C:/git_project/stm32F334_HAL_Control/F334Control_nucleo/Hardware/Inc" -O0 -ffunction-sections -fdata-sections -Wall -fstack-usage -MMD -MP -MF"Core/Src/system_stm32f3xx.d" -MT"Core/Src/system_stm32f3xx.o" --specs=nano.specs -mfpu=fpv4-sp-d16 -mfloat-abi=hard -mthumb -o "Core/Src/system_stm32f3xx.o"
arm-none-eabi-gcc "../Basic/Src/i2c.c" -mcpu=cortex-m4 -std=gnu11 -g3 -DDEBUG -DUSE_HAL_DRIVER -DSTM32F334x8 -c -I../Core/Inc -I../Drivers/STM32F3xx_HAL_Driver/Inc -I../Drivers/STM32F3xx_HAL_Driver/Inc/Legacy -I../Drivers/CMSIS/Device/ST/STM32F3xx/Include -I../Drivers/CMSIS/Include -I"C:/git_project/stm32F334_HAL_Control/F334Control_nucleo/Basic/Inc" -I"C:/git_project/stm32F334_HAL_Control/F334Control_nucleo/Midware/Inc" -I"C:/git_project/stm32F334_HAL_Control/F334Control_nucleo/Hardware/Inc" -O0 -ffunction-sections -fdata-sections -Wall -fstack-usage -MMD -MP -MF"Basic/Src/i2c.d" -MT"Basic/Src/i2c.o" --specs=nano.specs -mfpu=fpv4-sp-d16 -mfloat-abi=hard -mthumb -o "Basic/Src/i2c.o"
arm-none-eabi-gcc "../Basic/Src/spi.c" -mcpu=cortex-m4 -std=gnu11 -g3 -DDEBUG -DUSE_HAL_DRIVER -DSTM32F334x8 -c -I../Core/Inc -I../Drivers/STM32F3xx_HAL_Driver/Inc -I../Drivers/STM32F3xx_HAL_Driver/Inc/Legacy -I../Drivers/CMSIS/Device/ST/STM32F3xx/Include -I../Drivers/CMSIS/Include -I"C:/git_project/stm32F334_HAL_Control/F334Control_nucleo/Basic/Inc" -I"C:/git_project/stm32F334_HAL_Control/F334Control_nucleo/Midware/Inc" -I"C:/git_project/stm32F334_HAL_Control/F334Control_nucleo/Hardware/Inc" -O0 -ffunction-sections -fdata-sections -Wall -fstack-usage -MMD -MP -MF"Basic/Src/spi.d" -MT"Basic/Src/spi.o" --specs=nano.specs -mfpu=fpv4-sp-d16 -mfloat-abi=hard -mthumb -o "Basic/Src/spi.o"
arm-none-eabi-gcc "../Basic/Src/sys.c" -mcpu=cortex-m4 -std=gnu11 -g3 -DDEBUG -DUSE_HAL_DRIVER -DSTM32F334x8 -c -I../Core/Inc -I../Drivers/STM32F3xx_HAL_Driver/Inc -I../Drivers/STM32F3xx_HAL_Driver/Inc/Legacy -I../Drivers/CMSIS/Device/ST/STM32F3xx/Include -I../Drivers/CMSIS/Include -I"C:/git_project/stm32F334_HAL_Control/F334Control_nucleo/Basic/Inc" -I"C:/git_project/stm32F334_HAL_Control/F334Control_nucleo/Midware/Inc" -I"C:/git_project/stm32F334_HAL_Control/F334Control_nucleo/Hardware/Inc" -O0 -ffunction-sections -fdata-sections -Wall -fstack-usage -MMD -MP -MF"Basic/Src/sys.d" -MT"Basic/Src/sys.o" --specs=nano.specs -mfpu=fpv4-sp-d16 -mfloat-abi=hard -mthumb -o "Basic/Src/sys.o"
../Basic/Src/i2c.c:4:1: error: expected '=', ',', ';', 'asm' or '__attribute__' at end of input
    4 | S
      | ^
make: *** [Basic/Src/subdir.mk:25: Basic/Src/i2c.o] Error 1
make: *** Waiting for unfinished jobs....
"make -j4 all" terminated with exit code 2. Build might be incomplete.
20:12:26 **** Incremental Build of configuration Debug for project F334Control_nucleo ****
make -j4 all 
arm-none-eabi-gcc "../Midware/Src/GUI.c" -mcpu=cortex-m4 -std=gnu11 -g3 -DDEBUG -DUSE_HAL_DRIVER -DSTM32F334x8 -c -I../Core/Inc -I../Drivers/STM32F3xx_HAL_Driver/Inc -I../Drivers/STM32F3xx_HAL_Driver/Inc/Legacy -I../Drivers/CMSIS/Device/ST/STM32F3xx/Include -I../Drivers/CMSIS/Include -I"C:/git_project/stm32F334_HAL_Control/F334Control_nucleo/Basic/Inc" -I"C:/git_project/stm32F334_HAL_Control/F334Control_nucleo/Midware/Inc" -I"C:/git_project/stm32F334_HAL_Control/F334Control_nucleo/Hardware/Inc" -O0 -ffunction-sections -fdata-sections -Wall -fstack-usage -MMD -MP -MF"Midware/Src/GUI.d" -MT"Midware/Src/GUI.o" --specs=nano.specs -mfpu=fpv4-sp-d16 -mfloat-abi=hard -mthumb -o "Midware/Src/GUI.o"
arm-none-eabi-gcc "../Hardware/Src/lcd7735.c" -mcpu=cortex-m4 -std=gnu11 -g3 -DDEBUG -DUSE_HAL_DRIVER -DSTM32F334x8 -c -I../Core/Inc -I../Drivers/STM32F3xx_HAL_Driver/Inc -I../Drivers/STM32F3xx_HAL_Driver/Inc/Legacy -I../Drivers/CMSIS/Device/ST/STM32F3xx/Include -I../Drivers/CMSIS/Include -I"C:/git_project/stm32F334_HAL_Control/F334Control_nucleo/Basic/Inc" -I"C:/git_project/stm32F334_HAL_Control/F334Control_nucleo/Midware/Inc" -I"C:/git_project/stm32F334_HAL_Control/F334Control_nucleo/Hardware/Inc" -O0 -ffunction-sections -fdata-sections -Wall -fstack-usage -MMD -MP -MF"Hardware/Src/lcd7735.d" -MT"Hardware/Src/lcd7735.o" --specs=nano.specs -mfpu=fpv4-sp-d16 -mfloat-abi=hard -mthumb -o "Hardware/Src/lcd7735.o"
arm-none-eabi-gcc "../Hardware/Src/ssd1309.c" -mcpu=cortex-m4 -std=gnu11 -g3 -DDEBUG -DUSE_HAL_DRIVER -DSTM32F334x8 -c -I../Core/Inc -I../Drivers/STM32F3xx_HAL_Driver/Inc -I../Drivers/STM32F3xx_HAL_Driver/Inc/Legacy -I../Drivers/CMSIS/Device/ST/STM32F3xx/Include -I../Drivers/CMSIS/Include -I"C:/git_project/stm32F334_HAL_Control/F334Control_nucleo/Basic/Inc" -I"C:/git_project/stm32F334_HAL_Control/F334Control_nucleo/Midware/Inc" -I"C:/git_project/stm32F334_HAL_Control/F334Control_nucleo/Hardware/Inc" -O0 -ffunction-sections -fdata-sections -Wall -fstack-usage -MMD -MP -MF"Hardware/Src/ssd1309.d" -MT"Hardware/Src/ssd1309.o" --specs=nano.specs -mfpu=fpv4-sp-d16 -mfloat-abi=hard -mthumb -o "Hardware/Src/ssd1309.o"
arm-none-eabi-gcc "../Drivers/STM32F3xx_HAL_Driver/Src/stm32f3xx_hal.c" -mcpu=cortex-m4 -std=gnu11 -g3 -DDEBUG -DUSE_HAL_DRIVER -DSTM32F334x8 -c -I../Core/Inc -I../Drivers/STM32F3xx_HAL_Driver/Inc -I../Drivers/STM32F3xx_HAL_Driver/Inc/Legacy -I../Drivers/CMSIS/Device/ST/STM32F3xx/Include -I../Drivers/CMSIS/Include -I"C:/git_project/stm32F334_HAL_Control/F334Control_nucleo/Basic/Inc" -I"C:/git_project/stm32F334_HAL_Control/F334Control_nucleo/Midware/Inc" -I"C:/git_project/stm32F334_HAL_Control/F334Control_nucleo/Hardware/Inc" -O0 -ffunction-sections -fdata-sections -Wall -fstack-usage -MMD -MP -MF"Drivers/STM32F3xx_HAL_Driver/Src/stm32f3xx_hal.d" -MT"Drivers/STM32F3xx_HAL_Driver/Src/stm32f3xx_hal.o" --specs=nano.specs -mfpu=fpv4-sp-d16 -mfloat-abi=hard -mthumb -o "Drivers/STM32F3xx_HAL_Driver/Src/stm32f3xx_hal.o"
../Midware/Src/GUI.c: In function 'English_Font_test':
../Midware/Src/GUI.c:560:15: warning: pointer targets in passing argument 1 of 'DrawTestPage' differ in signedness [-Wpointer-sign]
  560 |  DrawTestPage("English Test");
      |               ^~~~~~~~~~~~~~
      |               |
      |               char *
In file included from ../Midware/Src/GUI.c:1:
C:/git_project/stm32F334_HAL_Control/F334Control_nucleo/Midware/Inc/gui.h:31:23: note: expected 'u8 *' {aka 'unsigned char *'} but argument is of type 'char *'
   31 | void DrawTestPage(u8 *str);
      |                   ~~~~^~~
../Midware/Src/GUI.c:561:29: warning: pointer targets in passing argument 5 of 'Show_Str' differ in signedness [-Wpointer-sign]
  561 |  Show_Str(10,22,BLUE,YELLOW,"6X12:abcdefgh01234567",12,0);
      |                             ^~~~~~~~~~~~~~~~~~~~~~~
      |                             |
      |                             char *
../Midware/Src/GUI.c:467:49: note: expected 'u8 *' {aka 'unsigned char *'} but argument is of type 'char *'
  467 | void Show_Str(u16 x, u16 y, u16 fc, u16 bc, u8 *str,u8 size,u8 mode)
      |                                             ~~~~^~~
../Midware/Src/GUI.c:562:29: warning: pointer targets in passing argument 5 of 'Show_Str' differ in signedness [-Wpointer-sign]
  562 |  Show_Str(10,34,BLUE,YELLOW,"6X12:ABCDEFGH01234567",12,1);
      |                             ^~~~~~~~~~~~~~~~~~~~~~~
      |                             |
      |                             char *
../Midware/Src/GUI.c:467:49: note: expected 'u8 *' {aka 'unsigned char *'} but argument is of type 'char *'
  467 | void Show_Str(u16 x, u16 y, u16 fc, u16 bc, u8 *str,u8 size,u8 mode)
      |                                             ~~~~^~~
../Midware/Src/GUI.c:563:29: warning: pointer targets in passing argument 5 of 'Show_Str' differ in signedness [-Wpointer-sign]
  563 |  Show_Str(10,47,BLUE,YELLOW,"6X12:~!@#$%^&*()_+{}:",12,0);
      |                             ^~~~~~~~~~~~~~~~~~~~~~~
      |                             |
      |                             char *
../Midware/Src/GUI.c:467:49: note: expected 'u8 *' {aka 'unsigned char *'} but argument is of type 'char *'
  467 | void Show_Str(u16 x, u16 y, u16 fc, u16 bc, u8 *str,u8 size,u8 mode)
      |                                             ~~~~^~~
../Midware/Src/GUI.c:564:29: warning: pointer targets in passing argument 5 of 'Show_Str' differ in signedness [-Wpointer-sign]
  564 |  Show_Str(10,60,BLUE,YELLOW,"8X16:abcde01234",16,0);
      |                             ^~~~~~~~~~~~~~~~~
      |                             |
      |                             char *
../Midware/Src/GUI.c:467:49: note: expected 'u8 *' {aka 'unsigned char *'} but argument is of type 'char *'
  467 | void Show_Str(u16 x, u16 y, u16 fc, u16 bc, u8 *str,u8 size,u8 mode)
      |                                             ~~~~^~~
../Midware/Src/GUI.c:565:29: warning: pointer targets in passing argument 5 of 'Show_Str' differ in signedness [-Wpointer-sign]
  565 |  Show_Str(10,76,BLUE,YELLOW,"8X16:ABCDE01234",16,1);
      |                             ^~~~~~~~~~~~~~~~~
      |                             |
      |                             char *
../Midware/Src/GUI.c:467:49: note: expected 'u8 *' {aka 'unsigned char *'} but argument is of type 'char *'
  467 | void Show_Str(u16 x, u16 y, u16 fc, u16 bc, u8 *str,u8 size,u8 mode)
      |                                             ~~~~^~~
../Midware/Src/GUI.c:566:29: warning: pointer targets in passing argument 5 of 'Show_Str' differ in signedness [-Wpointer-sign]
  566 |  Show_Str(10,92,BLUE,YELLOW,"8X16:~!@#$%^&*()",16,0);
      |                             ^~~~~~~~~~~~~~~~~~
      |                             |
      |                             char *
../Midware/Src/GUI.c:467:49: note: expected 'u8 *' {aka 'unsigned char *'} but argument is of type 'char *'
  467 | void Show_Str(u16 x, u16 y, u16 fc, u16 bc, u8 *str,u8 size,u8 mode)
      |                                             ~~~~^~~
../Midware/Src/GUI.c: In function 'DrawTestPage':
../Midware/Src/GUI.c:577:45: warning: pointer targets in passing argument 5 of 'Gui_StrCenter' differ in signedness [-Wpointer-sign]
  577 | Gui_StrCenter(0,lcddev.height-18,WHITE,BLUE,"thank you!!!",16,1);
      |                                             ^~~~~~~~~~~~~~
      |                                             |
      |                                             char *
../Midware/Src/GUI.c:521:54: note: expected 'u8 *' {aka 'unsigned char *'} but argument is of type 'char *'
  521 | void Gui_StrCenter(u16 x, u16 y, u16 fc, u16 bc, u8 *str,u8 size,u8 mode)
      |                                                  ~~~~^~~
arm-none-eabi-gcc "../Drivers/STM32F3xx_HAL_Driver/Src/stm32f3xx_hal_cortex.c" -mcpu=cortex-m4 -std=gnu11 -g3 -DDEBUG -DUSE_HAL_DRIVER -DSTM32F334x8 -c -I../Core/Inc -I../Drivers/STM32F3xx_HAL_Driver/Inc -I../Drivers/STM32F3xx_HAL_Driver/Inc/Legacy -I../Drivers/CMSIS/Device/ST/STM32F3xx/Include -I../Drivers/CMSIS/Include -I"C:/git_project/stm32F334_HAL_Control/F334Control_nucleo/Basic/Inc" -I"C:/git_project/stm32F334_HAL_Control/F334Control_nucleo/Midware/Inc" -I"C:/git_project/stm32F334_HAL_Control/F334Control_nucleo/Hardware/Inc" -O0 -ffunction-sections -fdata-sections -Wall -fstack-usage -MMD -MP -MF"Drivers/STM32F3xx_HAL_Driver/Src/stm32f3xx_hal_cortex.d" -MT"Drivers/STM32F3xx_HAL_Driver/Src/stm32f3xx_hal_cortex.o" --specs=nano.specs -mfpu=fpv4-sp-d16 -mfloat-abi=hard -mthumb -o "Drivers/STM32F3xx_HAL_Driver/Src/stm32f3xx_hal_cortex.o"
arm-none-eabi-gcc "../Drivers/STM32F3xx_HAL_Driver/Src/stm32f3xx_hal_dma.c" -mcpu=cortex-m4 -std=gnu11 -g3 -DDEBUG -DUSE_HAL_DRIVER -DSTM32F334x8 -c -I../Core/Inc -I../Drivers/STM32F3xx_HAL_Driver/Inc -I../Drivers/STM32F3xx_HAL_Driver/Inc/Legacy -I../Drivers/CMSIS/Device/ST/STM32F3xx/Include -I../Drivers/CMSIS/Include -I"C:/git_project/stm32F334_HAL_Control/F334Control_nucleo/Basic/Inc" -I"C:/git_project/stm32F334_HAL_Control/F334Control_nucleo/Midware/Inc" -I"C:/git_project/stm32F334_HAL_Control/F334Control_nucleo/Hardware/Inc" -O0 -ffunction-sections -fdata-sections -Wall -fstack-usage -MMD -MP -MF"Drivers/STM32F3xx_HAL_Driver/Src/stm32f3xx_hal_dma.d" -MT"Drivers/STM32F3xx_HAL_Driver/Src/stm32f3xx_hal_dma.o" --specs=nano.specs -mfpu=fpv4-sp-d16 -mfloat-abi=hard -mthumb -o "Drivers/STM32F3xx_HAL_Driver/Src/stm32f3xx_hal_dma.o"
arm-none-eabi-gcc "../Drivers/STM32F3xx_HAL_Driver/Src/stm32f3xx_hal_exti.c" -mcpu=cortex-m4 -std=gnu11 -g3 -DDEBUG -DUSE_HAL_DRIVER -DSTM32F334x8 -c -I../Core/Inc -I../Drivers/STM32F3xx_HAL_Driver/Inc -I../Drivers/STM32F3xx_HAL_Driver/Inc/Legacy -I../Drivers/CMSIS/Device/ST/STM32F3xx/Include -I../Drivers/CMSIS/Include -I"C:/git_project/stm32F334_HAL_Control/F334Control_nucleo/Basic/Inc" -I"C:/git_project/stm32F334_HAL_Control/F334Control_nucleo/Midware/Inc" -I"C:/git_project/stm32F334_HAL_Control/F334Control_nucleo/Hardware/Inc" -O0 -ffunction-sections -fdata-sections -Wall -fstack-usage -MMD -MP -MF"Drivers/STM32F3xx_HAL_Driver/Src/stm32f3xx_hal_exti.d" -MT"Drivers/STM32F3xx_HAL_Driver/Src/stm32f3xx_hal_exti.o" --specs=nano.specs -mfpu=fpv4-sp-d16 -mfloat-abi=hard -mthumb -o "Drivers/STM32F3xx_HAL_Driver/Src/stm32f3xx_hal_exti.o"
arm-none-eabi-gcc "../Drivers/STM32F3xx_HAL_Driver/Src/stm32f3xx_hal_flash.c" -mcpu=cortex-m4 -std=gnu11 -g3 -DDEBUG -DUSE_HAL_DRIVER -DSTM32F334x8 -c -I../Core/Inc -I../Drivers/STM32F3xx_HAL_Driver/Inc -I../Drivers/STM32F3xx_HAL_Driver/Inc/Legacy -I../Drivers/CMSIS/Device/ST/STM32F3xx/Include -I../Drivers/CMSIS/Include -I"C:/git_project/stm32F334_HAL_Control/F334Control_nucleo/Basic/Inc" -I"C:/git_project/stm32F334_HAL_Control/F334Control_nucleo/Midware/Inc" -I"C:/git_project/stm32F334_HAL_Control/F334Control_nucleo/Hardware/Inc" -O0 -ffunction-sections -fdata-sections -Wall -fstack-usage -MMD -MP -MF"Drivers/STM32F3xx_HAL_Driver/Src/stm32f3xx_hal_flash.d" -MT"Drivers/STM32F3xx_HAL_Driver/Src/stm32f3xx_hal_flash.o" --specs=nano.specs -mfpu=fpv4-sp-d16 -mfloat-abi=hard -mthumb -o "Drivers/STM32F3xx_HAL_Driver/Src/stm32f3xx_hal_flash.o"
arm-none-eabi-gcc "../Drivers/STM32F3xx_HAL_Driver/Src/stm32f3xx_hal_flash_ex.c" -mcpu=cortex-m4 -std=gnu11 -g3 -DDEBUG -DUSE_HAL_DRIVER -DSTM32F334x8 -c -I../Core/Inc -I../Drivers/STM32F3xx_HAL_Driver/Inc -I../Drivers/STM32F3xx_HAL_Driver/Inc/Legacy -I../Drivers/CMSIS/Device/ST/STM32F3xx/Include -I../Drivers/CMSIS/Include -I"C:/git_project/stm32F334_HAL_Control/F334Control_nucleo/Basic/Inc" -I"C:/git_project/stm32F334_HAL_Control/F334Control_nucleo/Midware/Inc" -I"C:/git_project/stm32F334_HAL_Control/F334Control_nucleo/Hardware/Inc" -O0 -ffunction-sections -fdata-sections -Wall -fstack-usage -MMD -MP -MF"Drivers/STM32F3xx_HAL_Driver/Src/stm32f3xx_hal_flash_ex.d" -MT"Drivers/STM32F3xx_HAL_Driver/Src/stm32f3xx_hal_flash_ex.o" --specs=nano.specs -mfpu=fpv4-sp-d16 -mfloat-abi=hard -mthumb -o "Drivers/STM32F3xx_HAL_Driver/Src/stm32f3xx_hal_flash_ex.o"
[...]
arm-none-eabi-gcc "../Drivers/STM32F3xx_HAL_Driver/Src/stm32f3xx_hal_adc_ex.c" -mcpu=cortex-m4 -std=gnu11 -g3 -DDEBUG -DUSE_HAL_DRIVER -DSTM32F334x8 -c -I../Core/Inc -I../Drivers/STM32F3xx_HAL_Driver/Inc -I../Drivers/STM32F3xx_HAL_Driver/Inc/Legacy -I../Drivers/CMSIS/Device/ST/STM32F3xx/Include -I../Drivers/CMSIS/Include -I"C:/git_project/stm32F334_HAL_Control/F334Control_nucleo/Basic/Inc" -I"C:/git_project/stm32F334_HAL_Control/F334Control_nucleo/Midware/Inc" -I"C:/git_project/stm32F334_HAL_Control/F334Control_nucleo/Hardware/Inc" -O0 -ffunction-sections -fdata-sections -Wall -fstack-usage -MMD -MP -MF"Drivers/STM32F3xx_HAL_Driver/Src/stm32f3xx_hal_adc_ex.d" -MT"Drivers/STM32F3xx_HAL_Driver/Src/stm32f3xx_hal_adc_ex.o" --specs=nano.specs -mfpu=fpv4-sp-d16 -mfloat-abi=hard -mthumb -o "Drivers/STM32F3xx_HAL_Driver/Src/stm32f3xx_hal_adc_ex.o"
arm-none-eabi-gcc "../Drivers/STM32F3xx_HAL_Driver/Src/stm32f3xx_hal_cortex.c" -mcpu=cortex-m4 -std=gnu11 -g3 -DDEBUG -DUSE_HAL_DRIVER -DSTM32F334x8 -c -I../Core/Inc -I../Drivers/STM32F3xx_HAL_Driver/Inc -I../Drivers/STM32F3xx_HAL_Driver/Inc/Legacy -I../Drivers/CMSIS/Device/ST/STM32F3xx/Include -I../Drivers/CMSIS/Include -I"C:/git_project/stm32F334_HAL_Control/F334Control_nucleo/Basic/Inc" -I"C:/git_project/stm32F334_HAL_Control/F334Control_nucleo/Midware/Inc" -I"C:/git_project/stm32F334_HAL_Control/F334Control_nucleo/Hardware/Inc" -O0 -ffunction-sections -fdata-sections -Wall -fstack-usage -MMD -MP -MF"Drivers/STM32F3xx_HAL_Driver/Src/stm32f3xx_hal_cortex.d" -MT"Drivers/STM32F3xx_HAL_Driver/Src/stm32f3xx_hal_cortex.o" --specs=nano.specs -mfpu=fpv4-sp-d16 -mfloat-abi=hard -mthumb -o "Drivers/STM32F3xx_HAL_Driver/Src/stm32f3xx_hal_cortex.o"
arm-none-eabi-gcc "../Drivers/STM32F3xx_HAL_Driver/Src/stm32f3xx_hal_dma.c" -mcpu=cortex-m4 -std=gnu11 -g3 -DDEBUG -DUSE_HAL_DRIVER -DSTM32F334x8 -c -I../Core/Inc -I../Drivers/STM32F3xx_HAL_Driver/Inc -I../Drivers/STM32F3xx_HAL_Driver/Inc/Legacy -I../Drivers/CMSIS/Device/ST/STM32F3xx/Include -I../Drivers/CMSIS/Include -I"C:/git_project/stm32F334_HAL_Control/F334Control_nucleo/Basic/Inc" -I"C:/git_project/stm32F334_HAL_Control/F334Control_nucleo/Midware/Inc" -I"C:/git_project/stm32F334_HAL_Control/F334Control_nucleo/Hardware/Inc" -O0 -ffunction-sections -fdata-sections -Wall -fstack-usage -MMD -MP -MF"Drivers/STM32F3xx_HAL_Driver/Src/stm32f3xx_hal_dma.d" -MT"Drivers/STM32F3xx_HAL_Driver/Src/stm32f3xx_hal_dma.o" --specs=nano.specs -mfpu=fpv4-sp-d16 -mfloat-abi=hard -mthumb -o "Drivers/STM32F3xx_HAL_Driver/Src/stm32f3xx_hal_dma.o"
arm-none-eabi-gcc "../Drivers/STM32F3xx_HAL_Driver/Src/stm32f3xx_hal_exti.c" -mcpu=cortex-m4 -std=gnu11 -g3 -DDEBUG -DUSE_HAL_DRIVER -DSTM32F334x8 -c -I../Core/Inc -I../Drivers/STM32F3xx_HAL_Driver/Inc -I../Drivers/STM32F3xx_HAL_Driver/Inc/Legacy -I../Drivers/CMSIS/Device/ST/STM32F3xx/Include -I../Drivers/CMSIS/Include -I"C:/git_project/stm32F334_HAL_Control/F334Control_nucleo/Basic/Inc" -I"C:/git_project/stm32F334_HAL_Control/F334Control_nucleo/Midware/Inc" -I"C:/git_project/stm32F334_HAL_Control/F334Control_nucleo/Hardware/Inc" -O0 -ffunction-sections -fdata-sections -Wall -fstack-usage -MMD -MP -MF"Drivers/STM32F3xx_HAL_Driver/Src/stm32f3xx_hal_exti.d" -MT"Drivers/STM32F3xx_HAL_Driver/Src/stm32f3xx_hal_exti.o" --specs=nano.specs -mfpu=fpv4-sp-d16 -mfloat-abi=hard -mthumb -o "Drivers/STM32F3xx_HAL_Driver/Src/stm32f3xx_hal_exti.o"
arm-none-eabi-gcc "../Drivers/STM32F3xx_HAL_Driver/Src/stm32f3xx_hal_flash.c" -mcpu=cortex-m4 -std=gnu11 -g3 -DDEBUG -DUSE_HAL_DRIVER -DSTM32F334x8 -c -I../Core/Inc -I../Drivers/STM32F3xx_HAL_Driver/Inc -I../Drivers/STM32F3xx_HAL_Driver/Inc/Legacy -I../Drivers/CMSIS/Device/ST/STM32F3xx/Include -I../Drivers/CMSIS/Include -I"C:/git_project/stm32F334_HAL_Control/F334Control_nucleo/Basic/Inc" -I"C:/git_project/stm32F334_HAL_Control/F334Control_nucleo/Midware/Inc" -I"C:/git_project/stm32F334_HAL_Control/F334Control_nucleo/Hardware/Inc" -O0 -ffunction-sections -fdata-sections -Wall -fstack-usage -MMD -MP -MF"Drivers/STM32F3xx_HAL_Driver/Src/stm32f3xx_hal_flash.d" -MT"Drivers/STM32F3xx_HAL_Driver/Src/stm32f3xx_hal_flash.o" --specs=nano.specs -mfpu=fpv4-sp-d16 -mfloat-abi=hard -mthumb -o "Drivers/STM32F3xx_HAL_Driver/Src/stm32f3xx_hal_flash.o"
arm-none-eabi-gcc "../Drivers/STM32F3xx_HAL_Driver/Src/stm32f3xx_hal_flash_ex.c" -mcpu=cortex-m4 -std=gnu11 -g3 -DDEBUG -DUSE_HAL_DRIVER -DSTM32F334x8 -c -I../Core/Inc -I../Drivers/STM32F3xx_HAL_Driver/Inc -I../Drivers/STM32F3xx_HAL_Driver/Inc/Legacy -I../Drivers/CMSIS/Device/ST/STM32F3xx/Include -I../Drivers/CMSIS/Include -I"C:/git_project/stm32F334_HAL_Control/F334Control_nucleo/Basic/Inc" -I"C:/git_project/stm32F334_HAL_Control/F334Control_nucleo/Midware/Inc" -I"C:/git_project/stm32F334_HAL_Control/F334Control_nucleo/Hardware/Inc" -O0 -ffunction-sections -fdata-sections -Wall -fstack-usage -MMD -MP -MF"Drivers/STM32F3xx_HAL_Driver/Src/stm32f3xx_hal_flash_ex.d" -MT"Drivers/STM32F3xx_HAL_Driver/Src/stm32f3xx_hal_flash_ex.o" --specs=nano.specs -mfpu=fpv4-sp-d16 -mfloat-abi=hard -mthumb -o "Drivers/STM32F3xx_HAL_Driver/Src/stm32f3xx_hal_flash_ex.o"
arm-none-eabi-gcc "../Drivers/STM32F3xx_HAL_Driver/Src/stm32f3xx_hal_gpio.c" -mcpu=cortex-m4 -std=gnu11 -g3 -DDEBUG -DUSE_HAL_DRIVER -DSTM32F334x8 -c -I../Core/Inc -I../Drivers/STM32F3xx_HAL_Driver/Inc -I../Drivers/STM32F3xx_HAL_Driver/Inc/Legacy -I../Drivers/CMSIS/Device/ST/STM32F3xx/Include -I../Drivers/CMSIS/Include -I"C:/git_project/stm32F334_HAL_Control/F334Control_nucleo/Basic/Inc" -I"C:/git_project/stm32F334_HAL_Control/F334Control_nucleo/Midware/Inc" -I"C:/git_project/stm32F334_HAL_Control/F334Control_nucleo/Hardware/Inc" -O0 -ffunction-sections -fdata-sections -Wall -fstack-usage -MMD -MP -MF"Drivers/STM32F3xx_HAL_Driver/Src/stm32f3xx_hal_gpio.d" -MT"Drivers/STM32F3xx_HAL_Driver/Src/stm32f3xx_hal_gpio.o" --specs=nano.specs -mfpu=fpv4-sp-d16 -mfloat-abi=hard -mthumb -o "Drivers/STM32F3xx_HAL_Driver/Src/stm32f3xx_hal_gpio.o"
arm-none-eabi-gcc "../Drivers/STM32F3xx_HAL_Driver/Src/stm32f3xx_hal_i2c.c" -mcpu=cortex-m4 -std=gnu11 -g3 -DDEBUG -DUSE_HAL_DRIVER -DSTM32F334x8 -c -I../Core/Inc -I../Drivers/STM32F3xx_HAL_Driver/Inc -I../Drivers/STM32F3xx_HAL_Driver/Inc/Legacy -I../Drivers/CMSIS/Device/ST/STM32F3xx/Include -I../Drivers/CMSIS/Include -I"C:/git_project/stm32F334_HAL_Control/F334Control_nucleo/Basic/Inc" -I"C:/git_project/stm32F334_HAL_Control/F334Control_nucleo/Midware/Inc" -I"C:/git_project/stm32F334_HAL_Control/F334Control_nucleo/Hardware/Inc" -O0 -ffunction-sections -fdata-sections -Wall -fstack-usage -MMD -MP -MF"Drivers/STM32F3xx_HAL_Driver/Src/stm32f3xx_hal_i2c.d" -MT"Drivers/STM32F3xx_HAL_Driver/Src/stm32f3xx_hal_i2c.o" --specs=nano.specs -mfpu=fpv4-sp-d16 -mfloat-abi=hard -mthumb -o "Drivers/STM32F3xx_HAL_Driver/Src/stm32f3xx_hal_i2c.o"
arm-none-eabi-gcc "../Drivers/STM32F3xx_HAL_Driver/Src/stm32f3xx_hal_i2c_ex.c" -mcpu=cortex-m4 -std=gnu11 -g3 -DDEBUG -DUSE_HAL_DRIVER -DSTM32F334x8 -c -I../Core/Inc -I../Drivers/STM32F3xx_HAL_Driver/Inc -I../Drivers/STM32F3xx_HAL_Driver/Inc/Legacy -I../Drivers/CMSIS/Device/ST/STM32F3xx/Include -I../Drivers/CMSIS/Include -I"C:/git_project/stm32F334_HAL_Control/F334Control_nucleo/Basic/Inc" -I"C:/git_project/stm32F334_HAL_Control/F334Control_nucleo/Midware/Inc" -I"C:/git_project/stm32F334_HAL_Control/F334Control_nucleo/Hardware/Inc" -O0 -ffunction-sections -fdata-sections -Wall -fstack-usage -MMD -MP -MF"Drivers/STM32F3xx_HAL_Driver/Src/stm32f3xx_hal_i2c_ex.d" -MT"Drivers/STM32F3xx_HAL_Driver/Src/stm32f3xx_hal_i2c_ex.o" --specs=nano.specs -mfpu=fpv4-sp-d16 -mfloat-abi=hard -mthumb -o "Drivers/STM32F3xx_HAL_Driver/Src/stm32f3xx_hal_i2c_ex.o"
arm-none-eabi-gcc "../Drivers/STM32F3xx_HAL_Driver/Src/stm32f3xx_hal_pwr.c" -mcpu=cortex-m4 -std=gnu11 -g3 -DDEBUG -DUSE_HAL_DRIVER -DSTM32F334x8 -c -I../Core/Inc -I../Drivers/STM32F3xx_HAL_Driver/Inc -I../Drivers/STM32F3xx_HAL_Driver/Inc/Legacy -I../Drivers/CMSIS/Device/ST/STM32F3xx/Include -I../Drivers/CMSIS/Include -I"C:/git_project/stm32F334_HAL_Control/F334Control_nucleo/Basic/Inc" -I"C:/git_project/stm32F334_HAL_Control/F334Control_nucleo/Midware/Inc" -I"C:/git_project/stm32F334_HAL_Control/F334Control_nucleo/Hardware/Inc" -O0 -ffunction-sections -fdata-sections -Wall -fstack-usage -MMD -MP -MF"Drivers/STM32F3xx_HAL_Driver/Src/stm32f3xx_hal_pwr.d" -MT"Drivers/STM32F3xx_HAL_Driver/Src/stm32f3xx_hal_pwr.o" --specs=nano.specs -mfpu=fpv4-sp-d16 -mfloat-abi=hard -mthumb -o "Drivers/STM32F3xx_HAL_Driver/Src/stm32f3xx_hal_pwr.o"
arm-none-eabi-gcc "../Drivers/STM32F3xx_HAL_Driver/Src/stm32f3xx_hal_pwr_ex.c" -mcpu=cortex-m4 -std=gnu11 -g3 -DDEBUG -DUSE_HAL_DRIVER -DSTM32F334x8 -c -I../Core/Inc -I../Drivers/STM32F3xx_HAL_Driver/Inc -I../Drivers/STM32F3xx_HAL_Driver/Inc/Legacy -I../Drivers/CMSIS/Device/ST/STM32F3xx/Include -I../Drivers/CMSIS/Include -I"C:/git_project/stm32F334_HAL_Control/F334Control_nucleo/Basic/Inc" -I"C:/git_project/stm32F334_HAL_Control/F334Control_nucleo/Midware/Inc" -I"C:/git_project/stm32F334_HAL_Control/F334Control_nucleo/Hardware/Inc" -O0 -ffunction-sections -fdata-sections -Wall -fstack-usage -MMD -MP -MF"Drivers/STM32F3xx_HAL_Driver/Src/stm32f3xx_hal_pwr_ex.d" -MT"Drivers/STM32F3xx_HAL_Driver/Src/stm32f3xx_hal_pwr_ex.o" --specs=nano.specs -mfpu=fpv4-sp-d16 -mfloat-abi=hard -mthumb -o "Drivers/STM32F3xx_HAL_Driver/Src/stm32f3xx_hal_pwr_ex.o"
arm-none-eabi-gcc "../Drivers/STM32F3xx_HAL_Driver/Src/stm32f3xx_hal_rcc.c" -mcpu=cortex-m4 -std=gnu11 -g3 -DDEBUG -DUSE_HAL_DRIVER -DSTM32F334x8 -c -I../Core/Inc -I../Drivers/STM32F3xx_HAL_Driver/Inc -I../Drivers/STM32F3xx_HAL_Driver/Inc/Legacy -I../Drivers/CMSIS/Device/ST/STM32F3xx/Include -I../Drivers/CMSIS/Include -I"C:/git_project/stm32F334_HAL_Control/F334Control_nucleo/Basic/Inc" -I"C:/git_project/stm32F334_HAL_Control/F334Control_nucleo/Midware/Inc" -I"C:/git_project/stm32F334_HAL_Control/F334Control_nucleo/Hardware/Inc" -O0 -ffunction-sections -fdata-sections -Wall -fstack-usage -MMD -MP -MF"Drivers/STM32F3xx_HAL_Driver/Src/stm32f3xx_hal_rcc.d" -MT"Drivers/STM32F3xx_HAL_Driver/Src/stm32f3xx_hal_rcc.o" --specs=nano.specs -mfpu=fpv4-sp-d16 -mfloat-abi=hard -mthumb -o "Drivers/STM32F3xx_HAL_Driver/Src/stm32f3xx_hal_rcc.o"
arm-none-eabi-gcc "../Drivers/STM32F3xx_HAL_Driver/Src/stm32f3xx_hal_rcc_ex.c" -mcpu=cortex-m4 -std=gnu11 -g3 -DDEBUG -DUSE_HAL_DRIVER -DSTM32F334x8 -c -I../Core/Inc -I../Drivers/STM32F3xx_HAL_Driver/Inc -I../Drivers/STM32F3xx_HAL_Driver/Inc/Legacy -I../Drivers/CMSIS/Device/ST/STM32F3xx/Include -I../Drivers/CMSIS/Include -I"C:/git_project/stm32F334_HAL_Control/F334Control_nucleo/Basic/Inc" -I"C:/git_project/stm32F334_HAL_Control/F334Control_nucleo/Midware/Inc" -I"C:/git_project/stm32F334_HAL_Control/F334Control_nucleo/Hardware/Inc" -O0 -ffunction-sections -fdata-sections -Wall -fstack-usage -MMD -MP -MF"Drivers/STM32F3xx_HAL_Driver/Src/stm32f3xx_hal_rcc_ex.d" -MT"Drivers/STM32F3xx_HAL_Driver/Src/stm32f3xx_hal_rcc_ex.o" --specs=nano.specs -mfpu=fpv4-sp-d16 -mfloat-abi=hard -mthumb -o "Drivers/STM32F3xx_HAL_Driver/Src/stm32f3xx_hal_rcc_ex.o"
arm-none-eabi-gcc "../Drivers/STM32F3xx_HAL_Driver/Src/stm32f3xx_hal_spi.c" -mcpu=cortex-m4 -std=gnu11 -g3 -DDEBUG -DUSE_HAL_DRIVER -DSTM32F334x8 -c -I../Core/Inc -I../Drivers/STM32F3xx_HAL_Driver/Inc -I../Drivers/STM32F3xx_HAL_Driver/Inc/Legacy -I../Drivers/CMSIS/Device/ST/STM32F3xx/Include -I../Drivers/CMSIS/Include -I"C:/git_project/stm32F334_HAL_Control/F334Control_nucleo/Basic/Inc" -I"C:/git_project/stm32F334_HAL_Control/F334Control_nucleo/Midware/Inc" -I"C:/git_project/stm32F334_HAL_Control/F334Control_nucleo/Hardware/Inc" -O0 -ffunction-sections -fdata-sections -Wall -fstack-usage -MMD -MP -MF"Drivers/STM32F3xx_HAL_Driver/Src/stm32f3xx_hal_spi.d" -MT"Drivers/STM32F3xx_HAL_Driver/Src/stm32f3xx_hal_spi.o" --specs=nano.specs -mfpu=fpv4-sp-d16 -mfloat-abi=hard -mthumb -o "Drivers/STM32F3xx_HAL_Driver/Src/stm32f3xx_hal_spi.o"
arm-none-eabi-gcc "../Drivers/STM32F3xx_HAL_Driver/Src/stm32f3xx_hal_spi_ex.c" -mcpu=cortex-m4 -std=gnu11 -g3 -DDEBUG -DUSE_HAL_DRIVER -DSTM32F334x8 -c -I../Core/Inc -I../Drivers/STM32F3xx_HAL_Driver/Inc -I../Drivers/STM32F3xx_HAL_Driver/Inc/Legacy -I../Drivers/CMSIS/Device/ST/STM32F3xx/Include -I../Drivers/CMSIS/Include -I"C:/git_project/stm32F334_HAL_Control/F334Control_nucleo/Basic/Inc" -I"C:/git_project/stm32F334_HAL_Control/F334Control_nucleo/Midware/Inc" -I"C:/git_project/stm32F334_HAL_Control/F334Control_nucleo/Hardware/Inc" -O0 -ffunction-sections -fdata-sections -Wall -fstack-usage -MMD -MP -MF"Drivers/STM32F3xx_HAL_Driver/Src/stm32f3xx_hal_spi_ex.d" -MT"Drivers/STM32F3xx_HAL_Driver/Src/stm32f3xx_hal_spi_ex.o" --specs=nano.specs -mfpu=fpv4-sp-d16 -mfloat-abi=hard -mthumb -o "Drivers/STM32F3xx_HAL_Driver/Src/stm32f3xx_hal_spi_ex.o"
arm-none-eabi-gcc "../Drivers/STM32F3xx_HAL_Driver/Src/stm32f3xx_hal_tim.c" -mcpu=cortex-m4 -std=gnu11 -g3 -DDEBUG -DUSE_HAL_DRIVER -DSTM32F334x8 -c -I../Core/Inc -I../Drivers/STM32F3xx_HAL_Driver/Inc -I../Drivers/STM32F3xx_HAL_Driver/Inc/Legacy -I../Drivers/CMSIS/Device/ST/STM32F3xx/Include -I../Drivers/CMSIS/Include -I"C:/git_project/stm32F334_HAL_Control/F334Control_nucleo/Basic/Inc" -I"C:/git_project/stm32F334_HAL_Control/F334Control_nucleo/Midware/Inc" -I"C:/git_project/stm32F334_HAL_Control/F334Control_nucleo/Hardware/Inc" -O0 -ffunction-sections -fdata-sections -Wall -fstack-usage -MMD -MP -MF"Drivers/STM32F3xx_HAL_Driver/Src/stm32f3xx_hal_tim.d" -MT"Drivers/STM32F3xx_HAL_Driver/Src/stm32f3xx_hal_tim.o" --specs=nano.specs -mfpu=fpv4-sp-d16 -mfloat-abi=hard -mthumb -o "Drivers/STM32F3xx_HAL_Driver/Src/stm32f3xx_hal_tim.o"
arm-none-eabi-gcc "../Drivers/STM32F3xx_HAL_Driver/Src/stm32f3xx_hal_tim_ex.c" -mcpu=cortex-m4 -std=gnu11 -g3 -DDEBUG -DUSE_HAL_DRIVER -DSTM32F334x8 -c -I../Core/Inc -I../Drivers/STM32F3xx_HAL_Driver/Inc -I../Drivers/STM32F3xx_HAL_Driver/Inc/Legacy -I../Drivers/CMSIS/Device/ST/STM32F3xx/Include -I../Drivers/CMSIS/Include -I"C:/git_project/stm32F334_HAL_Control/F334Control_nucleo/Basic/Inc" -I"C:/git_project/stm32F334_HAL_Control/F334Control_nucleo/Midware/Inc" -I"C:/git_project/stm32F334_HAL_Control/F334Control_nucleo/Hardware/Inc" -O0 -ffunction-sections -fdata-sections -Wall -fstack-usage -MMD -MP -MF"Drivers/STM32F3xx_HAL_Driver/Src/stm32f3xx_hal_tim_ex.d" -MT"Drivers/STM32F3xx_HAL_Driver/Src/stm32f3xx_hal_tim_ex.o" --specs=nano.specs -mfpu=fpv4-sp-d16 -mfloat-abi=hard -mthumb -o "Drivers/STM32F3xx_HAL_Driver/Src/stm32f3xx_hal_tim_ex.o"
arm-none-eabi-gcc "../Drivers/STM32F3xx_HAL_Driver/Src/stm32f3xx_hal_uart.c" -mcpu=cortex-m4 -std=gnu11 -g3 -DDEBUG -DUSE_HAL_DRIVER -DSTM32F334x8 -c -I../Core/Inc -I../Drivers/STM32F3xx_HAL_Driver/Inc -I../Drivers/STM32F3xx_HAL_Driver/Inc/Legacy -I../Drivers/CMSIS/Device/ST/STM32F3xx/Include -I../Drivers/CMSIS/Include -I"C:/git_project/stm32F334_HAL_Control/F334Control_nucleo/Basic/Inc" -I"C:/git_project/stm32F334_HAL_Control/F334Control_nucleo/Midware/Inc" -I"C:/git_project/stm32F334_HAL_Control/F334Control_nucleo/Hardware/Inc" -O0 -ffunction-sections -fdata-sections -Wall -fstack-usage -MMD -MP -MF"Drivers/STM32F3xx_HAL_Driver/Src/stm32f3xx_hal_uart.d" -MT"Drivers/STM32F3xx_HAL_Driver/Src/stm32f3xx_hal_uart.o" --specs=nano.specs -mfpu=fpv4-sp-d16 -mfloat-abi=hard -mthumb -o "Drivers/STM32F3xx_HAL_Driver/Src/stm32f3xx_hal_uart.o"
arm-none-eabi-gcc "../Drivers/STM32F3xx_HAL_Driver/Src/stm32f3xx_hal_uart_ex.c" -mcpu=cortex-m4 -std=gnu11 -g3 -DDEBUG -DUSE_HAL_DRIVER -DSTM32F334x8 -c -I../Core/Inc -I../Drivers/STM32F3xx_HAL_Driver/Inc -I../Drivers/STM32F3xx_HAL_Driver/Inc/Legacy -I../Drivers/CMSIS/Device/ST/STM32F3xx/Include -I../Drivers/CMSIS/Include -I"C:/git_project/stm32F334_HAL_Control/F334Control_nucleo/Basic/Inc" -I"C:/git_project/stm32F334_HAL_Control/F334Control_nucleo/Midware/Inc" -I"C:/git_project/stm32F334_HAL_Control/F334Control_nucleo/Hardware/Inc" -O0 -ffunction-sections -fdata-sections -Wall -fstack-usage -MMD -MP -MF"Drivers/STM32F3xx_HAL_Driver/Src/stm32f3xx_hal_uart_ex.d" -MT"Drivers/STM32F3xx_HAL_Driver/Src/stm32f3xx_hal_uart_ex.o" --specs=nano.specs -mfpu=fpv4-sp-d16 -mfloat-abi=hard -mthumb -o "Drivers/STM32F3xx_HAL_Driver/Src/stm32f3xx_hal_uart_ex.o"
arm-none-eabi-gcc "../Core/Src/main.c" -mcpu=cortex-m4 -std=gnu11 -g3 -DDEBUG -DUSE_HAL_DRIVER -DSTM32F334x8 -c -I../Core/Inc -I../Drivers/STM32F3xx_HAL_Driver/Inc -I../Drivers/STM32F3xx_HAL_Driver/Inc/Legacy -I../Drivers/CMSIS/Device/ST/STM32F3xx/Include -I../Drivers/CMSIS/Include -I"C:/git_project/stm32F334_HAL_Control/F334Control_nucleo/Basic/Inc" -I"C:/git_project/stm32F334_HAL_Control/F334Control_nucleo/Midware/Inc" -I"C:/git_project/stm32F334_HAL_Control/F334Control_nucleo/Hardware/Inc" -O0 -ffunction-sections -fdata-sections -Wall -fstack-usage -MMD -MP -MF"Core/Src/main.d" -MT"Core/Src/main.o" --specs=nano.specs -mfpu=fpv4-sp-d16 -mfloat-abi=hard -mthumb -o "Core/Src/main.o"
arm-none-eabi-gcc "../Core/Src/stm32f3xx_hal_msp.c" -mcpu=cortex-m4 -std=gnu11 -g3 -DDEBUG -DUSE_HAL_DRIVER -DSTM32F334x8 -c -I../Core/Inc -I../Drivers/STM32F3xx_HAL_Driver/Inc -I../Drivers/STM32F3xx_HAL_Driver/Inc/Legacy -I../Drivers/CMSIS/Device/ST/STM32F3xx/Include -I../Drivers/CMSIS/Include -I"C:/git_project/stm32F334_HAL_Control/F334Control_nucleo/Basic/Inc" -I"C:/git_project/stm32F334_HAL_Control/F334Control_nucleo/Midware/Inc" -I"C:/git_project/stm32F334_HAL_Control/F334Control_nucleo/Hardware/Inc" -O0 -ffunction-sections -fdata-sections -Wall -fstack-usage -MMD -MP -MF"Core/Src/stm32f3xx_hal_msp.d" -MT"Core/Src/stm32f3xx_hal_msp.o" --specs=nano.specs -mfpu=fpv4-sp-d16 -mfloat-abi=hard -mthumb -o "Core/Src/stm32f3xx_hal_msp.o"
arm-none-eabi-gcc "../Core/Src/stm32f3xx_it.c" -mcpu=cortex-m4 -std=gnu11 -g3 -DDEBUG -DUSE_HAL_DRIVER -DSTM32F334x8 -c -I../Core/Inc -I../Drivers/STM32F3xx_HAL_Driver/Inc -I../Drivers/STM32F3xx_HAL_Driver/Inc/Legacy -I../Drivers/CMSIS/Device/ST/STM32F3xx/Include -I../Drivers/CMSIS/Include -I"C:/git_project/stm32F334_HAL_Control/F334Control_nucleo/Basic/Inc" -I"C:/git_project/stm32F334_HAL_Control/F334Control_nucleo/Midware/Inc" -I"C:/git_project/stm32F334_HAL_Control/F334Control_nucleo/Hardware/Inc" -O0 -ffunction-sections -fdata-sections -Wall -fstack-usage -MMD -MP -MF"Core/Src/stm32f3xx_it.d" -MT"Core/Src/stm32f3xx_it.o" --specs=nano.specs -mfpu=fpv4-sp-d16 -mfloat-abi=hard -mthumb -o "Core/Src/stm32f3xx_it.o"
../Core/Src/main.c:94:10: warning: built-in function 'sin' declared as non-function [-Wbuiltin-declaration-mismatch]
   94 | uint16_t sin[] = {
      |          ^~~
../Core/Src/main.c: In function 'main':
../Core/Src/main.c:159:5: error: 'AD_Value' undeclared (first use in this function)
  159 |     AD_Value = HAL_ADC_GetValue(&hadc1);//读取ADC转换数据，数据为12�?
      |     ^~~~~~~~
../Core/Src/main.c:159:5: note: each undeclared identifier is reported only once for each function it appears in
arm-none-eabi-gcc "../Core/Src/system_stm32f3xx.c" -mcpu=cortex-m4 -std=gnu11 -g3 -DDEBUG -DUSE_HAL_DRIVER -DSTM32F334x8 -c -I../Core/Inc -I../Drivers/STM32F3xx_HAL_Driver/Inc -I../Drivers/STM32F3xx_HAL_Driver/Inc/Legacy -I../Drivers/CMSIS/Device/ST/STM32F3xx/Include -I../Drivers/CMSIS/Include -I"C:/git_project/stm32F334_HAL_Control/F334Control_nucleo/Basic/Inc" -I"C:/git_project/stm32F334_HAL_Control/F334Control_nucleo/Midware/Inc" -I"C:/git_project/stm32F334_HAL_Control/F334Control_nucleo/Hardware/Inc" -O0 -ffunction-sections -fdata-sections -Wall -fstack-usage -MMD -MP -MF"Core/Src/system_stm32f3xx.d" -MT"Core/Src/system_stm32f3xx.o" --specs=nano.specs -mfpu=fpv4-sp-d16 -mfloat-abi=hard -mthumb -o "Core/Src/system_stm32f3xx.o"
../Core/Src/main.c: In function 'HAL_TIM_PeriodElapsedCallback':
../Core/Src/main.c:490:3: warning: implicit declaration of function '_HAL_TIM_SET_COMPARE' [-Wimplicit-function-declaration]
  490 |   _HAL_TIM_SET_COMPARE(&htim1, TIM_CHANNEL_1, sin[i]); //由向量表修改占空�??
      |   ^~~~~~~~~~~~~~~~~~~~
make: *** [Core/Src/subdir.mk:34: Core/Src/main.o] Error 1
make: *** Waiting for unfinished jobs....
"make -j4 all" terminated with exit code 2. Build might be incomplete.
